Component: ARM Compiler 5.06 update 6 (build 750) Tool: armlink [4d35ed]

==============================================================================

Section Cross References

    main.o(i.main) refers to main.o(.data) for ulCnt
    system_at32f4xx.o(i.SetSysClock) refers to system_at32f4xx.o(i.SetSysClockTo150MHSI) for SetSysClockTo150MHSI
    system_at32f4xx.o(i.SetSysClockTo150MHSI) refers to at32f4xx_rcc.o(i.RCC_PLLconfig2) for RCC_PLLconfig2
    system_at32f4xx.o(i.SetSysClockTo150MHSI) refers to at32f4xx_rcc.o(i.RCC_StepModeCmd) for RCC_StepModeCmd
    system_at32f4xx.o(i.SystemCoreClockUpdate) refers to system_at32f4xx.o(.data) for SystemCoreClock
    system_at32f4xx.o(i.SystemInit) refers to at32f4xx_rcc.o(i.RCC_APB1PeriphClockCmd) for RCC_APB1PeriphClockCmd
    system_at32f4xx.o(i.SystemInit) refers to system_at32f4xx.o(i.SetSysClock) for SetSysClock
    startup_at32f415cct7.o(RESET) refers to startup_at32f415cct7.o(STACK) for __initial_sp
    startup_at32f415cct7.o(RESET) refers to startup_at32f415cct7.o(.text) for Reset_Handler
    startup_at32f415cct7.o(RESET) refers to at32f4xx_it.o(i.NMI_Handler) for NMI_Handler
    startup_at32f415cct7.o(RESET) refers to at32f4xx_it.o(i.HardFault_Handler) for HardFault_Handler
    startup_at32f415cct7.o(RESET) refers to at32f4xx_it.o(i.MemManage_Handler) for MemManage_Handler
    startup_at32f415cct7.o(RESET) refers to at32f4xx_it.o(i.BusFault_Handler) for BusFault_Handler
    startup_at32f415cct7.o(RESET) refers to at32f4xx_it.o(i.UsageFault_Handler) for UsageFault_Handler
    startup_at32f415cct7.o(RESET) refers to at32f4xx_it.o(i.DebugMon_Handler) for DebugMon_Handler
    startup_at32f415cct7.o(.text) refers to system_at32f4xx.o(i.SystemInit) for SystemInit
    startup_at32f415cct7.o(.text) refers to entry.o(.ARM.Collect$$$$00000000) for __main
    at32f4xx_adc.o(i.ADC_Reset) refers to at32f4xx_rcc.o(i.RCC_APB2PeriphResetCmd) for RCC_APB2PeriphResetCmd
    at32f4xx_can.o(i.CAN_GetINTStatus) refers to at32f4xx_can.o(i.CheckINTStatus) for CheckINTStatus
    at32f4xx_can.o(i.CAN_Reset) refers to at32f4xx_rcc.o(i.RCC_APB1PeriphResetCmd) for RCC_APB1PeriphResetCmd
    at32f4xx_ertc.o(i.ERTC_CoarseCalCmd) refers to at32f4xx_ertc.o(i.ERTC_EnterInitMode) for ERTC_EnterInitMode
    at32f4xx_ertc.o(i.ERTC_CoarseCalCmd) refers to at32f4xx_ertc.o(i.ERTC_ExitInitMode) for ERTC_ExitInitMode
    at32f4xx_ertc.o(i.ERTC_CoarseCalConfig) refers to at32f4xx_ertc.o(i.ERTC_EnterInitMode) for ERTC_EnterInitMode
    at32f4xx_ertc.o(i.ERTC_CoarseCalConfig) refers to at32f4xx_ertc.o(i.ERTC_ExitInitMode) for ERTC_ExitInitMode
    at32f4xx_ertc.o(i.ERTC_GetAlarmValue) refers to at32f4xx_ertc.o(i.ERTC_Bcd2ToByte) for ERTC_Bcd2ToByte
    at32f4xx_ertc.o(i.ERTC_GetDateValue) refers to at32f4xx_ertc.o(i.ERTC_Bcd2ToByte) for ERTC_Bcd2ToByte
    at32f4xx_ertc.o(i.ERTC_GetTimeStamp) refers to at32f4xx_ertc.o(i.ERTC_Bcd2ToByte) for ERTC_Bcd2ToByte
    at32f4xx_ertc.o(i.ERTC_GetTimeValue) refers to at32f4xx_ertc.o(i.ERTC_Bcd2ToByte) for ERTC_Bcd2ToByte
    at32f4xx_ertc.o(i.ERTC_Init) refers to at32f4xx_ertc.o(i.ERTC_EnterInitMode) for ERTC_EnterInitMode
    at32f4xx_ertc.o(i.ERTC_Init) refers to at32f4xx_ertc.o(i.ERTC_ExitInitMode) for ERTC_ExitInitMode
    at32f4xx_ertc.o(i.ERTC_RefClockCmd) refers to at32f4xx_ertc.o(i.ERTC_EnterInitMode) for ERTC_EnterInitMode
    at32f4xx_ertc.o(i.ERTC_RefClockCmd) refers to at32f4xx_ertc.o(i.ERTC_ExitInitMode) for ERTC_ExitInitMode
    at32f4xx_ertc.o(i.ERTC_Reset) refers to at32f4xx_ertc.o(i.ERTC_EnterInitMode) for ERTC_EnterInitMode
    at32f4xx_ertc.o(i.ERTC_Reset) refers to at32f4xx_ertc.o(i.ERTC_WaitForSynchro) for ERTC_WaitForSynchro
    at32f4xx_ertc.o(i.ERTC_SetAlarmValue) refers to at32f4xx_ertc.o(i.ERTC_Bcd2ToByte) for ERTC_Bcd2ToByte
    at32f4xx_ertc.o(i.ERTC_SetAlarmValue) refers to at32f4xx_ertc.o(i.ERTC_ByteToBcd2) for ERTC_ByteToBcd2
    at32f4xx_ertc.o(i.ERTC_SetDateValue) refers to at32f4xx_ertc.o(i.ERTC_Bcd2ToByte) for ERTC_Bcd2ToByte
    at32f4xx_ertc.o(i.ERTC_SetDateValue) refers to at32f4xx_ertc.o(i.ERTC_ByteToBcd2) for ERTC_ByteToBcd2
    at32f4xx_ertc.o(i.ERTC_SetDateValue) refers to at32f4xx_ertc.o(i.ERTC_EnterInitMode) for ERTC_EnterInitMode
    at32f4xx_ertc.o(i.ERTC_SetDateValue) refers to at32f4xx_ertc.o(i.ERTC_ExitInitMode) for ERTC_ExitInitMode
    at32f4xx_ertc.o(i.ERTC_SetDateValue) refers to at32f4xx_ertc.o(i.ERTC_WaitForSynchro) for ERTC_WaitForSynchro
    at32f4xx_ertc.o(i.ERTC_SetTimeValue) refers to at32f4xx_ertc.o(i.ERTC_Bcd2ToByte) for ERTC_Bcd2ToByte
    at32f4xx_ertc.o(i.ERTC_SetTimeValue) refers to at32f4xx_ertc.o(i.ERTC_ByteToBcd2) for ERTC_ByteToBcd2
    at32f4xx_ertc.o(i.ERTC_SetTimeValue) refers to at32f4xx_ertc.o(i.ERTC_EnterInitMode) for ERTC_EnterInitMode
    at32f4xx_ertc.o(i.ERTC_SetTimeValue) refers to at32f4xx_ertc.o(i.ERTC_ExitInitMode) for ERTC_ExitInitMode
    at32f4xx_ertc.o(i.ERTC_SetTimeValue) refers to at32f4xx_ertc.o(i.ERTC_WaitForSynchro) for ERTC_WaitForSynchro
    at32f4xx_ertc.o(i.ERTC_SynchroShiftConfig) refers to at32f4xx_ertc.o(i.ERTC_WaitForSynchro) for ERTC_WaitForSynchro
    at32f4xx_flash.o(i.FLASH_EnableWriteProtect) refers to at32f4xx_flash.o(i.FLASH_WaitForProcess) for FLASH_WaitForProcess
    at32f4xx_flash.o(i.FLASH_EraseAllPages) refers to at32f4xx_flash.o(i.FLASH_WaitForProcess) for FLASH_WaitForProcess
    at32f4xx_flash.o(i.FLASH_EraseBank1AllPages) refers to at32f4xx_flash.o(i.FLASH_WaitForBank1Process) for FLASH_WaitForBank1Process
    at32f4xx_flash.o(i.FLASH_ErasePage) refers to at32f4xx_flash.o(i.FLASH_WaitForProcess) for FLASH_WaitForProcess
    at32f4xx_flash.o(i.FLASH_ErasePage) refers to at32f4xx_flash.o(i.FLASH_WaitForBank1Process) for FLASH_WaitForBank1Process
    at32f4xx_flash.o(i.FLASH_EraseUserOptionBytes) refers to at32f4xx_flash.o(i.FLASH_GetReadProtectStatus) for FLASH_GetReadProtectStatus
    at32f4xx_flash.o(i.FLASH_EraseUserOptionBytes) refers to at32f4xx_flash.o(i.FLASH_WaitForProcess) for FLASH_WaitForProcess
    at32f4xx_flash.o(i.FLASH_OptionByteProtectDisable) refers to at32f4xx_flash.o(i.FLASH_GetOptionByteProtectStatus) for FLASH_GetOptionByteProtectStatus
    at32f4xx_flash.o(i.FLASH_OptionByteProtectDisable) refers to at32f4xx_flash.o(i.FLASH_WaitForProcess) for FLASH_WaitForProcess
    at32f4xx_flash.o(i.FLASH_ProgramByte) refers to at32f4xx_flash.o(i.FLASH_WaitForProcess) for FLASH_WaitForProcess
    at32f4xx_flash.o(i.FLASH_ProgramByte) refers to at32f4xx_flash.o(i.FLASH_WaitForBank1Process) for FLASH_WaitForBank1Process
    at32f4xx_flash.o(i.FLASH_ProgramHalfWord) refers to at32f4xx_flash.o(i.FLASH_WaitForProcess) for FLASH_WaitForProcess
    at32f4xx_flash.o(i.FLASH_ProgramHalfWord) refers to at32f4xx_flash.o(i.FLASH_WaitForBank1Process) for FLASH_WaitForBank1Process
    at32f4xx_flash.o(i.FLASH_ProgramUserOptionByteData) refers to at32f4xx_flash.o(i.FLASH_WaitForProcess) for FLASH_WaitForProcess
    at32f4xx_flash.o(i.FLASH_ProgramWord) refers to at32f4xx_flash.o(i.FLASH_WaitForProcess) for FLASH_WaitForProcess
    at32f4xx_flash.o(i.FLASH_ProgramWord) refers to at32f4xx_flash.o(i.FLASH_WaitForBank1Process) for FLASH_WaitForBank1Process
    at32f4xx_flash.o(i.FLASH_RDPandOptionByteProtectEnable) refers to at32f4xx_flash.o(i.FLASH_WaitForProcess) for FLASH_WaitForProcess
    at32f4xx_flash.o(i.FLASH_ReadProtectConfig) refers to at32f4xx_flash.o(i.FLASH_WaitForProcess) for FLASH_WaitForProcess
    at32f4xx_flash.o(i.FLASH_SYS_AP) refers to at32f4xx_flash.o(i.FLASH_WaitForProcess) for FLASH_WaitForProcess
    at32f4xx_flash.o(i.FLASH_SlibDisable) refers to at32f4xx_flash.o(i.FLASH_WaitForProcess) for FLASH_WaitForProcess
    at32f4xx_flash.o(i.FLASH_SlibMainEnable) refers to at32f4xx_flash.o(i.FLASH_WaitForProcess) for FLASH_WaitForProcess
    at32f4xx_flash.o(i.FLASH_SlibSysEnable) refers to at32f4xx_flash.o(i.FLASH_WaitForProcess) for FLASH_WaitForProcess
    at32f4xx_flash.o(i.FLASH_UserOptionByteConfig) refers to at32f4xx_flash.o(i.FLASH_WaitForProcess) for FLASH_WaitForProcess
    at32f4xx_flash.o(i.FLASH_WaitForBank1Process) refers to at32f4xx_flash.o(i.FLASH_GetBank1Status) for FLASH_GetBank1Status
    at32f4xx_flash.o(i.FLASH_WaitForProcess) refers to at32f4xx_flash.o(i.FLASH_GetBank1Status) for FLASH_GetBank1Status
    at32f4xx_gpio.o(i.GPIO_AFIOReset) refers to at32f4xx_rcc.o(i.RCC_APB2PeriphResetCmd) for RCC_APB2PeriphResetCmd
    at32f4xx_gpio.o(i.GPIO_Reset) refers to at32f4xx_rcc.o(i.RCC_APB2PeriphResetCmd) for RCC_APB2PeriphResetCmd
    at32f4xx_i2c.o(i.I2C_DeInit) refers to at32f4xx_rcc.o(i.RCC_APB1PeriphResetCmd) for RCC_APB1PeriphResetCmd
    at32f4xx_i2c.o(i.I2C_Init) refers to at32f4xx_rcc.o(i.RCC_GetClocksFreq) for RCC_GetClocksFreq
    at32f4xx_pwr.o(i.PWR_Reset) refers to at32f4xx_rcc.o(i.RCC_APB1PeriphResetCmd) for RCC_APB1PeriphResetCmd
    at32f4xx_rcc.o(i.RCC_GetClocksFreq) refers to at32f4xx_rcc.o(.constdata) for APBAHBPscTable
    at32f4xx_rcc.o(i.RCC_WaitForHSEStable) refers to at32f4xx_rcc.o(i.RCC_GetFlagStatus) for RCC_GetFlagStatus
    at32f4xx_rcc.o(i.RCC_WaitForHSEStable) refers to at32f4xx_rcc.o(i.RCC_HSEENDelay) for RCC_HSEENDelay
    at32f4xx_spi.o(i.I2S_Init) refers to at32f4xx_rcc.o(i.RCC_GetClocksFreq) for RCC_GetClocksFreq
    at32f4xx_spi.o(i.SPI_I2S_Reset) refers to at32f4xx_rcc.o(i.RCC_APB2PeriphResetCmd) for RCC_APB2PeriphResetCmd
    at32f4xx_spi.o(i.SPI_I2S_Reset) refers to at32f4xx_rcc.o(i.RCC_APB1PeriphResetCmd) for RCC_APB1PeriphResetCmd
    at32f4xx_tim.o(i.TMR_ETRClockMode1Config) refers to at32f4xx_tim.o(i.TMR_ETRConfig) for TMR_ETRConfig
    at32f4xx_tim.o(i.TMR_ETRClockMode2Config) refers to at32f4xx_tim.o(i.TMR_ETRConfig) for TMR_ETRConfig
    at32f4xx_tim.o(i.TMR_ICInit) refers to at32f4xx_tim.o(i.TI1_Config) for TI1_Config
    at32f4xx_tim.o(i.TMR_ICInit) refers to at32f4xx_tim.o(i.TMR_SetIC1DIV) for TMR_SetIC1DIV
    at32f4xx_tim.o(i.TMR_ICInit) refers to at32f4xx_tim.o(i.TI2_Config) for TI2_Config
    at32f4xx_tim.o(i.TMR_ICInit) refers to at32f4xx_tim.o(i.TMR_SetIC2DIV) for TMR_SetIC2DIV
    at32f4xx_tim.o(i.TMR_ICInit) refers to at32f4xx_tim.o(i.TI3_Config) for TI3_Config
    at32f4xx_tim.o(i.TMR_ICInit) refers to at32f4xx_tim.o(i.TMR_SetIC3DIV) for TMR_SetIC3DIV
    at32f4xx_tim.o(i.TMR_ICInit) refers to at32f4xx_tim.o(i.TI4_Config) for TI4_Config
    at32f4xx_tim.o(i.TMR_ICInit) refers to at32f4xx_tim.o(i.TMR_SetIC4DIV) for TMR_SetIC4DIV
    at32f4xx_tim.o(i.TMR_ITRxExternalClockConfig) refers to at32f4xx_tim.o(i.TMR_SelectInputTrigger) for TMR_SelectInputTrigger
    at32f4xx_tim.o(i.TMR_PWMIConfig) refers to at32f4xx_tim.o(i.TI1_Config) for TI1_Config
    at32f4xx_tim.o(i.TMR_PWMIConfig) refers to at32f4xx_tim.o(i.TMR_SetIC1DIV) for TMR_SetIC1DIV
    at32f4xx_tim.o(i.TMR_PWMIConfig) refers to at32f4xx_tim.o(i.TI2_Config) for TI2_Config
    at32f4xx_tim.o(i.TMR_PWMIConfig) refers to at32f4xx_tim.o(i.TMR_SetIC2DIV) for TMR_SetIC2DIV
    at32f4xx_tim.o(i.TMR_Reset) refers to at32f4xx_rcc.o(i.RCC_APB2PeriphResetCmd) for RCC_APB2PeriphResetCmd
    at32f4xx_tim.o(i.TMR_Reset) refers to at32f4xx_rcc.o(i.RCC_APB1PeriphResetCmd) for RCC_APB1PeriphResetCmd
    at32f4xx_tim.o(i.TMR_TIxExternalClockConfig) refers to at32f4xx_tim.o(i.TI2_Config) for TI2_Config
    at32f4xx_tim.o(i.TMR_TIxExternalClockConfig) refers to at32f4xx_tim.o(i.TI1_Config) for TI1_Config
    at32f4xx_tim.o(i.TMR_TIxExternalClockConfig) refers to at32f4xx_tim.o(i.TMR_SelectInputTrigger) for TMR_SelectInputTrigger
    at32f4xx_usart.o(i.USART_Init) refers to at32f4xx_rcc.o(i.RCC_GetClocksFreq) for RCC_GetClocksFreq
    at32f4xx_usart.o(i.USART_Init) refers to uldiv.o(.text) for __aeabi_uldivmod
    at32f4xx_usart.o(i.USART_Reset) refers to at32f4xx_rcc.o(i.RCC_APB2PeriphResetCmd) for RCC_APB2PeriphResetCmd
    at32f4xx_usart.o(i.USART_Reset) refers to at32f4xx_rcc.o(i.RCC_APB1PeriphResetCmd) for RCC_APB1PeriphResetCmd
    at32f4xx_wwdg.o(i.WWDG_Reset) refers to at32f4xx_rcc.o(i.RCC_APB1PeriphResetCmd) for RCC_APB1PeriphResetCmd
    entry.o(.ARM.Collect$$$$00000000) refers (Special) to entry10a.o(.ARM.Collect$$$$0000000D) for __rt_final_cpp
    entry.o(.ARM.Collect$$$$00000000) refers (Special) to entry11a.o(.ARM.Collect$$$$0000000F) for __rt_final_exit
    entry.o(.ARM.Collect$$$$00000000) refers (Special) to entry7b.o(.ARM.Collect$$$$00000008) for _main_clock
    entry.o(.ARM.Collect$$$$00000000) refers (Special) to entry8b.o(.ARM.Collect$$$$0000000A) for _main_cpp_init
    entry.o(.ARM.Collect$$$$00000000) refers (Special) to entry9a.o(.ARM.Collect$$$$0000000B) for _main_init
    entry.o(.ARM.Collect$$$$00000000) refers (Special) to entry5.o(.ARM.Collect$$$$00000004) for _main_scatterload
    entry.o(.ARM.Collect$$$$00000000) refers (Special) to entry2.o(.ARM.Collect$$$$00000001) for _main_stk
    uldiv.o(.text) refers to llushr.o(.text) for __aeabi_llsr
    uldiv.o(.text) refers to llshl.o(.text) for __aeabi_llsl
    entry2.o(.ARM.Collect$$$$00000001) refers to entry2.o(.ARM.Collect$$$$00002712) for __lit__00000000
    entry2.o(.ARM.Collect$$$$00002712) refers to startup_at32f415cct7.o(STACK) for __initial_sp
    entry2.o(__vectab_stack_and_reset_area) refers to startup_at32f415cct7.o(STACK) for __initial_sp
    entry2.o(__vectab_stack_and_reset_area) refers to entry.o(.ARM.Collect$$$$00000000) for __main
    entry5.o(.ARM.Collect$$$$00000004) refers to init.o(.text) for __scatterload
    entry9a.o(.ARM.Collect$$$$0000000B) refers to main.o(i.main) for main
    entry9b.o(.ARM.Collect$$$$0000000C) refers to main.o(i.main) for main
    init.o(.text) refers to entry5.o(.ARM.Collect$$$$00000004) for __main_after_scatterload


==============================================================================

Removing Unused input sections from the image.

    Removing main.o(.rev16_text), (4 bytes).
    Removing main.o(.revsh_text), (4 bytes).
    Removing main.o(.rrx_text), (6 bytes).
    Removing at32f4xx_it.o(.rev16_text), (4 bytes).
    Removing at32f4xx_it.o(.revsh_text), (4 bytes).
    Removing at32f4xx_it.o(.rrx_text), (6 bytes).
    Removing system_at32f4xx.o(.rev16_text), (4 bytes).
    Removing system_at32f4xx.o(.revsh_text), (4 bytes).
    Removing system_at32f4xx.o(.rrx_text), (6 bytes).
    Removing system_at32f4xx.o(i.SystemCoreClockUpdate), (608 bytes).
    Removing system_at32f4xx.o(.data), (20 bytes).
    Removing startup_at32f415cct7.o(HEAP), (512 bytes).
    Removing at32f4xx_acc.o(.rev16_text), (4 bytes).
    Removing at32f4xx_acc.o(.revsh_text), (4 bytes).
    Removing at32f4xx_acc.o(.rrx_text), (6 bytes).
    Removing at32f4xx_acc.o(i.ACC_CAL_Choose), (28 bytes).
    Removing at32f4xx_acc.o(i.ACC_ClearFlag), (40 bytes).
    Removing at32f4xx_acc.o(i.ACC_EnterCALMode), (16 bytes).
    Removing at32f4xx_acc.o(i.ACC_ExitCALMode), (20 bytes).
    Removing at32f4xx_acc.o(i.ACC_GetFlagStatus), (24 bytes).
    Removing at32f4xx_acc.o(i.ACC_GetHSICAL), (12 bytes).
    Removing at32f4xx_acc.o(i.ACC_GetHSITRIM), (16 bytes).
    Removing at32f4xx_acc.o(i.ACC_ITConfig), (36 bytes).
    Removing at32f4xx_acc.o(i.ACC_ReadC1), (12 bytes).
    Removing at32f4xx_acc.o(i.ACC_ReadC2), (12 bytes).
    Removing at32f4xx_acc.o(i.ACC_ReadC3), (12 bytes).
    Removing at32f4xx_acc.o(i.ACC_SetStep), (20 bytes).
    Removing at32f4xx_acc.o(i.ACC_WriteC1), (12 bytes).
    Removing at32f4xx_acc.o(i.ACC_WriteC2), (12 bytes).
    Removing at32f4xx_acc.o(i.ACC_WriteC3), (12 bytes).
    Removing at32f4xx_adc.o(.rev16_text), (4 bytes).
    Removing at32f4xx_adc.o(.revsh_text), (4 bytes).
    Removing at32f4xx_adc.o(.rrx_text), (6 bytes).
    Removing at32f4xx_adc.o(i.ADC_AnalogWDGCtrl), (20 bytes).
    Removing at32f4xx_adc.o(i.ADC_AnalogWDGSingleChannelConfig), (16 bytes).
    Removing at32f4xx_adc.o(i.ADC_AnalogWDGThresholdsConfig), (6 bytes).
    Removing at32f4xx_adc.o(i.ADC_AutoInjectedConvCtrl), (22 bytes).
    Removing at32f4xx_adc.o(i.ADC_ClearFlag), (6 bytes).
    Removing at32f4xx_adc.o(i.ADC_ClearINTPendingBit), (10 bytes).
    Removing at32f4xx_adc.o(i.ADC_Ctrl), (22 bytes).
    Removing at32f4xx_adc.o(i.ADC_DMACtrl), (22 bytes).
    Removing at32f4xx_adc.o(i.ADC_DiscModeChannelCountConfig), (24 bytes).
    Removing at32f4xx_adc.o(i.ADC_DiscModeCtrl), (22 bytes).
    Removing at32f4xx_adc.o(i.ADC_ExternalTrigConvCtrl), (22 bytes).
    Removing at32f4xx_adc.o(i.ADC_ExternalTrigInjectedConvConfig), (20 bytes).
    Removing at32f4xx_adc.o(i.ADC_ExternalTrigInjectedConvCtrl), (22 bytes).
    Removing at32f4xx_adc.o(i.ADC_GetCalibrationStatus), (20 bytes).
    Removing at32f4xx_adc.o(i.ADC_GetConversionValue), (8 bytes).
    Removing at32f4xx_adc.o(i.ADC_GetDualModeConversionValue), (12 bytes).
    Removing at32f4xx_adc.o(i.ADC_GetFlagStatus), (18 bytes).
    Removing at32f4xx_adc.o(i.ADC_GetINTStatus), (36 bytes).
    Removing at32f4xx_adc.o(i.ADC_GetInjectedConversionValue), (28 bytes).
    Removing at32f4xx_adc.o(i.ADC_GetResetCalibrationStatus), (20 bytes).
    Removing at32f4xx_adc.o(i.ADC_GetSoftwareStartConvStatus), (20 bytes).
    Removing at32f4xx_adc.o(i.ADC_GetSoftwareStartInjectedConvCtrlStatus), (20 bytes).
    Removing at32f4xx_adc.o(i.ADC_INTConfig), (24 bytes).
    Removing at32f4xx_adc.o(i.ADC_Init), (80 bytes).
    Removing at32f4xx_adc.o(i.ADC_InjectedChannelConfig), (130 bytes).
    Removing at32f4xx_adc.o(i.ADC_InjectedDiscModeCtrl), (22 bytes).
    Removing at32f4xx_adc.o(i.ADC_InjectedSequencerLengthConfig), (24 bytes).
    Removing at32f4xx_adc.o(i.ADC_RegularChannelConfig), (184 bytes).
    Removing at32f4xx_adc.o(i.ADC_Reset), (32 bytes).
    Removing at32f4xx_adc.o(i.ADC_RstCalibration), (10 bytes).
    Removing at32f4xx_adc.o(i.ADC_SetInjectedOffset), (20 bytes).
    Removing at32f4xx_adc.o(i.ADC_SoftwareStartConvCtrl), (22 bytes).
    Removing at32f4xx_adc.o(i.ADC_SoftwareStartInjectedConvCtrl), (22 bytes).
    Removing at32f4xx_adc.o(i.ADC_StartCalibration), (10 bytes).
    Removing at32f4xx_adc.o(i.ADC_StructInit), (18 bytes).
    Removing at32f4xx_adc.o(i.ADC_TempSensorVrefintCtrl), (36 bytes).
    Removing at32f4xx_bkp.o(.rev16_text), (4 bytes).
    Removing at32f4xx_bkp.o(.revsh_text), (4 bytes).
    Removing at32f4xx_bkp.o(.rrx_text), (6 bytes).
    Removing at32f4xx_can.o(.rev16_text), (4 bytes).
    Removing at32f4xx_can.o(.revsh_text), (4 bytes).
    Removing at32f4xx_can.o(.rrx_text), (6 bytes).
    Removing at32f4xx_can.o(i.CAN_CancelTransmit), (48 bytes).
    Removing at32f4xx_can.o(i.CAN_ClearFlag), (56 bytes).
    Removing at32f4xx_can.o(i.CAN_ClearINTPendingBit), (168 bytes).
    Removing at32f4xx_can.o(i.CAN_DBGFreeze), (22 bytes).
    Removing at32f4xx_can.o(i.CAN_FIFORelease), (22 bytes).
    Removing at32f4xx_can.o(i.CAN_FilterInit), (226 bytes).
    Removing at32f4xx_can.o(i.CAN_GetFlagStatus), (120 bytes).
    Removing at32f4xx_can.o(i.CAN_GetINTStatus), (288 bytes).
    Removing at32f4xx_can.o(i.CAN_GetLSBTransmitErrorCounter), (12 bytes).
    Removing at32f4xx_can.o(i.CAN_GetLastErrorCode), (12 bytes).
    Removing at32f4xx_can.o(i.CAN_GetReceiveErrorCounter), (10 bytes).
    Removing at32f4xx_can.o(i.CAN_INTConfig), (18 bytes).
    Removing at32f4xx_can.o(i.CAN_Init), (276 bytes).
    Removing at32f4xx_can.o(i.CAN_MessagePending), (30 bytes).
    Removing at32f4xx_can.o(i.CAN_OperatingModeRequest), (162 bytes).
    Removing at32f4xx_can.o(i.CAN_Receive), (240 bytes).
    Removing at32f4xx_can.o(i.CAN_Reset), (36 bytes).
    Removing at32f4xx_can.o(i.CAN_SlaveStartBank), (52 bytes).
    Removing at32f4xx_can.o(i.CAN_Sleep), (30 bytes).
    Removing at32f4xx_can.o(i.CAN_StructInit), (32 bytes).
    Removing at32f4xx_can.o(i.CAN_TTComModeCtrl), (118 bytes).
    Removing at32f4xx_can.o(i.CAN_Transmit), (294 bytes).
    Removing at32f4xx_can.o(i.CAN_TransmitStatus), (160 bytes).
    Removing at32f4xx_can.o(i.CAN_WakeUp), (48 bytes).
    Removing at32f4xx_can.o(i.CheckINTStatus), (18 bytes).
    Removing at32f4xx_comp.o(.rev16_text), (4 bytes).
    Removing at32f4xx_comp.o(.revsh_text), (4 bytes).
    Removing at32f4xx_comp.o(.rrx_text), (6 bytes).
    Removing at32f4xx_comp.o(i.COMP_Cmd), (40 bytes).
    Removing at32f4xx_comp.o(i.COMP_GetOutputState), (32 bytes).
    Removing at32f4xx_comp.o(i.COMP_Init), (48 bytes).
    Removing at32f4xx_comp.o(i.COMP_LockConfig), (24 bytes).
    Removing at32f4xx_comp.o(i.COMP_Reset), (12 bytes).
    Removing at32f4xx_comp.o(i.COMP_SelectINPInput), (32 bytes).
    Removing at32f4xx_comp.o(i.COMP_StructInit), (14 bytes).
    Removing at32f4xx_comp.o(i.COMP_SwitchCmd), (36 bytes).
    Removing at32f4xx_crc.o(.rev16_text), (4 bytes).
    Removing at32f4xx_crc.o(.revsh_text), (4 bytes).
    Removing at32f4xx_crc.o(.rrx_text), (6 bytes).
    Removing at32f4xx_crc.o(i.CRC_CalculateBlkCRC), (36 bytes).
    Removing at32f4xx_crc.o(i.CRC_CalculateCRC), (16 bytes).
    Removing at32f4xx_crc.o(i.CRC_GetCRC), (12 bytes).
    Removing at32f4xx_crc.o(i.CRC_GetIDTReg), (12 bytes).
    Removing at32f4xx_crc.o(i.CRC_ResetDT), (12 bytes).
    Removing at32f4xx_crc.o(i.CRC_SetIDTReg), (12 bytes).
    Removing at32f4xx_dac.o(.rev16_text), (4 bytes).
    Removing at32f4xx_dac.o(.revsh_text), (4 bytes).
    Removing at32f4xx_dac.o(.rrx_text), (6 bytes).
    Removing at32f4xx_dbgmcu.o(.rev16_text), (4 bytes).
    Removing at32f4xx_dbgmcu.o(.revsh_text), (4 bytes).
    Removing at32f4xx_dbgmcu.o(.rrx_text), (6 bytes).
    Removing at32f4xx_dbgmcu.o(i.MCUDBG_GetDevID), (16 bytes).
    Removing at32f4xx_dbgmcu.o(i.MCUDBG_GetRevID), (12 bytes).
    Removing at32f4xx_dbgmcu.o(i.MCUDBG_PeriphDebugModeConfig), (32 bytes).
    Removing at32f4xx_dma.o(.rev16_text), (4 bytes).
    Removing at32f4xx_dma.o(.revsh_text), (4 bytes).
    Removing at32f4xx_dma.o(.rrx_text), (6 bytes).
    Removing at32f4xx_dma.o(i.DMA_ChannelEnable), (24 bytes).
    Removing at32f4xx_dma.o(i.DMA_ClearFlag), (28 bytes).
    Removing at32f4xx_dma.o(i.DMA_ClearITPendingBit), (28 bytes).
    Removing at32f4xx_dma.o(i.DMA_DefaultInitParaConfig), (26 bytes).
    Removing at32f4xx_dma.o(i.DMA_Flexible_Config), (198 bytes).
    Removing at32f4xx_dma.o(i.DMA_GetCurrDataCounter), (8 bytes).
    Removing at32f4xx_dma.o(i.DMA_GetFlagStatus), (44 bytes).
    Removing at32f4xx_dma.o(i.DMA_GetITStatus), (44 bytes).
    Removing at32f4xx_dma.o(i.DMA_INTConfig), (18 bytes).
    Removing at32f4xx_dma.o(i.DMA_Init), (60 bytes).
    Removing at32f4xx_dma.o(i.DMA_Reset), (332 bytes).
    Removing at32f4xx_dma.o(i.DMA_SetCurrDataCounter), (4 bytes).
    Removing at32f4xx_ertc.o(.rev16_text), (4 bytes).
    Removing at32f4xx_ertc.o(.revsh_text), (4 bytes).
    Removing at32f4xx_ertc.o(.rrx_text), (6 bytes).
    Removing at32f4xx_ertc.o(i.ERTC_AlarmCmd), (116 bytes).
    Removing at32f4xx_ertc.o(i.ERTC_AlarmStructInit), (22 bytes).
    Removing at32f4xx_ertc.o(i.ERTC_AlarmSubSecondConfig), (52 bytes).
    Removing at32f4xx_ertc.o(i.ERTC_Bcd2ToByte), (22 bytes).
    Removing at32f4xx_ertc.o(i.ERTC_BypassShadowCmd), (60 bytes).
    Removing at32f4xx_ertc.o(i.ERTC_ByteToBcd2), (28 bytes).
    Removing at32f4xx_ertc.o(i.ERTC_CalOutputCmd), (60 bytes).
    Removing at32f4xx_ertc.o(i.ERTC_CalOutputConfig), (48 bytes).
    Removing at32f4xx_ertc.o(i.ERTC_ClearFlag), (28 bytes).
    Removing at32f4xx_ertc.o(i.ERTC_ClearINTPendingBINT), (32 bytes).
    Removing at32f4xx_ertc.o(i.ERTC_CoarseCalCmd), (80 bytes).
    Removing at32f4xx_ertc.o(i.ERTC_CoarseCalConfig), (56 bytes).
    Removing at32f4xx_ertc.o(i.ERTC_DateStructInit), (14 bytes).
    Removing at32f4xx_ertc.o(i.ERTC_DayLightSavingConfig), (56 bytes).
    Removing at32f4xx_ertc.o(i.ERTC_EnterInitMode), (80 bytes).
    Removing at32f4xx_ertc.o(i.ERTC_ExitInitMode), (20 bytes).
    Removing at32f4xx_ertc.o(i.ERTC_GetAlarmSubSecond), (36 bytes).
    Removing at32f4xx_ertc.o(i.ERTC_GetAlarmValue), (116 bytes).
    Removing at32f4xx_ertc.o(i.ERTC_GetDateValue), (96 bytes).
    Removing at32f4xx_ertc.o(i.ERTC_GetFlagStatus), (40 bytes).
    Removing at32f4xx_ertc.o(i.ERTC_GetINTStatus), (68 bytes).
    Removing at32f4xx_ertc.o(i.ERTC_GetStoreOperation), (16 bytes).
    Removing at32f4xx_ertc.o(i.ERTC_GetSubSecondValue), (20 bytes).
    Removing at32f4xx_ertc.o(i.ERTC_GetTimeStamp), (156 bytes).
    Removing at32f4xx_ertc.o(i.ERTC_GetTimeStampSubSecond), (12 bytes).
    Removing at32f4xx_ertc.o(i.ERTC_GetTimeValue), (100 bytes).
    Removing at32f4xx_ertc.o(i.ERTC_GetWakeUpCounter), (12 bytes).
    Removing at32f4xx_ertc.o(i.ERTC_INTConfig), (100 bytes).
    Removing at32f4xx_ertc.o(i.ERTC_Init), (100 bytes).
    Removing at32f4xx_ertc.o(i.ERTC_OutputConfig), (56 bytes).
    Removing at32f4xx_ertc.o(i.ERTC_OutputTypeConfig), (28 bytes).
    Removing at32f4xx_ertc.o(i.ERTC_ReadBackupRegister), (32 bytes).
    Removing at32f4xx_ertc.o(i.ERTC_RefClockCmd), (80 bytes).
    Removing at32f4xx_ertc.o(i.ERTC_Reset), (212 bytes).
    Removing at32f4xx_ertc.o(i.ERTC_SetAlarmValue), (236 bytes).
    Removing at32f4xx_ertc.o(i.ERTC_SetDateValue), (200 bytes).
    Removing at32f4xx_ertc.o(i.ERTC_SetTimeValue), (208 bytes).
    Removing at32f4xx_ertc.o(i.ERTC_SetWakeUpCounter), (28 bytes).
    Removing at32f4xx_ertc.o(i.ERTC_SmoothCalConfig), (96 bytes).
    Removing at32f4xx_ertc.o(i.ERTC_StructInit), (14 bytes).
    Removing at32f4xx_ertc.o(i.ERTC_SynchroShiftConfig), (124 bytes).
    Removing at32f4xx_ertc.o(i.ERTC_TamperCmd), (32 bytes).
    Removing at32f4xx_ertc.o(i.ERTC_TamperFilterConfig), (28 bytes).
    Removing at32f4xx_ertc.o(i.ERTC_TamperPinSelection), (28 bytes).
    Removing at32f4xx_ertc.o(i.ERTC_TamperPinsPrechargeDuration), (28 bytes).
    Removing at32f4xx_ertc.o(i.ERTC_TamperPullUpCmd), (36 bytes).
    Removing at32f4xx_ertc.o(i.ERTC_TamperSamplingFreqConfig), (28 bytes).
    Removing at32f4xx_ertc.o(i.ERTC_TamperTriggerConfig), (36 bytes).
    Removing at32f4xx_ertc.o(i.ERTC_TimeStampCmd), (56 bytes).
    Removing at32f4xx_ertc.o(i.ERTC_TimeStampOnTamperDetectionCmd), (36 bytes).
    Removing at32f4xx_ertc.o(i.ERTC_TimeStampPinSelection), (28 bytes).
    Removing at32f4xx_ertc.o(i.ERTC_TimeStructInit), (12 bytes).
    Removing at32f4xx_ertc.o(i.ERTC_WaitForSynchro), (96 bytes).
    Removing at32f4xx_ertc.o(i.ERTC_WakeUpClockConfig), (48 bytes).
    Removing at32f4xx_ertc.o(i.ERTC_WakeUpCmd), (120 bytes).
    Removing at32f4xx_ertc.o(i.ERTC_WriteBackupRegister), (28 bytes).
    Removing at32f4xx_ertc.o(i.ERTC_WriteProtectionCmd), (28 bytes).
    Removing at32f4xx_eth.o(.rev16_text), (4 bytes).
    Removing at32f4xx_eth.o(.revsh_text), (4 bytes).
    Removing at32f4xx_eth.o(.rrx_text), (6 bytes).
    Removing at32f4xx_exti.o(.rev16_text), (4 bytes).
    Removing at32f4xx_exti.o(.revsh_text), (4 bytes).
    Removing at32f4xx_exti.o(.rrx_text), (6 bytes).
    Removing at32f4xx_exti.o(i.EXTI_ClearFlag), (12 bytes).
    Removing at32f4xx_exti.o(i.EXTI_ClearIntPendingBit), (12 bytes).
    Removing at32f4xx_exti.o(i.EXTI_GenerateSWInt), (16 bytes).
    Removing at32f4xx_exti.o(i.EXTI_GetFlagStatus), (24 bytes).
    Removing at32f4xx_exti.o(i.EXTI_GetIntStatus), (40 bytes).
    Removing at32f4xx_exti.o(i.EXTI_Init), (148 bytes).
    Removing at32f4xx_exti.o(i.EXTI_Reset), (36 bytes).
    Removing at32f4xx_exti.o(i.EXTI_StructInit), (16 bytes).
    Removing at32f4xx_flash.o(.rev16_text), (4 bytes).
    Removing at32f4xx_flash.o(.revsh_text), (4 bytes).
    Removing at32f4xx_flash.o(.rrx_text), (6 bytes).
    Removing at32f4xx_flash.o(i.FLASH_ClearFlag), (12 bytes).
    Removing at32f4xx_flash.o(i.FLASH_EnableWriteProtect), (204 bytes).
    Removing at32f4xx_flash.o(i.FLASH_EraseAllPages), (68 bytes).
    Removing at32f4xx_flash.o(i.FLASH_EraseBank1AllPages), (68 bytes).
    Removing at32f4xx_flash.o(i.FLASH_ErasePage), (168 bytes).
    Removing at32f4xx_flash.o(i.FLASH_EraseUserOptionBytes), (160 bytes).
    Removing at32f4xx_flash.o(i.FLASH_GetBank1Status), (52 bytes).
    Removing at32f4xx_flash.o(i.FLASH_GetFlagStatus), (48 bytes).
    Removing at32f4xx_flash.o(i.FLASH_GetOptionByteProtectStatus), (32 bytes).
    Removing at32f4xx_flash.o(i.FLASH_GetReadProtectStatus), (24 bytes).
    Removing at32f4xx_flash.o(i.FLASH_GetSlibDataStartPage), (16 bytes).
    Removing at32f4xx_flash.o(i.FLASH_GetSlibEndPage), (12 bytes).
    Removing at32f4xx_flash.o(i.FLASH_GetSlibInstrStartPage), (16 bytes).
    Removing at32f4xx_flash.o(i.FLASH_GetSlibStartPage), (16 bytes).
    Removing at32f4xx_flash.o(i.FLASH_GetSlibState), (24 bytes).
    Removing at32f4xx_flash.o(i.FLASH_GetStatus), (52 bytes).
    Removing at32f4xx_flash.o(i.FLASH_GetUserOptionByte), (12 bytes).
    Removing at32f4xx_flash.o(i.FLASH_GetWriteProtectStatus), (12 bytes).
    Removing at32f4xx_flash.o(i.FLASH_INTConfig), (32 bytes).
    Removing at32f4xx_flash.o(i.FLASH_Lock), (20 bytes).
    Removing at32f4xx_flash.o(i.FLASH_LockBank1), (20 bytes).
    Removing at32f4xx_flash.o(i.FLASH_OptionByteProtectDisable), (44 bytes).
    Removing at32f4xx_flash.o(i.FLASH_ProgramByte), (160 bytes).
    Removing at32f4xx_flash.o(i.FLASH_ProgramHalfWord), (160 bytes).
    Removing at32f4xx_flash.o(i.FLASH_ProgramUserOptionByteData), (88 bytes).
    Removing at32f4xx_flash.o(i.FLASH_ProgramWord), (160 bytes).
    Removing at32f4xx_flash.o(i.FLASH_RDPandOptionByteProtectEnable), (160 bytes).
    Removing at32f4xx_flash.o(i.FLASH_ReadProtectConfig), (164 bytes).
    Removing at32f4xx_flash.o(i.FLASH_SYS_AP), (76 bytes).
    Removing at32f4xx_flash.o(i.FLASH_SlibDisable), (52 bytes).
    Removing at32f4xx_flash.o(i.FLASH_SlibMainEnable), (144 bytes).
    Removing at32f4xx_flash.o(i.FLASH_SlibSysEnable), (112 bytes).
    Removing at32f4xx_flash.o(i.FLASH_Unlock), (24 bytes).
    Removing at32f4xx_flash.o(i.FLASH_UnlockBank1), (24 bytes).
    Removing at32f4xx_flash.o(i.FLASH_UserOptionByteConfig), (104 bytes).
    Removing at32f4xx_flash.o(i.FLASH_WaitForBank1Process), (38 bytes).
    Removing at32f4xx_flash.o(i.FLASH_WaitForProcess), (38 bytes).
    Removing at32f4xx_gpio.o(.rev16_text), (4 bytes).
    Removing at32f4xx_gpio.o(.revsh_text), (4 bytes).
    Removing at32f4xx_gpio.o(.rrx_text), (6 bytes).
    Removing at32f4xx_gpio.o(i.GPIO_AFIOReset), (20 bytes).
    Removing at32f4xx_gpio.o(i.GPIO_ETH_MediaInterfaceConfig), (12 bytes).
    Removing at32f4xx_gpio.o(i.GPIO_EXTILineConfig), (64 bytes).
    Removing at32f4xx_gpio.o(i.GPIO_EventOutputCmd), (12 bytes).
    Removing at32f4xx_gpio.o(i.GPIO_EventOutputConfig), (32 bytes).
    Removing at32f4xx_gpio.o(i.GPIO_Init), (278 bytes).
    Removing at32f4xx_gpio.o(i.GPIO_PinsLockConfig), (18 bytes).
    Removing at32f4xx_gpio.o(i.GPIO_PinsRemapConfig), (1012 bytes).
    Removing at32f4xx_gpio.o(i.GPIO_ReadInputData), (8 bytes).
    Removing at32f4xx_gpio.o(i.GPIO_ReadInputDataBit), (18 bytes).
    Removing at32f4xx_gpio.o(i.GPIO_ReadOutputData), (8 bytes).
    Removing at32f4xx_gpio.o(i.GPIO_ReadOutputDataBit), (18 bytes).
    Removing at32f4xx_gpio.o(i.GPIO_Reset), (144 bytes).
    Removing at32f4xx_gpio.o(i.GPIO_ResetBits), (4 bytes).
    Removing at32f4xx_gpio.o(i.GPIO_SetBits), (4 bytes).
    Removing at32f4xx_gpio.o(i.GPIO_StructInit), (16 bytes).
    Removing at32f4xx_gpio.o(i.GPIO_Write), (4 bytes).
    Removing at32f4xx_gpio.o(i.GPIO_WriteBit), (10 bytes).
    Removing at32f4xx_gpio_ex.o(.rev16_text), (4 bytes).
    Removing at32f4xx_gpio_ex.o(.revsh_text), (4 bytes).
    Removing at32f4xx_gpio_ex.o(.rrx_text), (6 bytes).
    Removing at32f4xx_i2c.o(.rev16_text), (4 bytes).
    Removing at32f4xx_i2c.o(.revsh_text), (4 bytes).
    Removing at32f4xx_i2c.o(.rrx_text), (6 bytes).
    Removing at32f4xx_i2c.o(i.I2C_ARPCmd), (24 bytes).
    Removing at32f4xx_i2c.o(i.I2C_AcknowledgeConfig), (24 bytes).
    Removing at32f4xx_i2c.o(i.I2C_CalculatePEC), (24 bytes).
    Removing at32f4xx_i2c.o(i.I2C_CheckEvent), (42 bytes).
    Removing at32f4xx_i2c.o(i.I2C_ClearFlag), (12 bytes).
    Removing at32f4xx_i2c.o(i.I2C_ClearITPendingBit), (12 bytes).
    Removing at32f4xx_i2c.o(i.I2C_Cmd), (24 bytes).
    Removing at32f4xx_i2c.o(i.I2C_DMACmd), (24 bytes).
    Removing at32f4xx_i2c.o(i.I2C_DMALastTransferCmd), (24 bytes).
    Removing at32f4xx_i2c.o(i.I2C_DeInit), (64 bytes).
    Removing at32f4xx_i2c.o(i.I2C_DualAddressCmd), (24 bytes).
    Removing at32f4xx_i2c.o(i.I2C_FastModeDutyCycleConfig), (28 bytes).
    Removing at32f4xx_i2c.o(i.I2C_GeneralCallCmd), (24 bytes).
    Removing at32f4xx_i2c.o(i.I2C_GenerateSTART), (24 bytes).
    Removing at32f4xx_i2c.o(i.I2C_GenerateSTOP), (24 bytes).
    Removing at32f4xx_i2c.o(i.I2C_GetFlagStatus), (58 bytes).
    Removing at32f4xx_i2c.o(i.I2C_GetINTStatus), (38 bytes).
    Removing at32f4xx_i2c.o(i.I2C_GetLastEvent), (26 bytes).
    Removing at32f4xx_i2c.o(i.I2C_GetPEC), (8 bytes).
    Removing at32f4xx_i2c.o(i.I2C_INTConfig), (18 bytes).
    Removing at32f4xx_i2c.o(i.I2C_Init), (232 bytes).
    Removing at32f4xx_i2c.o(i.I2C_NACKPositionConfig), (28 bytes).
    Removing at32f4xx_i2c.o(i.I2C_OwnAddress2Config), (22 bytes).
    Removing at32f4xx_i2c.o(i.I2C_PECPositionConfig), (28 bytes).
    Removing at32f4xx_i2c.o(i.I2C_ReadRegister), (22 bytes).
    Removing at32f4xx_i2c.o(i.I2C_ReceiveData), (8 bytes).
    Removing at32f4xx_i2c.o(i.I2C_SMBusAlertConfig), (28 bytes).
    Removing at32f4xx_i2c.o(i.I2C_Send7bitAddress), (18 bytes).
    Removing at32f4xx_i2c.o(i.I2C_SendData), (4 bytes).
    Removing at32f4xx_i2c.o(i.I2C_SoftwareResetCmd), (22 bytes).
    Removing at32f4xx_i2c.o(i.I2C_StretchClockCmd), (24 bytes).
    Removing at32f4xx_i2c.o(i.I2C_StructInit), (30 bytes).
    Removing at32f4xx_i2c.o(i.I2C_TransmitPEC), (24 bytes).
    Removing at32f4xx_iwdg.o(.rev16_text), (4 bytes).
    Removing at32f4xx_iwdg.o(.revsh_text), (4 bytes).
    Removing at32f4xx_iwdg.o(.rrx_text), (6 bytes).
    Removing at32f4xx_iwdg.o(i.IWDG_Enable), (16 bytes).
    Removing at32f4xx_iwdg.o(i.IWDG_GetFlagStatus), (24 bytes).
    Removing at32f4xx_iwdg.o(i.IWDG_KeyRegWrite), (12 bytes).
    Removing at32f4xx_iwdg.o(i.IWDG_ReloadCounter), (16 bytes).
    Removing at32f4xx_iwdg.o(i.IWDG_SetPrescaler), (12 bytes).
    Removing at32f4xx_iwdg.o(i.IWDG_SetReload), (12 bytes).
    Removing at32f4xx_pwr.o(.rev16_text), (4 bytes).
    Removing at32f4xx_pwr.o(.revsh_text), (4 bytes).
    Removing at32f4xx_pwr.o(.rrx_text), (6 bytes).
    Removing at32f4xx_pwr.o(i.PWR_BackupAccessCtrl), (12 bytes).
    Removing at32f4xx_pwr.o(i.PWR_ClearFlag), (20 bytes).
    Removing at32f4xx_pwr.o(i.PWR_EnterSTANDBYMode), (52 bytes).
    Removing at32f4xx_pwr.o(i.PWR_EnterSTOPMode), (72 bytes).
    Removing at32f4xx_pwr.o(i.PWR_EnterSleepMode), (32 bytes).
    Removing at32f4xx_pwr.o(i.PWR_GetFlagStatus), (24 bytes).
    Removing at32f4xx_pwr.o(i.PWR_PVDCtrl), (12 bytes).
    Removing at32f4xx_pwr.o(i.PWR_PVDLevelConfig), (24 bytes).
    Removing at32f4xx_pwr.o(i.PWR_Reset), (22 bytes).
    Removing at32f4xx_pwr.o(i.PWR_WakeUpPinCtrl), (12 bytes).
    Removing at32f4xx_rcc.o(.rev16_text), (4 bytes).
    Removing at32f4xx_rcc.o(.revsh_text), (4 bytes).
    Removing at32f4xx_rcc.o(.rrx_text), (6 bytes).
    Removing at32f4xx_rcc.o(i.RCC_ADCCLKConfig), (28 bytes).
    Removing at32f4xx_rcc.o(i.RCC_AHBCLKConfig), (24 bytes).
    Removing at32f4xx_rcc.o(i.RCC_AHBPeriphClockCmd), (32 bytes).
    Removing at32f4xx_rcc.o(i.RCC_APB1CLKConfig), (24 bytes).
    Removing at32f4xx_rcc.o(i.RCC_APB1PeriphResetCmd), (32 bytes).
    Removing at32f4xx_rcc.o(i.RCC_APB2CLKConfig), (24 bytes).
    Removing at32f4xx_rcc.o(i.RCC_APB2PeriphClockCmd), (32 bytes).
    Removing at32f4xx_rcc.o(i.RCC_APB2PeriphResetCmd), (32 bytes).
    Removing at32f4xx_rcc.o(i.RCC_BackupResetCmd), (12 bytes).
    Removing at32f4xx_rcc.o(i.RCC_CLKOUTConfig), (80 bytes).
    Removing at32f4xx_rcc.o(i.RCC_ClearFlag), (20 bytes).
    Removing at32f4xx_rcc.o(i.RCC_ClearINTPendingBit), (12 bytes).
    Removing at32f4xx_rcc.o(i.RCC_ERTCCLKCmd), (12 bytes).
    Removing at32f4xx_rcc.o(i.RCC_ERTCCLKConfig), (16 bytes).
    Removing at32f4xx_rcc.o(i.RCC_GetClocksFreq), (712 bytes).
    Removing at32f4xx_rcc.o(i.RCC_GetFlagStatus), (60 bytes).
    Removing at32f4xx_rcc.o(i.RCC_GetINTStatus), (24 bytes).
    Removing at32f4xx_rcc.o(i.RCC_GetSYSCLKSelction), (16 bytes).
    Removing at32f4xx_rcc.o(i.RCC_HSEClockFailureDetectorCmd), (12 bytes).
    Removing at32f4xx_rcc.o(i.RCC_HSEConfig), (76 bytes).
    Removing at32f4xx_rcc.o(i.RCC_HSEENDelay), (12 bytes).
    Removing at32f4xx_rcc.o(i.RCC_HSI2SYS48M), (48 bytes).
    Removing at32f4xx_rcc.o(i.RCC_HSI2USB48M), (48 bytes).
    Removing at32f4xx_rcc.o(i.RCC_HSICmd), (12 bytes).
    Removing at32f4xx_rcc.o(i.RCC_INTConfig), (32 bytes).
    Removing at32f4xx_rcc.o(i.RCC_LSEConfig), (52 bytes).
    Removing at32f4xx_rcc.o(i.RCC_LSICmd), (12 bytes).
    Removing at32f4xx_rcc.o(i.RCC_PLLCmd), (12 bytes).
    Removing at32f4xx_rcc.o(i.RCC_PLLConfig), (36 bytes).
    Removing at32f4xx_rcc.o(i.RCC_PLLFrefTableConfig), (196 bytes).
    Removing at32f4xx_rcc.o(i.RCC_Reset), (96 bytes).
    Removing at32f4xx_rcc.o(i.RCC_SYSCLKConfig), (24 bytes).
    Removing at32f4xx_rcc.o(i.RCC_SetHSICalibValue), (44 bytes).
    Removing at32f4xx_rcc.o(i.RCC_SetHSITweakValue), (24 bytes).
    Removing at32f4xx_rcc.o(i.RCC_USBCLKConfig), (24 bytes).
    Removing at32f4xx_rcc.o(i.RCC_WaitForHSEStable), (64 bytes).
    Removing at32f4xx_rcc.o(.constdata), (16 bytes).
    Removing at32f4xx_rtc.o(.rev16_text), (4 bytes).
    Removing at32f4xx_rtc.o(.revsh_text), (4 bytes).
    Removing at32f4xx_rtc.o(.rrx_text), (6 bytes).
    Removing at32f4xx_sdio.o(.rev16_text), (4 bytes).
    Removing at32f4xx_sdio.o(.revsh_text), (4 bytes).
    Removing at32f4xx_sdio.o(.rrx_text), (6 bytes).
    Removing at32f4xx_sdio.o(i.SDIO_ATAINTCmd), (22 bytes).
    Removing at32f4xx_sdio.o(i.SDIO_ClearFlag), (4 bytes).
    Removing at32f4xx_sdio.o(i.SDIO_ClearINTPendingBit), (4 bytes).
    Removing at32f4xx_sdio.o(i.SDIO_ClockCmd), (22 bytes).
    Removing at32f4xx_sdio.o(i.SDIO_CmdStructInit), (14 bytes).
    Removing at32f4xx_sdio.o(i.SDIO_CommandCompletionCmd), (22 bytes).
    Removing at32f4xx_sdio.o(i.SDIO_DMACmd), (22 bytes).
    Removing at32f4xx_sdio.o(i.SDIO_DataConfig), (38 bytes).
    Removing at32f4xx_sdio.o(i.SDIO_DataStructInit), (20 bytes).
    Removing at32f4xx_sdio.o(i.SDIO_GetBUFCount), (6 bytes).
    Removing at32f4xx_sdio.o(i.SDIO_GetCommandResponse), (8 bytes).
    Removing at32f4xx_sdio.o(i.SDIO_GetDataCounter), (6 bytes).
    Removing at32f4xx_sdio.o(i.SDIO_GetFlagStatus), (18 bytes).
    Removing at32f4xx_sdio.o(i.SDIO_GetINTStatus), (18 bytes).
    Removing at32f4xx_sdio.o(i.SDIO_GetPowerSaveState), (10 bytes).
    Removing at32f4xx_sdio.o(i.SDIO_GetResponse), (22 bytes).
    Removing at32f4xx_sdio.o(i.SDIO_INTConfig), (18 bytes).
    Removing at32f4xx_sdio.o(i.SDIO_Init), (56 bytes).
    Removing at32f4xx_sdio.o(i.SDIO_ReadData), (8 bytes).
    Removing at32f4xx_sdio.o(i.SDIO_Reset), (32 bytes).
    Removing at32f4xx_sdio.o(i.SDIO_SendATACmd), (22 bytes).
    Removing at32f4xx_sdio.o(i.SDIO_SendCommand), (34 bytes).
    Removing at32f4xx_sdio.o(i.SDIO_SendSDIOSuspendCmd), (22 bytes).
    Removing at32f4xx_sdio.o(i.SDIO_SetPowerSaveState), (16 bytes).
    Removing at32f4xx_sdio.o(i.SDIO_SetSDIOOperation), (22 bytes).
    Removing at32f4xx_sdio.o(i.SDIO_SetSDIOReadWaitMode), (16 bytes).
    Removing at32f4xx_sdio.o(i.SDIO_StartSDIOReadWait), (22 bytes).
    Removing at32f4xx_sdio.o(i.SDIO_StopSDIOReadWait), (22 bytes).
    Removing at32f4xx_sdio.o(i.SDIO_StructInit), (16 bytes).
    Removing at32f4xx_sdio.o(i.SDIO_WriteData), (6 bytes).
    Removing at32f4xx_spi.o(.rev16_text), (4 bytes).
    Removing at32f4xx_spi.o(.revsh_text), (4 bytes).
    Removing at32f4xx_spi.o(.rrx_text), (6 bytes).
    Removing at32f4xx_spi.o(i.I2S_DefaultInit), (20 bytes).
    Removing at32f4xx_spi.o(i.I2S_Enable), (24 bytes).
    Removing at32f4xx_spi.o(i.I2S_Init), (256 bytes).
    Removing at32f4xx_spi.o(i.SPI_CRCEN), (24 bytes).
    Removing at32f4xx_spi.o(i.SPI_DefaultInitParaConfig), (24 bytes).
    Removing at32f4xx_spi.o(i.SPI_Enable), (24 bytes).
    Removing at32f4xx_spi.o(i.SPI_FrameSizeConfig), (18 bytes).
    Removing at32f4xx_spi.o(i.SPI_GetCRC), (16 bytes).
    Removing at32f4xx_spi.o(i.SPI_GetCRCPolynomial), (6 bytes).
    Removing at32f4xx_spi.o(i.SPI_HalfDuplexTransModeConfig), (28 bytes).
    Removing at32f4xx_spi.o(i.SPI_I2S_ClearFlag), (6 bytes).
    Removing at32f4xx_spi.o(i.SPI_I2S_ClearINTPendingBit), (20 bytes).
    Removing at32f4xx_spi.o(i.SPI_I2S_DMAEnable), (18 bytes).
    Removing at32f4xx_spi.o(i.SPI_I2S_GetFlagStatus), (18 bytes).
    Removing at32f4xx_spi.o(i.SPI_I2S_GetITStatus), (52 bytes).
    Removing at32f4xx_spi.o(i.SPI_I2S_INTConfig), (32 bytes).
    Removing at32f4xx_spi.o(i.SPI_I2S_Reset), (60 bytes).
    Removing at32f4xx_spi.o(i.SPI_I2S_RxData), (6 bytes).
    Removing at32f4xx_spi.o(i.SPI_I2S_TxData), (4 bytes).
    Removing at32f4xx_spi.o(i.SPI_Init), (90 bytes).
    Removing at32f4xx_spi.o(i.SPI_NSSHardwareOutputEnable), (24 bytes).
    Removing at32f4xx_spi.o(i.SPI_NSSInternalSoftwareConfig), (30 bytes).
    Removing at32f4xx_spi.o(i.SPI_TxCRC), (10 bytes).
    Removing at32f4xx_syscfg.o(.rev16_text), (4 bytes).
    Removing at32f4xx_syscfg.o(.revsh_text), (4 bytes).
    Removing at32f4xx_syscfg.o(.rrx_text), (6 bytes).
    Removing at32f4xx_tim.o(.rev16_text), (4 bytes).
    Removing at32f4xx_tim.o(.revsh_text), (4 bytes).
    Removing at32f4xx_tim.o(.rrx_text), (6 bytes).
    Removing at32f4xx_tim.o(i.TI1_Config), (120 bytes).
    Removing at32f4xx_tim.o(i.TI2_Config), (140 bytes).
    Removing at32f4xx_tim.o(i.TI3_Config), (132 bytes).
    Removing at32f4xx_tim.o(i.TI4_Config), (140 bytes).
    Removing at32f4xx_tim.o(i.TMR_ARPreloadConfig), (24 bytes).
    Removing at32f4xx_tim.o(i.TMR_BRKDTConfig), (32 bytes).
    Removing at32f4xx_tim.o(i.TMR_BRKDTStructInit), (18 bytes).
    Removing at32f4xx_tim.o(i.TMR_CCPreloadControl), (24 bytes).
    Removing at32f4xx_tim.o(i.TMR_CCxCmd), (30 bytes).
    Removing at32f4xx_tim.o(i.TMR_CCxNCmd), (30 bytes).
    Removing at32f4xx_tim.o(i.TMR_ClearFlag), (6 bytes).
    Removing at32f4xx_tim.o(i.TMR_ClearITPendingBit), (6 bytes).
    Removing at32f4xx_tim.o(i.TMR_ClearOC1Ref), (18 bytes).
    Removing at32f4xx_tim.o(i.TMR_ClearOC2Ref), (24 bytes).
    Removing at32f4xx_tim.o(i.TMR_ClearOC3Ref), (18 bytes).
    Removing at32f4xx_tim.o(i.TMR_ClearOC4Ref), (24 bytes).
    Removing at32f4xx_tim.o(i.TMR_Cmd), (24 bytes).
    Removing at32f4xx_tim.o(i.TMR_CounterModeConfig), (18 bytes).
    Removing at32f4xx_tim.o(i.TMR_CtrlPWMOutputs), (30 bytes).
    Removing at32f4xx_tim.o(i.TMR_DIVConfig), (6 bytes).
    Removing at32f4xx_tim.o(i.TMR_DMACmd), (18 bytes).
    Removing at32f4xx_tim.o(i.TMR_DMAConfig), (10 bytes).
    Removing at32f4xx_tim.o(i.TMR_ETRClockMode1Config), (54 bytes).
    Removing at32f4xx_tim.o(i.TMR_ETRClockMode2Config), (32 bytes).
    Removing at32f4xx_tim.o(i.TMR_ETRConfig), (28 bytes).
    Removing at32f4xx_tim.o(i.TMR_EncoderInterfaceConfig), (66 bytes).
    Removing at32f4xx_tim.o(i.TMR_ForcedOC1Config), (18 bytes).
    Removing at32f4xx_tim.o(i.TMR_ForcedOC2Config), (26 bytes).
    Removing at32f4xx_tim.o(i.TMR_ForcedOC3Config), (18 bytes).
    Removing at32f4xx_tim.o(i.TMR_ForcedOC4Config), (26 bytes).
    Removing at32f4xx_tim.o(i.TMR_GenerateEvent), (4 bytes).
    Removing at32f4xx_tim.o(i.TMR_GetCapture1), (6 bytes).
    Removing at32f4xx_tim.o(i.TMR_GetCapture2), (6 bytes).
    Removing at32f4xx_tim.o(i.TMR_GetCapture3), (6 bytes).
    Removing at32f4xx_tim.o(i.TMR_GetCapture4), (6 bytes).
    Removing at32f4xx_tim.o(i.TMR_GetCounter), (6 bytes).
    Removing at32f4xx_tim.o(i.TMR_GetDIV), (6 bytes).
    Removing at32f4xx_tim.o(i.TMR_GetFlagStatus), (18 bytes).
    Removing at32f4xx_tim.o(i.TMR_GetINTStatus), (34 bytes).
    Removing at32f4xx_tim.o(i.TMR_ICInit), (110 bytes).
    Removing at32f4xx_tim.o(i.TMR_ICStructInit), (18 bytes).
    Removing at32f4xx_tim.o(i.TMR_INTConfig), (18 bytes).
    Removing at32f4xx_tim.o(i.TMR_ITRxExternalClockConfig), (24 bytes).
    Removing at32f4xx_tim.o(i.TMR_InternalClockConfig), (12 bytes).
    Removing at32f4xx_tim.o(i.TMR_OC1FastConfig), (18 bytes).
    Removing at32f4xx_tim.o(i.TMR_OC1Init), (108 bytes).
    Removing at32f4xx_tim.o(i.TMR_OC1NPolarityConfig), (18 bytes).
    Removing at32f4xx_tim.o(i.TMR_OC1PolarityConfig), (18 bytes).
    Removing at32f4xx_tim.o(i.TMR_OC1PreloadConfig), (18 bytes).
    Removing at32f4xx_tim.o(i.TMR_OC2FastConfig), (26 bytes).
    Removing at32f4xx_tim.o(i.TMR_OC2Init), (148 bytes).
    Removing at32f4xx_tim.o(i.TMR_OC2NPolarityConfig), (26 bytes).
    Removing at32f4xx_tim.o(i.TMR_OC2PolarityConfig), (26 bytes).
    Removing at32f4xx_tim.o(i.TMR_OC2PreloadConfig), (26 bytes).
    Removing at32f4xx_tim.o(i.TMR_OC3FastConfig), (18 bytes).
    Removing at32f4xx_tim.o(i.TMR_OC3Init), (144 bytes).
    Removing at32f4xx_tim.o(i.TMR_OC3NPolarityConfig), (26 bytes).
    Removing at32f4xx_tim.o(i.TMR_OC3PolarityConfig), (26 bytes).
    Removing at32f4xx_tim.o(i.TMR_OC3PreloadConfig), (18 bytes).
    Removing at32f4xx_tim.o(i.TMR_OC4FastConfig), (26 bytes).
    Removing at32f4xx_tim.o(i.TMR_OC4Init), (108 bytes).
    Removing at32f4xx_tim.o(i.TMR_OC4PolarityConfig), (26 bytes).
    Removing at32f4xx_tim.o(i.TMR_OC4PreloadConfig), (26 bytes).
    Removing at32f4xx_tim.o(i.TMR_OCStructInit), (20 bytes).
    Removing at32f4xx_tim.o(i.TMR_PWMIConfig), (124 bytes).
    Removing at32f4xx_tim.o(i.TMR_Reset), (232 bytes).
    Removing at32f4xx_tim.o(i.TMR_SelectCCDMA), (24 bytes).
    Removing at32f4xx_tim.o(i.TMR_SelectHALL), (24 bytes).
    Removing at32f4xx_tim.o(i.TMR_SelectHallSensor), (24 bytes).
    Removing at32f4xx_tim.o(i.TMR_SelectInputTrigger), (18 bytes).
    Removing at32f4xx_tim.o(i.TMR_SelectMasterSlaveMode), (18 bytes).
    Removing at32f4xx_tim.o(i.TMR_SelectOCxM), (82 bytes).
    Removing at32f4xx_tim.o(i.TMR_SelectOnePulseMode), (18 bytes).
    Removing at32f4xx_tim.o(i.TMR_SelectOutputTrigger), (18 bytes).
    Removing at32f4xx_tim.o(i.TMR_SelectPlusMode), (56 bytes).
    Removing at32f4xx_tim.o(i.TMR_SelectSlaveMode), (18 bytes).
    Removing at32f4xx_tim.o(i.TMR_SetAutoreload), (4 bytes).
    Removing at32f4xx_tim.o(i.TMR_SetClockDivision), (18 bytes).
    Removing at32f4xx_tim.o(i.TMR_SetCompare1), (4 bytes).
    Removing at32f4xx_tim.o(i.TMR_SetCompare2), (4 bytes).
    Removing at32f4xx_tim.o(i.TMR_SetCompare3), (4 bytes).
    Removing at32f4xx_tim.o(i.TMR_SetCompare4), (4 bytes).
    Removing at32f4xx_tim.o(i.TMR_SetCounter), (4 bytes).
    Removing at32f4xx_tim.o(i.TMR_SetIC1DIV), (18 bytes).
    Removing at32f4xx_tim.o(i.TMR_SetIC2DIV), (26 bytes).
    Removing at32f4xx_tim.o(i.TMR_SetIC3DIV), (18 bytes).
    Removing at32f4xx_tim.o(i.TMR_SetIC4DIV), (26 bytes).
    Removing at32f4xx_tim.o(i.TMR_TIxExternalClockConfig), (62 bytes).
    Removing at32f4xx_tim.o(i.TMR_TimeBaseInit), (88 bytes).
    Removing at32f4xx_tim.o(i.TMR_TimeBaseStructInit), (18 bytes).
    Removing at32f4xx_tim.o(i.TMR_UpdateDisableConfig), (24 bytes).
    Removing at32f4xx_tim.o(i.TMR_UpdateRequestConfig), (24 bytes).
    Removing at32f4xx_usart.o(.rev16_text), (4 bytes).
    Removing at32f4xx_usart.o(.revsh_text), (4 bytes).
    Removing at32f4xx_usart.o(.rrx_text), (6 bytes).
    Removing at32f4xx_usart.o(i.USART_ClearFlag), (18 bytes).
    Removing at32f4xx_usart.o(i.USART_ClearITPendingBit), (30 bytes).
    Removing at32f4xx_usart.o(i.USART_ClockInit), (34 bytes).
    Removing at32f4xx_usart.o(i.USART_ClockStructInit), (12 bytes).
    Removing at32f4xx_usart.o(i.USART_Cmd), (24 bytes).
    Removing at32f4xx_usart.o(i.USART_DMACmd), (18 bytes).
    Removing at32f4xx_usart.o(i.USART_GetFlagStatus), (26 bytes).
    Removing at32f4xx_usart.o(i.USART_GetITStatus), (84 bytes).
    Removing at32f4xx_usart.o(i.USART_HalfDuplexCmd), (24 bytes).
    Removing at32f4xx_usart.o(i.USART_INTConfig), (74 bytes).
    Removing at32f4xx_usart.o(i.USART_Init), (232 bytes).
    Removing at32f4xx_usart.o(i.USART_IrDACmd), (24 bytes).
    Removing at32f4xx_usart.o(i.USART_IrDAConfig), (18 bytes).
    Removing at32f4xx_usart.o(i.USART_LINBreakDetectLengthConfig), (18 bytes).
    Removing at32f4xx_usart.o(i.USART_LINCmd), (24 bytes).
    Removing at32f4xx_usart.o(i.USART_ReceiveData), (10 bytes).
    Removing at32f4xx_usart.o(i.USART_ReceiverWakeUpCmd), (24 bytes).
    Removing at32f4xx_usart.o(i.USART_Reset), (156 bytes).
    Removing at32f4xx_usart.o(i.USART_SendBreak), (10 bytes).
    Removing at32f4xx_usart.o(i.USART_SendData), (8 bytes).
    Removing at32f4xx_usart.o(i.USART_SetAddress), (18 bytes).
    Removing at32f4xx_usart.o(i.USART_SetGuardTime), (16 bytes).
    Removing at32f4xx_usart.o(i.USART_SetPrescaler), (16 bytes).
    Removing at32f4xx_usart.o(i.USART_SmartCardCmd), (24 bytes).
    Removing at32f4xx_usart.o(i.USART_SmartCardNACKCmd), (24 bytes).
    Removing at32f4xx_usart.o(i.USART_StructInit), (24 bytes).
    Removing at32f4xx_usart.o(i.USART_WakeUpConfig), (18 bytes).
    Removing at32f4xx_wwdg.o(.rev16_text), (4 bytes).
    Removing at32f4xx_wwdg.o(.revsh_text), (4 bytes).
    Removing at32f4xx_wwdg.o(.rrx_text), (6 bytes).
    Removing at32f4xx_wwdg.o(i.WWDG_ClearFlag), (12 bytes).
    Removing at32f4xx_wwdg.o(i.WWDG_Enable), (16 bytes).
    Removing at32f4xx_wwdg.o(i.WWDG_EnableINT), (12 bytes).
    Removing at32f4xx_wwdg.o(i.WWDG_GetFlagStatus), (12 bytes).
    Removing at32f4xx_wwdg.o(i.WWDG_Reset), (22 bytes).
    Removing at32f4xx_wwdg.o(i.WWDG_SetCounter), (16 bytes).
    Removing at32f4xx_wwdg.o(i.WWDG_SetPrescaler), (24 bytes).
    Removing at32f4xx_wwdg.o(i.WWDG_SetWindowCounter), (40 bytes).
    Removing at32f4xx_xmc.o(.rev16_text), (4 bytes).
    Removing at32f4xx_xmc.o(.revsh_text), (4 bytes).
    Removing at32f4xx_xmc.o(.rrx_text), (6 bytes).
    Removing misc.o(.rev16_text), (4 bytes).
    Removing misc.o(.revsh_text), (4 bytes).
    Removing misc.o(.rrx_text), (6 bytes).
    Removing misc.o(i.NVIC_Init), (112 bytes).
    Removing misc.o(i.NVIC_PriorityGroupConfig), (20 bytes).
    Removing misc.o(i.NVIC_SetVectorTable), (20 bytes).
    Removing misc.o(i.NVIC_SystemLPConfig), (32 bytes).
    Removing misc.o(i.SysTick_CLKSourceConfig), (40 bytes).

592 unused section(s) (total 24360 bytes) removed from the image.

==============================================================================

Image Symbol Table

    Local Symbols

    Symbol Name                              Value     Ov Type        Size  Object(Section)

    ../clib/microlib/division.c              0x00000000   Number         0  uldiv.o ABSOLUTE
    ../clib/microlib/init/entry.s            0x00000000   Number         0  entry11a.o ABSOLUTE
    ../clib/microlib/init/entry.s            0x00000000   Number         0  entry11b.o ABSOLUTE
    ../clib/microlib/init/entry.s            0x00000000   Number         0  entry7b.o ABSOLUTE
    ../clib/microlib/init/entry.s            0x00000000   Number         0  entry10b.o ABSOLUTE
    ../clib/microlib/init/entry.s            0x00000000   Number         0  entry10a.o ABSOLUTE
    ../clib/microlib/init/entry.s            0x00000000   Number         0  entry9a.o ABSOLUTE
    ../clib/microlib/init/entry.s            0x00000000   Number         0  entry8b.o ABSOLUTE
    ../clib/microlib/init/entry.s            0x00000000   Number         0  entry8a.o ABSOLUTE
    ../clib/microlib/init/entry.s            0x00000000   Number         0  entry7a.o ABSOLUTE
    ../clib/microlib/init/entry.s            0x00000000   Number         0  entry9b.o ABSOLUTE
    ../clib/microlib/init/entry.s            0x00000000   Number         0  entry5.o ABSOLUTE
    ../clib/microlib/init/entry.s            0x00000000   Number         0  entry2.o ABSOLUTE
    ../clib/microlib/init/entry.s            0x00000000   Number         0  entry.o ABSOLUTE
    ../clib/microlib/longlong.c              0x00000000   Number         0  llushr.o ABSOLUTE
    ../clib/microlib/longlong.c              0x00000000   Number         0  llshl.o ABSOLUTE
    ..\..\..\Libraries\AT32F4xx_StdPeriph_Driver\src\at32f4xx_acc.c 0x00000000   Number         0  at32f4xx_acc.o ABSOLUTE
    ..\..\..\Libraries\AT32F4xx_StdPeriph_Driver\src\at32f4xx_adc.c 0x00000000   Number         0  at32f4xx_adc.o ABSOLUTE
    ..\..\..\Libraries\AT32F4xx_StdPeriph_Driver\src\at32f4xx_bkp.c 0x00000000   Number         0  at32f4xx_bkp.o ABSOLUTE
    ..\..\..\Libraries\AT32F4xx_StdPeriph_Driver\src\at32f4xx_can.c 0x00000000   Number         0  at32f4xx_can.o ABSOLUTE
    ..\..\..\Libraries\AT32F4xx_StdPeriph_Driver\src\at32f4xx_comp.c 0x00000000   Number         0  at32f4xx_comp.o ABSOLUTE
    ..\..\..\Libraries\AT32F4xx_StdPeriph_Driver\src\at32f4xx_crc.c 0x00000000   Number         0  at32f4xx_crc.o ABSOLUTE
    ..\..\..\Libraries\AT32F4xx_StdPeriph_Driver\src\at32f4xx_dac.c 0x00000000   Number         0  at32f4xx_dac.o ABSOLUTE
    ..\..\..\Libraries\AT32F4xx_StdPeriph_Driver\src\at32f4xx_dbgmcu.c 0x00000000   Number         0  at32f4xx_dbgmcu.o ABSOLUTE
    ..\..\..\Libraries\AT32F4xx_StdPeriph_Driver\src\at32f4xx_dma.c 0x00000000   Number         0  at32f4xx_dma.o ABSOLUTE
    ..\..\..\Libraries\AT32F4xx_StdPeriph_Driver\src\at32f4xx_ertc.c 0x00000000   Number         0  at32f4xx_ertc.o ABSOLUTE
    ..\..\..\Libraries\AT32F4xx_StdPeriph_Driver\src\at32f4xx_eth.c 0x00000000   Number         0  at32f4xx_eth.o ABSOLUTE
    ..\..\..\Libraries\AT32F4xx_StdPeriph_Driver\src\at32f4xx_exti.c 0x00000000   Number         0  at32f4xx_exti.o ABSOLUTE
    ..\..\..\Libraries\AT32F4xx_StdPeriph_Driver\src\at32f4xx_flash.c 0x00000000   Number         0  at32f4xx_flash.o ABSOLUTE
    ..\..\..\Libraries\AT32F4xx_StdPeriph_Driver\src\at32f4xx_gpio.c 0x00000000   Number         0  at32f4xx_gpio.o ABSOLUTE
    ..\..\..\Libraries\AT32F4xx_StdPeriph_Driver\src\at32f4xx_gpio_ex.c 0x00000000   Number         0  at32f4xx_gpio_ex.o ABSOLUTE
    ..\..\..\Libraries\AT32F4xx_StdPeriph_Driver\src\at32f4xx_i2c.c 0x00000000   Number         0  at32f4xx_i2c.o ABSOLUTE
    ..\..\..\Libraries\AT32F4xx_StdPeriph_Driver\src\at32f4xx_iwdg.c 0x00000000   Number         0  at32f4xx_iwdg.o ABSOLUTE
    ..\..\..\Libraries\AT32F4xx_StdPeriph_Driver\src\at32f4xx_pwr.c 0x00000000   Number         0  at32f4xx_pwr.o ABSOLUTE
    ..\..\..\Libraries\AT32F4xx_StdPeriph_Driver\src\at32f4xx_rcc.c 0x00000000   Number         0  at32f4xx_rcc.o ABSOLUTE
    ..\..\..\Libraries\AT32F4xx_StdPeriph_Driver\src\at32f4xx_rtc.c 0x00000000   Number         0  at32f4xx_rtc.o ABSOLUTE
    ..\..\..\Libraries\AT32F4xx_StdPeriph_Driver\src\at32f4xx_sdio.c 0x00000000   Number         0  at32f4xx_sdio.o ABSOLUTE
    ..\..\..\Libraries\AT32F4xx_StdPeriph_Driver\src\at32f4xx_spi.c 0x00000000   Number         0  at32f4xx_spi.o ABSOLUTE
    ..\..\..\Libraries\AT32F4xx_StdPeriph_Driver\src\at32f4xx_syscfg.c 0x00000000   Number         0  at32f4xx_syscfg.o ABSOLUTE
    ..\..\..\Libraries\AT32F4xx_StdPeriph_Driver\src\at32f4xx_tim.c 0x00000000   Number         0  at32f4xx_tim.o ABSOLUTE
    ..\..\..\Libraries\AT32F4xx_StdPeriph_Driver\src\at32f4xx_usart.c 0x00000000   Number         0  at32f4xx_usart.o ABSOLUTE
    ..\..\..\Libraries\AT32F4xx_StdPeriph_Driver\src\at32f4xx_wwdg.c 0x00000000   Number         0  at32f4xx_wwdg.o ABSOLUTE
    ..\..\..\Libraries\AT32F4xx_StdPeriph_Driver\src\at32f4xx_xmc.c 0x00000000   Number         0  at32f4xx_xmc.o ABSOLUTE
    ..\..\..\Libraries\AT32F4xx_StdPeriph_Driver\src\misc.c 0x00000000   Number         0  misc.o ABSOLUTE
    ..\..\..\Libraries\CMSIS\CM4\DeviceSupport\startup\mdk\startup_at32f415cct7.s 0x00000000   Number         0  startup_at32f415cct7.o ABSOLUTE
    ..\\..\\..\\Libraries\\AT32F4xx_StdPeriph_Driver\\src\\at32f4xx_acc.c 0x00000000   Number         0  at32f4xx_acc.o ABSOLUTE
    ..\\..\\..\\Libraries\\AT32F4xx_StdPeriph_Driver\\src\\at32f4xx_adc.c 0x00000000   Number         0  at32f4xx_adc.o ABSOLUTE
    ..\\..\\..\\Libraries\\AT32F4xx_StdPeriph_Driver\\src\\at32f4xx_bkp.c 0x00000000   Number         0  at32f4xx_bkp.o ABSOLUTE
    ..\\..\\..\\Libraries\\AT32F4xx_StdPeriph_Driver\\src\\at32f4xx_can.c 0x00000000   Number         0  at32f4xx_can.o ABSOLUTE
    ..\\..\\..\\Libraries\\AT32F4xx_StdPeriph_Driver\\src\\at32f4xx_comp.c 0x00000000   Number         0  at32f4xx_comp.o ABSOLUTE
    ..\\..\\..\\Libraries\\AT32F4xx_StdPeriph_Driver\\src\\at32f4xx_crc.c 0x00000000   Number         0  at32f4xx_crc.o ABSOLUTE
    ..\\..\\..\\Libraries\\AT32F4xx_StdPeriph_Driver\\src\\at32f4xx_dac.c 0x00000000   Number         0  at32f4xx_dac.o ABSOLUTE
    ..\\..\\..\\Libraries\\AT32F4xx_StdPeriph_Driver\\src\\at32f4xx_dbgmcu.c 0x00000000   Number         0  at32f4xx_dbgmcu.o ABSOLUTE
    ..\\..\\..\\Libraries\\AT32F4xx_StdPeriph_Driver\\src\\at32f4xx_dma.c 0x00000000   Number         0  at32f4xx_dma.o ABSOLUTE
    ..\\..\\..\\Libraries\\AT32F4xx_StdPeriph_Driver\\src\\at32f4xx_ertc.c 0x00000000   Number         0  at32f4xx_ertc.o ABSOLUTE
    ..\\..\\..\\Libraries\\AT32F4xx_StdPeriph_Driver\\src\\at32f4xx_eth.c 0x00000000   Number         0  at32f4xx_eth.o ABSOLUTE
    ..\\..\\..\\Libraries\\AT32F4xx_StdPeriph_Driver\\src\\at32f4xx_exti.c 0x00000000   Number         0  at32f4xx_exti.o ABSOLUTE
    ..\\..\\..\\Libraries\\AT32F4xx_StdPeriph_Driver\\src\\at32f4xx_flash.c 0x00000000   Number         0  at32f4xx_flash.o ABSOLUTE
    ..\\..\\..\\Libraries\\AT32F4xx_StdPeriph_Driver\\src\\at32f4xx_gpio.c 0x00000000   Number         0  at32f4xx_gpio.o ABSOLUTE
    ..\\..\\..\\Libraries\\AT32F4xx_StdPeriph_Driver\\src\\at32f4xx_gpio_ex.c 0x00000000   Number         0  at32f4xx_gpio_ex.o ABSOLUTE
    ..\\..\\..\\Libraries\\AT32F4xx_StdPeriph_Driver\\src\\at32f4xx_i2c.c 0x00000000   Number         0  at32f4xx_i2c.o ABSOLUTE
    ..\\..\\..\\Libraries\\AT32F4xx_StdPeriph_Driver\\src\\at32f4xx_iwdg.c 0x00000000   Number         0  at32f4xx_iwdg.o ABSOLUTE
    ..\\..\\..\\Libraries\\AT32F4xx_StdPeriph_Driver\\src\\at32f4xx_pwr.c 0x00000000   Number         0  at32f4xx_pwr.o ABSOLUTE
    ..\\..\\..\\Libraries\\AT32F4xx_StdPeriph_Driver\\src\\at32f4xx_rcc.c 0x00000000   Number         0  at32f4xx_rcc.o ABSOLUTE
    ..\\..\\..\\Libraries\\AT32F4xx_StdPeriph_Driver\\src\\at32f4xx_rtc.c 0x00000000   Number         0  at32f4xx_rtc.o ABSOLUTE
    ..\\..\\..\\Libraries\\AT32F4xx_StdPeriph_Driver\\src\\at32f4xx_sdio.c 0x00000000   Number         0  at32f4xx_sdio.o ABSOLUTE
    ..\\..\\..\\Libraries\\AT32F4xx_StdPeriph_Driver\\src\\at32f4xx_spi.c 0x00000000   Number         0  at32f4xx_spi.o ABSOLUTE
    ..\\..\\..\\Libraries\\AT32F4xx_StdPeriph_Driver\\src\\at32f4xx_syscfg.c 0x00000000   Number         0  at32f4xx_syscfg.o ABSOLUTE
    ..\\..\\..\\Libraries\\AT32F4xx_StdPeriph_Driver\\src\\at32f4xx_tim.c 0x00000000   Number         0  at32f4xx_tim.o ABSOLUTE
    ..\\..\\..\\Libraries\\AT32F4xx_StdPeriph_Driver\\src\\at32f4xx_usart.c 0x00000000   Number         0  at32f4xx_usart.o ABSOLUTE
    ..\\..\\..\\Libraries\\AT32F4xx_StdPeriph_Driver\\src\\at32f4xx_wwdg.c 0x00000000   Number         0  at32f4xx_wwdg.o ABSOLUTE
    ..\\..\\..\\Libraries\\AT32F4xx_StdPeriph_Driver\\src\\at32f4xx_xmc.c 0x00000000   Number         0  at32f4xx_xmc.o ABSOLUTE
    ..\\..\\..\\Libraries\\AT32F4xx_StdPeriph_Driver\\src\\misc.c 0x00000000   Number         0  misc.o ABSOLUTE
    ..\\at32f4xx_it.c                        0x00000000   Number         0  at32f4xx_it.o ABSOLUTE
    ..\\main.c                               0x00000000   Number         0  main.o ABSOLUTE
    ..\\system_at32f4xx.c                    0x00000000   Number         0  system_at32f4xx.o ABSOLUTE
    ..\at32f4xx_it.c                         0x00000000   Number         0  at32f4xx_it.o ABSOLUTE
    ..\main.c                                0x00000000   Number         0  main.o ABSOLUTE
    ..\system_at32f4xx.c                     0x00000000   Number         0  system_at32f4xx.o ABSOLUTE
    dc.s                                     0x00000000   Number         0  dc.o ABSOLUTE
    handlers.s                               0x00000000   Number         0  handlers.o ABSOLUTE
    init.s                                   0x00000000   Number         0  init.o ABSOLUTE
    RESET                                    0x08000000   Section      368  startup_at32f415cct7.o(RESET)
    .ARM.Collect$$$$00000000                 0x08000170   Section        0  entry.o(.ARM.Collect$$$$00000000)
    .ARM.Collect$$$$00000001                 0x08000170   Section        4  entry2.o(.ARM.Collect$$$$00000001)
    .ARM.Collect$$$$00000004                 0x08000174   Section        4  entry5.o(.ARM.Collect$$$$00000004)
    .ARM.Collect$$$$00000008                 0x08000178   Section        0  entry7b.o(.ARM.Collect$$$$00000008)
    .ARM.Collect$$$$0000000A                 0x08000178   Section        0  entry8b.o(.ARM.Collect$$$$0000000A)
    .ARM.Collect$$$$0000000B                 0x08000178   Section        8  entry9a.o(.ARM.Collect$$$$0000000B)
    .ARM.Collect$$$$0000000D                 0x08000180   Section        0  entry10a.o(.ARM.Collect$$$$0000000D)
    .ARM.Collect$$$$0000000F                 0x08000180   Section        0  entry11a.o(.ARM.Collect$$$$0000000F)
    .ARM.Collect$$$$00002712                 0x08000180   Section        4  entry2.o(.ARM.Collect$$$$00002712)
    __lit__00000000                          0x08000180   Data           4  entry2.o(.ARM.Collect$$$$00002712)
    .text                                    0x08000184   Section       36  startup_at32f415cct7.o(.text)
    .text                                    0x080001a8   Section       36  init.o(.text)
    i.BusFault_Handler                       0x080001cc   Section        0  at32f4xx_it.o(i.BusFault_Handler)
    i.DebugMon_Handler                       0x080001d0   Section        0  at32f4xx_it.o(i.DebugMon_Handler)
    i.HardFault_Handler                      0x080001d2   Section        0  at32f4xx_it.o(i.HardFault_Handler)
    i.MemManage_Handler                      0x080001d6   Section        0  at32f4xx_it.o(i.MemManage_Handler)
    i.NMI_Handler                            0x080001da   Section        0  at32f4xx_it.o(i.NMI_Handler)
    i.RCC_APB1PeriphClockCmd                 0x080001dc   Section        0  at32f4xx_rcc.o(i.RCC_APB1PeriphClockCmd)
    i.RCC_PLLconfig2                         0x080001fc   Section        0  at32f4xx_rcc.o(i.RCC_PLLconfig2)
    i.RCC_StepModeCmd                        0x08000264   Section        0  at32f4xx_rcc.o(i.RCC_StepModeCmd)
    i.SetSysClock                            0x08000288   Section        0  system_at32f4xx.o(i.SetSysClock)
    SetSysClock                              0x08000289   Thumb Code     8  system_at32f4xx.o(i.SetSysClock)
    i.SetSysClockTo150MHSI                   0x08000290   Section        0  system_at32f4xx.o(i.SetSysClockTo150MHSI)
    SetSysClockTo150MHSI                     0x08000291   Thumb Code   262  system_at32f4xx.o(i.SetSysClockTo150MHSI)
    i.SystemInit                             0x080003a4   Section        0  system_at32f4xx.o(i.SystemInit)
    i.UsageFault_Handler                     0x08000440   Section        0  at32f4xx_it.o(i.UsageFault_Handler)
    i.__scatterload_copy                     0x08000444   Section       14  handlers.o(i.__scatterload_copy)
    i.__scatterload_null                     0x08000452   Section        2  handlers.o(i.__scatterload_null)
    i.__scatterload_zeroinit                 0x08000454   Section       14  handlers.o(i.__scatterload_zeroinit)
    i.main                                   0x08000464   Section        0  main.o(i.main)
    .data                                    0x20000000   Section        4  main.o(.data)
    STACK                                    0x20000008   Section     1024  startup_at32f415cct7.o(STACK)

    Global Symbols

    Symbol Name                              Value     Ov Type        Size  Object(Section)

    BuildAttributes$$THM_ISAv4$E$P$D$K$B$S$7EM$PE$A:L22UL41UL21$X:L11$S22US41US21$IEEE1$IW$USESV6$~STKCKD$USESV7$~SHL$OSPACE$EBA8$MICROLIB$REQ8$PRES8$EABIv2 0x00000000   Number         0  anon$$obj.o ABSOLUTE
    __ARM_use_no_argv                        0x00000000   Number         0  main.o ABSOLUTE
    __cpp_initialize__aeabi_                  - Undefined Weak Reference
    __cxa_finalize                            - Undefined Weak Reference
    __decompress                              - Undefined Weak Reference
    _clock_init                               - Undefined Weak Reference
    _microlib_exit                            - Undefined Weak Reference
    __Vectors_Size                           0x00000170   Number         0  startup_at32f415cct7.o ABSOLUTE
    __Vectors                                0x08000000   Data           4  startup_at32f415cct7.o(RESET)
    __Vectors_End                            0x08000170   Data           0  startup_at32f415cct7.o(RESET)
    __main                                   0x08000171   Thumb Code     0  entry.o(.ARM.Collect$$$$00000000)
    _main_stk                                0x08000171   Thumb Code     0  entry2.o(.ARM.Collect$$$$00000001)
    _main_scatterload                        0x08000175   Thumb Code     0  entry5.o(.ARM.Collect$$$$00000004)
    __main_after_scatterload                 0x08000179   Thumb Code     0  entry5.o(.ARM.Collect$$$$00000004)
    _main_clock                              0x08000179   Thumb Code     0  entry7b.o(.ARM.Collect$$$$00000008)
    _main_cpp_init                           0x08000179   Thumb Code     0  entry8b.o(.ARM.Collect$$$$0000000A)
    _main_init                               0x08000179   Thumb Code     0  entry9a.o(.ARM.Collect$$$$0000000B)
    __rt_final_cpp                           0x08000181   Thumb Code     0  entry10a.o(.ARM.Collect$$$$0000000D)
    __rt_final_exit                          0x08000181   Thumb Code     0  entry11a.o(.ARM.Collect$$$$0000000F)
    Reset_Handler                            0x08000185   Thumb Code     8  startup_at32f415cct7.o(.text)
    SVC_Handler                              0x08000197   Thumb Code     2  startup_at32f415cct7.o(.text)
    PendSV_Handler                           0x0800019b   Thumb Code     2  startup_at32f415cct7.o(.text)
    SysTick_Handler                          0x0800019d   Thumb Code     2  startup_at32f415cct7.o(.text)
    ACC_IRQHandler                           0x0800019f   Thumb Code     0  startup_at32f415cct7.o(.text)
    ADC1_2_IRQHandler                        0x0800019f   Thumb Code     0  startup_at32f415cct7.o(.text)
    CAN1_RX0_IRQHandler                      0x0800019f   Thumb Code     0  startup_at32f415cct7.o(.text)
    CAN1_RX1_IRQHandler                      0x0800019f   Thumb Code     0  startup_at32f415cct7.o(.text)
    CAN1_SCE_IRQHandler                      0x0800019f   Thumb Code     0  startup_at32f415cct7.o(.text)
    CAN1_TX_IRQHandler                       0x0800019f   Thumb Code     0  startup_at32f415cct7.o(.text)
    COMP1_IRQHandler                         0x0800019f   Thumb Code     0  startup_at32f415cct7.o(.text)
    COMP2_IRQHandler                         0x0800019f   Thumb Code     0  startup_at32f415cct7.o(.text)
    DMA1_Channel1_IRQHandler                 0x0800019f   Thumb Code     0  startup_at32f415cct7.o(.text)
    DMA1_Channel2_IRQHandler                 0x0800019f   Thumb Code     0  startup_at32f415cct7.o(.text)
    DMA1_Channel3_IRQHandler                 0x0800019f   Thumb Code     0  startup_at32f415cct7.o(.text)
    DMA1_Channel4_IRQHandler                 0x0800019f   Thumb Code     0  startup_at32f415cct7.o(.text)
    DMA1_Channel5_IRQHandler                 0x0800019f   Thumb Code     0  startup_at32f415cct7.o(.text)
    DMA1_Channel6_IRQHandler                 0x0800019f   Thumb Code     0  startup_at32f415cct7.o(.text)
    DMA1_Channel7_IRQHandler                 0x0800019f   Thumb Code     0  startup_at32f415cct7.o(.text)
    DMA2_Channel1_IRQHandler                 0x0800019f   Thumb Code     0  startup_at32f415cct7.o(.text)
    DMA2_Channel2_IRQHandler                 0x0800019f   Thumb Code     0  startup_at32f415cct7.o(.text)
    DMA2_Channel3_IRQHandler                 0x0800019f   Thumb Code     0  startup_at32f415cct7.o(.text)
    DMA2_Channel4_5_IRQHandler               0x0800019f   Thumb Code     0  startup_at32f415cct7.o(.text)
    DMA2_Channel6_7_IRQHandler               0x0800019f   Thumb Code     0  startup_at32f415cct7.o(.text)
    ERTCAlarm_IRQHandler                     0x0800019f   Thumb Code     0  startup_at32f415cct7.o(.text)
    ERTC_WKUP_IRQHandler                     0x0800019f   Thumb Code     0  startup_at32f415cct7.o(.text)
    EXTI0_IRQHandler                         0x0800019f   Thumb Code     0  startup_at32f415cct7.o(.text)
    EXTI15_10_IRQHandler                     0x0800019f   Thumb Code     0  startup_at32f415cct7.o(.text)
    EXTI1_IRQHandler                         0x0800019f   Thumb Code     0  startup_at32f415cct7.o(.text)
    EXTI2_IRQHandler                         0x0800019f   Thumb Code     0  startup_at32f415cct7.o(.text)
    EXTI3_IRQHandler                         0x0800019f   Thumb Code     0  startup_at32f415cct7.o(.text)
    EXTI4_IRQHandler                         0x0800019f   Thumb Code     0  startup_at32f415cct7.o(.text)
    EXTI9_5_IRQHandler                       0x0800019f   Thumb Code     0  startup_at32f415cct7.o(.text)
    FLASH_IRQHandler                         0x0800019f   Thumb Code     0  startup_at32f415cct7.o(.text)
    I2C1_ER_IRQHandler                       0x0800019f   Thumb Code     0  startup_at32f415cct7.o(.text)
    I2C1_EV_IRQHandler                       0x0800019f   Thumb Code     0  startup_at32f415cct7.o(.text)
    I2C2_ER_IRQHandler                       0x0800019f   Thumb Code     0  startup_at32f415cct7.o(.text)
    I2C2_EV_IRQHandler                       0x0800019f   Thumb Code     0  startup_at32f415cct7.o(.text)
    PVD_IRQHandler                           0x0800019f   Thumb Code     0  startup_at32f415cct7.o(.text)
    RCC_IRQHandler                           0x0800019f   Thumb Code     0  startup_at32f415cct7.o(.text)
    SDIO_IRQHandler                          0x0800019f   Thumb Code     0  startup_at32f415cct7.o(.text)
    SPI1_IRQHandler                          0x0800019f   Thumb Code     0  startup_at32f415cct7.o(.text)
    SPI2_IRQHandler                          0x0800019f   Thumb Code     0  startup_at32f415cct7.o(.text)
    TAMP_STAMP_IRQHandler                    0x0800019f   Thumb Code     0  startup_at32f415cct7.o(.text)
    TMR1_BRK_TMR9_IRQHandler                 0x0800019f   Thumb Code     0  startup_at32f415cct7.o(.text)
    TMR1_CC_IRQHandler                       0x0800019f   Thumb Code     0  startup_at32f415cct7.o(.text)
    TMR1_OV_TMR10_IRQHandler                 0x0800019f   Thumb Code     0  startup_at32f415cct7.o(.text)
    TMR1_TRG_COM_TMR11_IRQHandler            0x0800019f   Thumb Code     0  startup_at32f415cct7.o(.text)
    TMR2_GLOBAL_IRQHandler                   0x0800019f   Thumb Code     0  startup_at32f415cct7.o(.text)
    TMR3_GLOBAL_IRQHandler                   0x0800019f   Thumb Code     0  startup_at32f415cct7.o(.text)
    TMR4_GLOBAL_IRQHandler                   0x0800019f   Thumb Code     0  startup_at32f415cct7.o(.text)
    TMR5_GLOBAL_IRQHandler                   0x0800019f   Thumb Code     0  startup_at32f415cct7.o(.text)
    USART1_IRQHandler                        0x0800019f   Thumb Code     0  startup_at32f415cct7.o(.text)
    USART2_IRQHandler                        0x0800019f   Thumb Code     0  startup_at32f415cct7.o(.text)
    USART3_IRQHandler                        0x0800019f   Thumb Code     0  startup_at32f415cct7.o(.text)
    USBOTG_IRQHandler                        0x0800019f   Thumb Code     0  startup_at32f415cct7.o(.text)
    USBWakeUp_IRQHandler                     0x0800019f   Thumb Code     0  startup_at32f415cct7.o(.text)
    WWDG_IRQHandler                          0x0800019f   Thumb Code     0  startup_at32f415cct7.o(.text)
    __scatterload                            0x080001a9   Thumb Code    28  init.o(.text)
    __scatterload_rt2                        0x080001a9   Thumb Code     0  init.o(.text)
    BusFault_Handler                         0x080001cd   Thumb Code     4  at32f4xx_it.o(i.BusFault_Handler)
    DebugMon_Handler                         0x080001d1   Thumb Code     2  at32f4xx_it.o(i.DebugMon_Handler)
    HardFault_Handler                        0x080001d3   Thumb Code     4  at32f4xx_it.o(i.HardFault_Handler)
    MemManage_Handler                        0x080001d7   Thumb Code     4  at32f4xx_it.o(i.MemManage_Handler)
    NMI_Handler                              0x080001db   Thumb Code     2  at32f4xx_it.o(i.NMI_Handler)
    RCC_APB1PeriphClockCmd                   0x080001dd   Thumb Code    26  at32f4xx_rcc.o(i.RCC_APB1PeriphClockCmd)
    RCC_PLLconfig2                           0x080001fd   Thumb Code    84  at32f4xx_rcc.o(i.RCC_PLLconfig2)
    RCC_StepModeCmd                          0x08000265   Thumb Code    32  at32f4xx_rcc.o(i.RCC_StepModeCmd)
    SystemInit                               0x080003a5   Thumb Code   126  system_at32f4xx.o(i.SystemInit)
    UsageFault_Handler                       0x08000441   Thumb Code     4  at32f4xx_it.o(i.UsageFault_Handler)
    __scatterload_copy                       0x08000445   Thumb Code    14  handlers.o(i.__scatterload_copy)
    __scatterload_null                       0x08000453   Thumb Code     2  handlers.o(i.__scatterload_null)
    __scatterload_zeroinit                   0x08000455   Thumb Code    14  handlers.o(i.__scatterload_zeroinit)
    main                                     0x08000465   Thumb Code    14  main.o(i.main)
    Region$$Table$$Base                      0x08000478   Number         0  anon$$obj.o(Region$$Table)
    Region$$Table$$Limit                     0x08000498   Number         0  anon$$obj.o(Region$$Table)
    ulCnt                                    0x20000000   Data           4  main.o(.data)
    __initial_sp                             0x20000408   Data           0  startup_at32f415cct7.o(STACK)



==============================================================================

Memory Map of the image

  Image Entry point : 0x08000171

  Load Region LR_IROM1 (Base: 0x08000000, Size: 0x0000049c, Max: 0x00020000, ABSOLUTE)

    Execution Region ER_IROM1 (Exec base: 0x08000000, Load base: 0x08000000, Size: 0x00000498, Max: 0x00020000, ABSOLUTE)

    Exec Addr    Load Addr    Size         Type   Attr      Idx    E Section Name        Object

    0x08000000   0x08000000   0x00000170   Data   RO          247    RESET               startup_at32f415cct7.o
    0x08000170   0x08000170   0x00000000   Code   RO         3748  * .ARM.Collect$$$$00000000  mc_w.l(entry.o)
    0x08000170   0x08000170   0x00000004   Code   RO         3753    .ARM.Collect$$$$00000001  mc_w.l(entry2.o)
    0x08000174   0x08000174   0x00000004   Code   RO         3756    .ARM.Collect$$$$00000004  mc_w.l(entry5.o)
    0x08000178   0x08000178   0x00000000   Code   RO         3758    .ARM.Collect$$$$00000008  mc_w.l(entry7b.o)
    0x08000178   0x08000178   0x00000000   Code   RO         3760    .ARM.Collect$$$$0000000A  mc_w.l(entry8b.o)
    0x08000178   0x08000178   0x00000008   Code   RO         3761    .ARM.Collect$$$$0000000B  mc_w.l(entry9a.o)
    0x08000180   0x08000180   0x00000000   Code   RO         3763    .ARM.Collect$$$$0000000D  mc_w.l(entry10a.o)
    0x08000180   0x08000180   0x00000000   Code   RO         3765    .ARM.Collect$$$$0000000F  mc_w.l(entry11a.o)
    0x08000180   0x08000180   0x00000004   Code   RO         3754    .ARM.Collect$$$$00002712  mc_w.l(entry2.o)
    0x08000184   0x08000184   0x00000024   Code   RO          248    .text               startup_at32f415cct7.o
    0x080001a8   0x080001a8   0x00000024   Code   RO         3771    .text               mc_w.l(init.o)
    0x080001cc   0x080001cc   0x00000004   Code   RO          145    i.BusFault_Handler  at32f4xx_it.o
    0x080001d0   0x080001d0   0x00000002   Code   RO          146    i.DebugMon_Handler  at32f4xx_it.o
    0x080001d2   0x080001d2   0x00000004   Code   RO          147    i.HardFault_Handler  at32f4xx_it.o
    0x080001d6   0x080001d6   0x00000004   Code   RO          148    i.MemManage_Handler  at32f4xx_it.o
    0x080001da   0x080001da   0x00000002   Code   RO          149    i.NMI_Handler       at32f4xx_it.o
    0x080001dc   0x080001dc   0x00000020   Code   RO         2234    i.RCC_APB1PeriphClockCmd  at32f4xx_rcc.o
    0x080001fc   0x080001fc   0x00000068   Code   RO         2261    i.RCC_PLLconfig2    at32f4xx_rcc.o
    0x08000264   0x08000264   0x00000024   Code   RO         2266    i.RCC_StepModeCmd   at32f4xx_rcc.o
    0x08000288   0x08000288   0x00000008   Code   RO          202    i.SetSysClock       system_at32f4xx.o
    0x08000290   0x08000290   0x00000114   Code   RO          203    i.SetSysClockTo150MHSI  system_at32f4xx.o
    0x080003a4   0x080003a4   0x0000009c   Code   RO          205    i.SystemInit        system_at32f4xx.o
    0x08000440   0x08000440   0x00000004   Code   RO          150    i.UsageFault_Handler  at32f4xx_it.o
    0x08000444   0x08000444   0x0000000e   Code   RO         3775    i.__scatterload_copy  mc_w.l(handlers.o)
    0x08000452   0x08000452   0x00000002   Code   RO         3776    i.__scatterload_null  mc_w.l(handlers.o)
    0x08000454   0x08000454   0x0000000e   Code   RO         3777    i.__scatterload_zeroinit  mc_w.l(handlers.o)
    0x08000462   0x08000462   0x00000002   PAD
    0x08000464   0x08000464   0x00000014   Code   RO            4    i.main              main.o
    0x08000478   0x08000478   0x00000020   Data   RO         3773    Region$$Table       anon$$obj.o


    Execution Region RW_IRAM1 (Exec base: 0x20000000, Load base: 0x08000498, Size: 0x00000408, Max: 0x00008000, ABSOLUTE)

    Exec Addr    Load Addr    Size         Type   Attr      Idx    E Section Name        Object

    0x20000000   0x08000498   0x00000004   Data   RW            5    .data               main.o
    0x20000004   0x0800049c   0x00000004   PAD
    0x20000008        -       0x00000400   Zero   RW          245    STACK               startup_at32f415cct7.o


==============================================================================

Image component sizes


      Code (inc. data)   RO Data    RW Data    ZI Data      Debug   Object Name

        20          0          0          0          0       2529   at32f4xx_it.o
       172         30          0          0          0       3816   at32f4xx_rcc.o
        20          6          0          4          0     244287   main.o
        36          8        368          0       1024        896   startup_at32f415cct7.o
       440         44          0          0          0       1993   system_at32f4xx.o

    ----------------------------------------------------------------------
       688         88        400          4       1028     253521   Object Totals
         0          0         32          0          0          0   (incl. Generated)
         0          0          0          0          4          0   (incl. Padding)

    ----------------------------------------------------------------------

      Code (inc. data)   RO Data    RW Data    ZI Data      Debug   Library Member Name

         0          0          0          0          0          0   entry.o
         0          0          0          0          0          0   entry10a.o
         0          0          0          0          0          0   entry11a.o
         8          4          0          0          0          0   entry2.o
         4          0          0          0          0          0   entry5.o
         0          0          0          0          0          0   entry7b.o
         0          0          0          0          0          0   entry8b.o
         8          4          0          0          0          0   entry9a.o
        30          0          0          0          0          0   handlers.o
        36          8          0          0          0         68   init.o

    ----------------------------------------------------------------------
        88         16          0          0          0         68   Library Totals
         2          0          0          0          0          0   (incl. Padding)

    ----------------------------------------------------------------------

      Code (inc. data)   RO Data    RW Data    ZI Data      Debug   Library Name

        86         16          0          0          0         68   mc_w.l

    ----------------------------------------------------------------------
        88         16          0          0          0         68   Library Totals

    ----------------------------------------------------------------------

==============================================================================


      Code (inc. data)   RO Data    RW Data    ZI Data      Debug   

       776        104        400          4       1028     253273   Grand Totals
       776        104        400          4       1028     253273   ELF Image Totals
       776        104        400          4          0          0   ROM Totals

==============================================================================

    Total RO  Size (Code + RO Data)                 1176 (   1.15kB)
    Total RW  Size (RW Data + ZI Data)              1032 (   1.01kB)
    Total ROM Size (Code + RO Data + RW Data)       1180 (   1.15kB)

==============================================================================

