Component: ARM Compiler 5.06 update 6 (build 750) Tool: armlink [4d35ed]

==============================================================================

Section Cross References

    main.o(i.main) refers to tasks.o(i.xTaskCreate) for xTaskCreate
    main.o(i.main) refers to tasks.o(i.vTaskStartScheduler) for vTaskStartScheduler
    main.o(i.main) refers to main.o(i.vTskInit) for vTskInit
    main.o(i.vTskInit) refers to tasks.o(i.vTaskDelay) for vTaskDelay
    main.o(i.vTskInit) refers to main.o(.data) for ulTick
    at32f4xx_it.o(i.SysTick_Handler) refers to port.o(i.xPortSysTickHandler) for xPortSysTickHandler
    system_at32f4xx.o(i.SetSysClock) refers to system_at32f4xx.o(i.SetSysClockTo150MHSI) for SetSysClockTo150MHSI
    system_at32f4xx.o(i.SetSysClockTo150MHSI) refers to at32f4xx_rcc.o(i.RCC_PLLconfig2) for RCC_PLLconfig2
    system_at32f4xx.o(i.SetSysClockTo150MHSI) refers to at32f4xx_rcc.o(i.RCC_StepModeCmd) for RCC_StepModeCmd
    system_at32f4xx.o(i.SystemCoreClockUpdate) refers to system_at32f4xx.o(.data) for SystemCoreClock
    system_at32f4xx.o(i.SystemInit) refers to at32f4xx_rcc.o(i.RCC_APB1PeriphClockCmd) for RCC_APB1PeriphClockCmd
    system_at32f4xx.o(i.SystemInit) refers to system_at32f4xx.o(i.SetSysClock) for SetSysClock
    startup_at32f415cct7.o(RESET) refers to startup_at32f415cct7.o(STACK) for __initial_sp
    startup_at32f415cct7.o(RESET) refers to startup_at32f415cct7.o(.text) for Reset_Handler
    startup_at32f415cct7.o(RESET) refers to at32f4xx_it.o(i.NMI_Handler) for NMI_Handler
    startup_at32f415cct7.o(RESET) refers to at32f4xx_it.o(i.HardFault_Handler) for HardFault_Handler
    startup_at32f415cct7.o(RESET) refers to at32f4xx_it.o(i.MemManage_Handler) for MemManage_Handler
    startup_at32f415cct7.o(RESET) refers to at32f4xx_it.o(i.BusFault_Handler) for BusFault_Handler
    startup_at32f415cct7.o(RESET) refers to at32f4xx_it.o(i.UsageFault_Handler) for UsageFault_Handler
    startup_at32f415cct7.o(RESET) refers to port.o(.emb_text) for SVC_Handler
    startup_at32f415cct7.o(RESET) refers to at32f4xx_it.o(i.DebugMon_Handler) for DebugMon_Handler
    startup_at32f415cct7.o(RESET) refers to at32f4xx_it.o(i.SysTick_Handler) for SysTick_Handler
    startup_at32f415cct7.o(.text) refers to system_at32f4xx.o(i.SystemInit) for SystemInit
    startup_at32f415cct7.o(.text) refers to entry.o(.ARM.Collect$$$$00000000) for __main
    at32f4xx_adc.o(i.ADC_Reset) refers to at32f4xx_rcc.o(i.RCC_APB2PeriphResetCmd) for RCC_APB2PeriphResetCmd
    at32f4xx_can.o(i.CAN_GetINTStatus) refers to at32f4xx_can.o(i.CheckINTStatus) for CheckINTStatus
    at32f4xx_can.o(i.CAN_Reset) refers to at32f4xx_rcc.o(i.RCC_APB1PeriphResetCmd) for RCC_APB1PeriphResetCmd
    at32f4xx_ertc.o(i.ERTC_CoarseCalCmd) refers to at32f4xx_ertc.o(i.ERTC_EnterInitMode) for ERTC_EnterInitMode
    at32f4xx_ertc.o(i.ERTC_CoarseCalCmd) refers to at32f4xx_ertc.o(i.ERTC_ExitInitMode) for ERTC_ExitInitMode
    at32f4xx_ertc.o(i.ERTC_CoarseCalConfig) refers to at32f4xx_ertc.o(i.ERTC_EnterInitMode) for ERTC_EnterInitMode
    at32f4xx_ertc.o(i.ERTC_CoarseCalConfig) refers to at32f4xx_ertc.o(i.ERTC_ExitInitMode) for ERTC_ExitInitMode
    at32f4xx_ertc.o(i.ERTC_GetAlarmValue) refers to at32f4xx_ertc.o(i.ERTC_Bcd2ToByte) for ERTC_Bcd2ToByte
    at32f4xx_ertc.o(i.ERTC_GetDateValue) refers to at32f4xx_ertc.o(i.ERTC_Bcd2ToByte) for ERTC_Bcd2ToByte
    at32f4xx_ertc.o(i.ERTC_GetTimeStamp) refers to at32f4xx_ertc.o(i.ERTC_Bcd2ToByte) for ERTC_Bcd2ToByte
    at32f4xx_ertc.o(i.ERTC_GetTimeValue) refers to at32f4xx_ertc.o(i.ERTC_Bcd2ToByte) for ERTC_Bcd2ToByte
    at32f4xx_ertc.o(i.ERTC_Init) refers to at32f4xx_ertc.o(i.ERTC_EnterInitMode) for ERTC_EnterInitMode
    at32f4xx_ertc.o(i.ERTC_Init) refers to at32f4xx_ertc.o(i.ERTC_ExitInitMode) for ERTC_ExitInitMode
    at32f4xx_ertc.o(i.ERTC_RefClockCmd) refers to at32f4xx_ertc.o(i.ERTC_EnterInitMode) for ERTC_EnterInitMode
    at32f4xx_ertc.o(i.ERTC_RefClockCmd) refers to at32f4xx_ertc.o(i.ERTC_ExitInitMode) for ERTC_ExitInitMode
    at32f4xx_ertc.o(i.ERTC_Reset) refers to at32f4xx_ertc.o(i.ERTC_EnterInitMode) for ERTC_EnterInitMode
    at32f4xx_ertc.o(i.ERTC_Reset) refers to at32f4xx_ertc.o(i.ERTC_WaitForSynchro) for ERTC_WaitForSynchro
    at32f4xx_ertc.o(i.ERTC_SetAlarmValue) refers to at32f4xx_ertc.o(i.ERTC_Bcd2ToByte) for ERTC_Bcd2ToByte
    at32f4xx_ertc.o(i.ERTC_SetAlarmValue) refers to at32f4xx_ertc.o(i.ERTC_ByteToBcd2) for ERTC_ByteToBcd2
    at32f4xx_ertc.o(i.ERTC_SetDateValue) refers to at32f4xx_ertc.o(i.ERTC_Bcd2ToByte) for ERTC_Bcd2ToByte
    at32f4xx_ertc.o(i.ERTC_SetDateValue) refers to at32f4xx_ertc.o(i.ERTC_ByteToBcd2) for ERTC_ByteToBcd2
    at32f4xx_ertc.o(i.ERTC_SetDateValue) refers to at32f4xx_ertc.o(i.ERTC_EnterInitMode) for ERTC_EnterInitMode
    at32f4xx_ertc.o(i.ERTC_SetDateValue) refers to at32f4xx_ertc.o(i.ERTC_ExitInitMode) for ERTC_ExitInitMode
    at32f4xx_ertc.o(i.ERTC_SetDateValue) refers to at32f4xx_ertc.o(i.ERTC_WaitForSynchro) for ERTC_WaitForSynchro
[...]
    Removing at32f4xx_can.o(i.CAN_WakeUp), (48 bytes).
    Removing at32f4xx_can.o(i.CheckINTStatus), (18 bytes).
    Removing at32f4xx_comp.o(.rev16_text), (4 bytes).
    Removing at32f4xx_comp.o(.revsh_text), (4 bytes).
    Removing at32f4xx_comp.o(.rrx_text), (6 bytes).
    Removing at32f4xx_comp.o(i.COMP_Cmd), (40 bytes).
    Removing at32f4xx_comp.o(i.COMP_GetOutputState), (32 bytes).
    Removing at32f4xx_comp.o(i.COMP_Init), (48 bytes).
    Removing at32f4xx_comp.o(i.COMP_LockConfig), (24 bytes).
    Removing at32f4xx_comp.o(i.COMP_Reset), (12 bytes).
    Removing at32f4xx_comp.o(i.COMP_SelectINPInput), (32 bytes).
    Removing at32f4xx_comp.o(i.COMP_StructInit), (14 bytes).
    Removing at32f4xx_comp.o(i.COMP_SwitchCmd), (36 bytes).
    Removing at32f4xx_crc.o(.rev16_text), (4 bytes).
    Removing at32f4xx_crc.o(.revsh_text), (4 bytes).
    Removing at32f4xx_crc.o(.rrx_text), (6 bytes).
    Removing at32f4xx_crc.o(i.CRC_CalculateBlkCRC), (36 bytes).
    Removing at32f4xx_crc.o(i.CRC_CalculateCRC), (16 bytes).
    Removing at32f4xx_crc.o(i.CRC_GetCRC), (12 bytes).
    Removing at32f4xx_crc.o(i.CRC_GetIDTReg), (12 bytes).
    Removing at32f4xx_crc.o(i.CRC_ResetDT), (12 bytes).
    Removing at32f4xx_crc.o(i.CRC_SetIDTReg), (12 bytes).
    Removing at32f4xx_dac.o(.rev16_text), (4 bytes).
    Removing at32f4xx_dac.o(.revsh_text), (4 bytes).
    Removing at32f4xx_dac.o(.rrx_text), (6 bytes).
    Removing at32f4xx_dbgmcu.o(.rev16_text), (4 bytes).
    Removing at32f4xx_dbgmcu.o(.revsh_text), (4 bytes).
    Removing at32f4xx_dbgmcu.o(.rrx_text), (6 bytes).
    Removing at32f4xx_dbgmcu.o(i.MCUDBG_GetDevID), (16 bytes).
    Removing at32f4xx_dbgmcu.o(i.MCUDBG_GetRevID), (12 bytes).
    Removing at32f4xx_dbgmcu.o(i.MCUDBG_PeriphDebugModeConfig), (32 bytes).
    Removing at32f4xx_dma.o(.rev16_text), (4 bytes).
    Removing at32f4xx_dma.o(.revsh_text), (4 bytes).
    Removing at32f4xx_dma.o(.rrx_text), (6 bytes).
    Removing at32f4xx_dma.o(i.DMA_ChannelEnable), (24 bytes).
    Removing at32f4xx_dma.o(i.DMA_ClearFlag), (28 bytes).
    Removing at32f4xx_dma.o(i.DMA_ClearITPendingBit), (28 bytes).
    Removing at32f4xx_dma.o(i.DMA_DefaultInitParaConfig), (26 bytes).
    Removing at32f4xx_dma.o(i.DMA_Flexible_Config), (198 bytes).
    Removing at32f4xx_dma.o(i.DMA_GetCurrDataCounter), (8 bytes).
    Removing at32f4xx_dma.o(i.DMA_GetFlagStatus), (44 bytes).
    Removing at32f4xx_dma.o(i.DMA_GetITStatus), (44 bytes).
    Removing at32f4xx_dma.o(i.DMA_INTConfig), (18 bytes).
    Removing at32f4xx_dma.o(i.DMA_Init), (60 bytes).
    Removing at32f4xx_dma.o(i.DMA_Reset), (332 bytes).
    Removing at32f4xx_dma.o(i.DMA_SetCurrDataCounter), (4 bytes).
    Removing at32f4xx_ertc.o(.rev16_text), (4 bytes).
    Removing at32f4xx_ertc.o(.revsh_text), (4 bytes).
    Removing at32f4xx_ertc.o(.rrx_text), (6 bytes).
    Removing at32f4xx_ertc.o(i.ERTC_AlarmCmd), (116 bytes).
    Removing at32f4xx_ertc.o(i.ERTC_AlarmStructInit), (22 bytes).
    Removing at32f4xx_ertc.o(i.ERTC_AlarmSubSecondConfig), (52 bytes).
    Removing at32f4xx_ertc.o(i.ERTC_Bcd2ToByte), (22 bytes).
    Removing at32f4xx_ertc.o(i.ERTC_BypassShadowCmd), (60 bytes).
    Removing at32f4xx_ertc.o(i.ERTC_ByteToBcd2), (28 bytes).
    Removing at32f4xx_ertc.o(i.ERTC_CalOutputCmd), (60 bytes).
    Removing at32f4xx_ertc.o(i.ERTC_CalOutputConfig), (48 bytes).
    Removing at32f4xx_ertc.o(i.ERTC_ClearFlag), (28 bytes).
    Removing at32f4xx_ertc.o(i.ERTC_ClearINTPendingBINT), (32 bytes).
    Removing at32f4xx_ertc.o(i.ERTC_CoarseCalCmd), (80 bytes).
    Removing at32f4xx_ertc.o(i.ERTC_CoarseCalConfig), (56 bytes).
    Removing at32f4xx_ertc.o(i.ERTC_DateStructInit), (14 bytes).
    Removing at32f4xx_ertc.o(i.ERTC_DayLightSavingConfig), (56 bytes).
    Removing at32f4xx_ertc.o(i.ERTC_EnterInitMode), (80 bytes).
    Removing at32f4xx_ertc.o(i.ERTC_ExitInitMode), (20 bytes).
    Removing at32f4xx_ertc.o(i.ERTC_GetAlarmSubSecond), (36 bytes).
    Removing at32f4xx_ertc.o(i.ERTC_GetAlarmValue), (116 bytes).
    Removing at32f4xx_ertc.o(i.ERTC_GetDateValue), (96 bytes).
    Removing at32f4xx_ertc.o(i.ERTC_GetFlagStatus), (40 bytes).
    Removing at32f4xx_ertc.o(i.ERTC_GetINTStatus), (68 bytes).
    Removing at32f4xx_ertc.o(i.ERTC_GetStoreOperation), (16 bytes).
    Removing at32f4xx_ertc.o(i.ERTC_GetSubSecondValue), (20 bytes).
    Removing at32f4xx_ertc.o(i.ERTC_GetTimeStamp), (156 bytes).
    Removing at32f4xx_ertc.o(i.ERTC_GetTimeStampSubSecond), (12 bytes).
    Removing at32f4xx_ertc.o(i.ERTC_GetTimeValue), (100 bytes).
    Removing at32f4xx_ertc.o(i.ERTC_GetWakeUpCounter), (12 bytes).
    Removing at32f4xx_ertc.o(i.ERTC_INTConfig), (100 bytes).
    Removing at32f4xx_ertc.o(i.ERTC_Init), (100 bytes).
    Removing at32f4xx_ertc.o(i.ERTC_OutputConfig), (56 bytes).
    Removing at32f4xx_ertc.o(i.ERTC_OutputTypeConfig), (28 bytes).
    Removing at32f4xx_ertc.o(i.ERTC_ReadBackupRegister), (32 bytes).
    Removing at32f4xx_ertc.o(i.ERTC_RefClockCmd), (80 bytes).
    Removing at32f4xx_ertc.o(i.ERTC_Reset), (212 bytes).
    Removing at32f4xx_ertc.o(i.ERTC_SetAlarmValue), (236 bytes).
    Removing at32f4xx_ertc.o(i.ERTC_SetDateValue), (200 bytes).
    Removing at32f4xx_ertc.o(i.ERTC_SetTimeValue), (208 bytes).
    Removing at32f4xx_ertc.o(i.ERTC_SetWakeUpCounter), (28 bytes).
    Removing at32f4xx_ertc.o(i.ERTC_SmoothCalConfig), (96 bytes).
    Removing at32f4xx_ertc.o(i.ERTC_StructInit), (14 bytes).
    Removing at32f4xx_ertc.o(i.ERTC_SynchroShiftConfig), (124 bytes).
    Removing at32f4xx_ertc.o(i.ERTC_TamperCmd), (32 bytes).
    Removing at32f4xx_ertc.o(i.ERTC_TamperFilterConfig), (28 bytes).
    Removing at32f4xx_ertc.o(i.ERTC_TamperPinSelection), (28 bytes).
    Removing at32f4xx_ertc.o(i.ERTC_TamperPinsPrechargeDuration), (28 bytes).
    Removing at32f4xx_ertc.o(i.ERTC_TamperPullUpCmd), (36 bytes).
    Removing at32f4xx_ertc.o(i.ERTC_TamperSamplingFreqConfig), (28 bytes).
    Removing at32f4xx_ertc.o(i.ERTC_TamperTriggerConfig), (36 bytes).
    Removing at32f4xx_ertc.o(i.ERTC_TimeStampCmd), (56 bytes).
    Removing at32f4xx_ertc.o(i.ERTC_TimeStampOnTamperDetectionCmd), (36 bytes).
    Removing at32f4xx_ertc.o(i.ERTC_TimeStampPinSelection), (28 bytes).
    Removing at32f4xx_ertc.o(i.ERTC_TimeStructInit), (12 bytes).
    Removing at32f4xx_ertc.o(i.ERTC_WaitForSynchro), (96 bytes).
    Removing at32f4xx_ertc.o(i.ERTC_WakeUpClockConfig), (48 bytes).
    Removing at32f4xx_ertc.o(i.ERTC_WakeUpCmd), (120 bytes).
    Removing at32f4xx_ertc.o(i.ERTC_WriteBackupRegister), (28 bytes).
    Removing at32f4xx_ertc.o(i.ERTC_WriteProtectionCmd), (28 bytes).
    Removing at32f4xx_eth.o(.rev16_text), (4 bytes).
    Removing at32f4xx_eth.o(.revsh_text), (4 bytes).
    Removing at32f4xx_eth.o(.rrx_text), (6 bytes).
    Removing at32f4xx_exti.o(.rev16_text), (4 bytes).
    Removing at32f4xx_exti.o(.revsh_text), (4 bytes).
    Removing at32f4xx_exti.o(.rrx_text), (6 bytes).
    Removing at32f4xx_exti.o(i.EXTI_ClearFlag), (12 bytes).
    Removing at32f4xx_exti.o(i.EXTI_ClearIntPendingBit), (12 bytes).
    Removing at32f4xx_exti.o(i.EXTI_GenerateSWInt), (16 bytes).
    Removing at32f4xx_exti.o(i.EXTI_GetFlagStatus), (24 bytes).
    Removing at32f4xx_exti.o(i.EXTI_GetIntStatus), (40 bytes).
    Removing at32f4xx_exti.o(i.EXTI_Init), (148 bytes).
    Removing at32f4xx_exti.o(i.EXTI_Reset), (36 bytes).
    Removing at32f4xx_exti.o(i.EXTI_StructInit), (16 bytes).
    Removing at32f4xx_flash.o(.rev16_text), (4 bytes).
    Removing at32f4xx_flash.o(.revsh_text), (4 bytes).
    Removing at32f4xx_flash.o(.rrx_text), (6 bytes).
    Removing at32f4xx_flash.o(i.FLASH_ClearFlag), (12 bytes).
    Removing at32f4xx_flash.o(i.FLASH_EnableWriteProtect), (204 bytes).
    Removing at32f4xx_flash.o(i.FLASH_EraseAllPages), (68 bytes).
    Removing at32f4xx_flash.o(i.FLASH_EraseBank1AllPages), (68 bytes).
    Removing at32f4xx_flash.o(i.FLASH_ErasePage), (168 bytes).
    Removing at32f4xx_flash.o(i.FLASH_EraseUserOptionBytes), (160 bytes).
    Removing at32f4xx_flash.o(i.FLASH_GetBank1Status), (52 bytes).
    Removing at32f4xx_flash.o(i.FLASH_GetFlagStatus), (48 bytes).
    Removing at32f4xx_flash.o(i.FLASH_GetOptionByteProtectStatus), (32 bytes).
    Removing at32f4xx_flash.o(i.FLASH_GetReadProtectStatus), (24 bytes).
    Removing at32f4xx_flash.o(i.FLASH_GetSlibDataStartPage), (16 bytes).
    Removing at32f4xx_flash.o(i.FLASH_GetSlibEndPage), (12 bytes).
    Removing at32f4xx_flash.o(i.FLASH_GetSlibInstrStartPage), (16 bytes).
    Removing at32f4xx_flash.o(i.FLASH_GetSlibStartPage), (16 bytes).
    Removing at32f4xx_flash.o(i.FLASH_GetSlibState), (24 bytes).
    Removing at32f4xx_flash.o(i.FLASH_GetStatus), (52 bytes).
    Removing at32f4xx_flash.o(i.FLASH_GetUserOptionByte), (12 bytes).
    Removing at32f4xx_flash.o(i.FLASH_GetWriteProtectStatus), (12 bytes).
    Removing at32f4xx_flash.o(i.FLASH_INTConfig), (32 bytes).
    Removing at32f4xx_flash.o(i.FLASH_Lock), (20 bytes).
    Removing at32f4xx_flash.o(i.FLASH_LockBank1), (20 bytes).
    Removing at32f4xx_flash.o(i.FLASH_OptionByteProtectDisable), (44 bytes).
    Removing at32f4xx_flash.o(i.FLASH_ProgramByte), (160 bytes).
    Removing at32f4xx_flash.o(i.FLASH_ProgramHalfWord), (160 bytes).
    Removing at32f4xx_flash.o(i.FLASH_ProgramUserOptionByteData), (88 bytes).
    Removing at32f4xx_flash.o(i.FLASH_ProgramWord), (160 bytes).
    Removing at32f4xx_flash.o(i.FLASH_RDPandOptionByteProtectEnable), (160 bytes).
    Removing at32f4xx_flash.o(i.FLASH_ReadProtectConfig), (164 bytes).
    Removing at32f4xx_flash.o(i.FLASH_SYS_AP), (76 bytes).
    Removing at32f4xx_flash.o(i.FLASH_SlibDisable), (52 bytes).
    Removing at32f4xx_flash.o(i.FLASH_SlibMainEnable), (144 bytes).
    Removing at32f4xx_flash.o(i.FLASH_SlibSysEnable), (112 bytes).
    Removing at32f4xx_flash.o(i.FLASH_Unlock), (24 bytes).
    Removing at32f4xx_flash.o(i.FLASH_UnlockBank1), (24 bytes).
    Removing at32f4xx_flash.o(i.FLASH_UserOptionByteConfig), (104 bytes).
    Removing at32f4xx_flash.o(i.FLASH_WaitForBank1Process), (38 bytes).
    Removing at32f4xx_flash.o(i.FLASH_WaitForProcess), (38 bytes).
    Removing at32f4xx_gpio.o(.rev16_text), (4 bytes).
    Removing at32f4xx_gpio.o(.revsh_text), (4 bytes).
    Removing at32f4xx_gpio.o(.rrx_text), (6 bytes).
    Removing at32f4xx_gpio.o(i.GPIO_AFIOReset), (20 bytes).
    Removing at32f4xx_gpio.o(i.GPIO_ETH_MediaInterfaceConfig), (12 bytes).
    Removing at32f4xx_gpio.o(i.GPIO_EXTILineConfig), (64 bytes).
    Removing at32f4xx_gpio.o(i.GPIO_EventOutputCmd), (12 bytes).
    Removing at32f4xx_gpio.o(i.GPIO_EventOutputConfig), (32 bytes).
    Removing at32f4xx_gpio.o(i.GPIO_Init), (278 bytes).
    Removing at32f4xx_gpio.o(i.GPIO_PinsLockConfig), (18 bytes).
    Removing at32f4xx_gpio.o(i.GPIO_PinsRemapConfig), (1012 bytes).
    Removing at32f4xx_gpio.o(i.GPIO_ReadInputData), (8 bytes).
    Removing at32f4xx_gpio.o(i.GPIO_ReadInputDataBit), (18 bytes).
    Removing at32f4xx_gpio.o(i.GPIO_ReadOutputData), (8 bytes).
    Removing at32f4xx_gpio.o(i.GPIO_ReadOutputDataBit), (18 bytes).
    Removing at32f4xx_gpio.o(i.GPIO_Reset), (144 bytes).
    Removing at32f4xx_gpio.o(i.GPIO_ResetBits), (4 bytes).
    Removing at32f4xx_gpio.o(i.GPIO_SetBits), (4 bytes).
    Removing at32f4xx_gpio.o(i.GPIO_StructInit), (16 bytes).
    Removing at32f4xx_gpio.o(i.GPIO_Write), (4 bytes).
    Removing at32f4xx_gpio.o(i.GPIO_WriteBit), (10 bytes).
    Removing at32f4xx_gpio_ex.o(.rev16_text), (4 bytes).
    Removing at32f4xx_gpio_ex.o(.revsh_text), (4 bytes).
    Removing at32f4xx_gpio_ex.o(.rrx_text), (6 bytes).
    Removing at32f4xx_i2c.o(.rev16_text), (4 bytes).
    Removing at32f4xx_i2c.o(.revsh_text), (4 bytes).
    Removing at32f4xx_i2c.o(.rrx_text), (6 bytes).
    Removing at32f4xx_i2c.o(i.I2C_ARPCmd), (24 bytes).
    Removing at32f4xx_i2c.o(i.I2C_AcknowledgeConfig), (24 bytes).
    Removing at32f4xx_i2c.o(i.I2C_CalculatePEC), (24 bytes).
    Removing at32f4xx_i2c.o(i.I2C_CheckEvent), (42 bytes).
    Removing at32f4xx_i2c.o(i.I2C_ClearFlag), (12 bytes).
    Removing at32f4xx_i2c.o(i.I2C_ClearITPendingBit), (12 bytes).
    Removing at32f4xx_i2c.o(i.I2C_Cmd), (24 bytes).
    Removing at32f4xx_i2c.o(i.I2C_DMACmd), (24 bytes).
    Removing at32f4xx_i2c.o(i.I2C_DMALastTransferCmd), (24 bytes).
    Removing at32f4xx_i2c.o(i.I2C_DeInit), (64 bytes).
    Removing at32f4xx_i2c.o(i.I2C_DualAddressCmd), (24 bytes).
    Removing at32f4xx_i2c.o(i.I2C_FastModeDutyCycleConfig), (28 bytes).
    Removing at32f4xx_i2c.o(i.I2C_GeneralCallCmd), (24 bytes).
    Removing at32f4xx_i2c.o(i.I2C_GenerateSTART), (24 bytes).
    Removing at32f4xx_i2c.o(i.I2C_GenerateSTOP), (24 bytes).
    Removing at32f4xx_i2c.o(i.I2C_GetFlagStatus), (58 bytes).
    Removing at32f4xx_i2c.o(i.I2C_GetINTStatus), (38 bytes).
    Removing at32f4xx_i2c.o(i.I2C_GetLastEvent), (26 bytes).
    Removing at32f4xx_i2c.o(i.I2C_GetPEC), (8 bytes).
    Removing at32f4xx_i2c.o(i.I2C_INTConfig), (18 bytes).
    Removing at32f4xx_i2c.o(i.I2C_Init), (232 bytes).
    Removing at32f4xx_i2c.o(i.I2C_NACKPositionConfig), (28 bytes).
    Removing at32f4xx_i2c.o(i.I2C_OwnAddress2Config), (22 bytes).
    Removing at32f4xx_i2c.o(i.I2C_PECPositionConfig), (28 bytes).
    Removing at32f4xx_i2c.o(i.I2C_ReadRegister), (22 bytes).
    Removing at32f4xx_i2c.o(i.I2C_ReceiveData), (8 bytes).
    Removing at32f4xx_i2c.o(i.I2C_SMBusAlertConfig), (28 bytes).
    Removing at32f4xx_i2c.o(i.I2C_Send7bitAddress), (18 bytes).
    Removing at32f4xx_i2c.o(i.I2C_SendData), (4 bytes).
    Removing at32f4xx_i2c.o(i.I2C_SoftwareResetCmd), (22 bytes).
    Removing at32f4xx_i2c.o(i.I2C_StretchClockCmd), (24 bytes).
    Removing at32f4xx_i2c.o(i.I2C_StructInit), (30 bytes).
    Removing at32f4xx_i2c.o(i.I2C_TransmitPEC), (24 bytes).
    Removing at32f4xx_iwdg.o(.rev16_text), (4 bytes).
    Removing at32f4xx_iwdg.o(.revsh_text), (4 bytes).
    Removing at32f4xx_iwdg.o(.rrx_text), (6 bytes).
    Removing at32f4xx_iwdg.o(i.IWDG_Enable), (16 bytes).
    Removing at32f4xx_iwdg.o(i.IWDG_GetFlagStatus), (24 bytes).
    Removing at32f4xx_iwdg.o(i.IWDG_KeyRegWrite), (12 bytes).
    Removing at32f4xx_iwdg.o(i.IWDG_ReloadCounter), (16 bytes).
    Removing at32f4xx_iwdg.o(i.IWDG_SetPrescaler), (12 bytes).
    Removing at32f4xx_iwdg.o(i.IWDG_SetReload), (12 bytes).
    Removing at32f4xx_pwr.o(.rev16_text), (4 bytes).
    Removing at32f4xx_pwr.o(.revsh_text), (4 bytes).
    Removing at32f4xx_pwr.o(.rrx_text), (6 bytes).
    Removing at32f4xx_pwr.o(i.PWR_BackupAccessCtrl), (12 bytes).
    Removing at32f4xx_pwr.o(i.PWR_ClearFlag), (20 bytes).
    Removing at32f4xx_pwr.o(i.PWR_EnterSTANDBYMode), (52 bytes).
    Removing at32f4xx_pwr.o(i.PWR_EnterSTOPMode), (72 bytes).
    Removing at32f4xx_pwr.o(i.PWR_EnterSleepMode), (32 bytes).
    Removing at32f4xx_pwr.o(i.PWR_GetFlagStatus), (24 bytes).
    Removing at32f4xx_pwr.o(i.PWR_PVDCtrl), (12 bytes).
    Removing at32f4xx_pwr.o(i.PWR_PVDLevelConfig), (24 bytes).
    Removing at32f4xx_pwr.o(i.PWR_Reset), (22 bytes).
    Removing at32f4xx_pwr.o(i.PWR_WakeUpPinCtrl), (12 bytes).
    Removing at32f4xx_rcc.o(.rev16_text), (4 bytes).
    Removing at32f4xx_rcc.o(.revsh_text), (4 bytes).
    Removing at32f4xx_rcc.o(.rrx_text), (6 bytes).
    Removing at32f4xx_rcc.o(i.RCC_ADCCLKConfig), (28 bytes).
    Removing at32f4xx_rcc.o(i.RCC_AHBCLKConfig), (24 bytes).
    Removing at32f4xx_rcc.o(i.RCC_AHBPeriphClockCmd), (32 bytes).
    Removing at32f4xx_rcc.o(i.RCC_APB1CLKConfig), (24 bytes).
    Removing at32f4xx_rcc.o(i.RCC_APB1PeriphResetCmd), (32 bytes).
    Removing at32f4xx_rcc.o(i.RCC_APB2CLKConfig), (24 bytes).
    Removing at32f4xx_rcc.o(i.RCC_APB2PeriphClockCmd), (32 bytes).
    Removing at32f4xx_rcc.o(i.RCC_APB2PeriphResetCmd), (32 bytes).
    Removing at32f4xx_rcc.o(i.RCC_BackupResetCmd), (12 bytes).
    Removing at32f4xx_rcc.o(i.RCC_CLKOUTConfig), (80 bytes).
    Removing at32f4xx_rcc.o(i.RCC_ClearFlag), (20 bytes).
    Removing at32f4xx_rcc.o(i.RCC_ClearINTPendingBit), (12 bytes).
    Removing at32f4xx_rcc.o(i.RCC_ERTCCLKCmd), (12 bytes).
    Removing at32f4xx_rcc.o(i.RCC_ERTCCLKConfig), (16 bytes).
    Removing at32f4xx_rcc.o(i.RCC_GetClocksFreq), (712 bytes).
    Removing at32f4xx_rcc.o(i.RCC_GetFlagStatus), (60 bytes).
    Removing at32f4xx_rcc.o(i.RCC_GetINTStatus), (24 bytes).
    Removing at32f4xx_rcc.o(i.RCC_GetSYSCLKSelction), (16 bytes).
    Removing at32f4xx_rcc.o(i.RCC_HSEClockFailureDetectorCmd), (12 bytes).
    Removing at32f4xx_rcc.o(i.RCC_HSEConfig), (76 bytes).
    Removing at32f4xx_rcc.o(i.RCC_HSEENDelay), (12 bytes).
    Removing at32f4xx_rcc.o(i.RCC_HSI2SYS48M), (48 bytes).
    Removing at32f4xx_rcc.o(i.RCC_HSI2USB48M), (48 bytes).
    Removing at32f4xx_rcc.o(i.RCC_HSICmd), (12 bytes).
    Removing at32f4xx_rcc.o(i.RCC_INTConfig), (32 bytes).
    Removing at32f4xx_rcc.o(i.RCC_LSEConfig), (52 bytes).
    Removing at32f4xx_rcc.o(i.RCC_LSICmd), (12 bytes).
    Removing at32f4xx_rcc.o(i.RCC_PLLCmd), (12 bytes).
    Removing at32f4xx_rcc.o(i.RCC_PLLConfig), (36 bytes).
    Removing at32f4xx_rcc.o(i.RCC_PLLFrefTableConfig), (196 bytes).
    Removing at32f4xx_rcc.o(i.RCC_Reset), (96 bytes).
    Removing at32f4xx_rcc.o(i.RCC_SYSCLKConfig), (24 bytes).
    Removing at32f4xx_rcc.o(i.RCC_SetHSICalibValue), (44 bytes).
    Removing at32f4xx_rcc.o(i.RCC_SetHSITweakValue), (24 bytes).
    Removing at32f4xx_rcc.o(i.RCC_USBCLKConfig), (24 bytes).
    Removing at32f4xx_rcc.o(i.RCC_WaitForHSEStable), (64 bytes).
    Removing at32f4xx_rcc.o(.constdata), (16 bytes).
    Removing at32f4xx_rtc.o(.rev16_text), (4 bytes).
    Removing at32f4xx_rtc.o(.revsh_text), (4 bytes).
    Removing at32f4xx_rtc.o(.rrx_text), (6 bytes).
    Removing at32f4xx_sdio.o(.rev16_text), (4 bytes).
    Removing at32f4xx_sdio.o(.revsh_text), (4 bytes).
    Removing at32f4xx_sdio.o(.rrx_text), (6 bytes).
    Removing at32f4xx_sdio.o(i.SDIO_ATAINTCmd), (22 bytes).
    Removing at32f4xx_sdio.o(i.SDIO_ClearFlag), (4 bytes).
    Removing at32f4xx_sdio.o(i.SDIO_ClearINTPendingBit), (4 bytes).
    Removing at32f4xx_sdio.o(i.SDIO_ClockCmd), (22 bytes).
    Removing at32f4xx_sdio.o(i.SDIO_CmdStructInit), (14 bytes).
    Removing at32f4xx_sdio.o(i.SDIO_CommandCompletionCmd), (22 bytes).
    Removing at32f4xx_sdio.o(i.SDIO_DMACmd), (22 bytes).
    Removing at32f4xx_sdio.o(i.SDIO_DataConfig), (38 bytes).
    Removing at32f4xx_sdio.o(i.SDIO_DataStructInit), (20 bytes).
    Removing at32f4xx_sdio.o(i.SDIO_GetBUFCount), (6 bytes).
    Removing at32f4xx_sdio.o(i.SDIO_GetCommandResponse), (8 bytes).
    Removing at32f4xx_sdio.o(i.SDIO_GetDataCounter), (6 bytes).
    Removing at32f4xx_sdio.o(i.SDIO_GetFlagStatus), (18 bytes).
    Removing at32f4xx_sdio.o(i.SDIO_GetINTStatus), (18 bytes).
    Removing at32f4xx_sdio.o(i.SDIO_GetPowerSaveState), (10 bytes).
    Removing at32f4xx_sdio.o(i.SDIO_GetResponse), (22 bytes).
    Removing at32f4xx_sdio.o(i.SDIO_INTConfig), (18 bytes).
    Removing at32f4xx_sdio.o(i.SDIO_Init), (56 bytes).
    Removing at32f4xx_sdio.o(i.SDIO_ReadData), (8 bytes).
    Removing at32f4xx_sdio.o(i.SDIO_Reset), (32 bytes).
    Removing at32f4xx_sdio.o(i.SDIO_SendATACmd), (22 bytes).
    Removing at32f4xx_sdio.o(i.SDIO_SendCommand), (34 bytes).
    Removing at32f4xx_sdio.o(i.SDIO_SendSDIOSuspendCmd), (22 bytes).
    Removing at32f4xx_sdio.o(i.SDIO_SetPowerSaveState), (16 bytes).
    Removing at32f4xx_sdio.o(i.SDIO_SetSDIOOperation), (22 bytes).
    Removing at32f4xx_sdio.o(i.SDIO_SetSDIOReadWaitMode), (16 bytes).
    Removing at32f4xx_sdio.o(i.SDIO_StartSDIOReadWait), (22 bytes).
    Removing at32f4xx_sdio.o(i.SDIO_StopSDIOReadWait), (22 bytes).
    Removing at32f4xx_sdio.o(i.SDIO_StructInit), (16 bytes).
    Removing at32f4xx_sdio.o(i.SDIO_WriteData), (6 bytes).
    Removing at32f4xx_spi.o(.rev16_text), (4 bytes).
    Removing at32f4xx_spi.o(.revsh_text), (4 bytes).
    Removing at32f4xx_spi.o(.rrx_text), (6 bytes).
    Removing at32f4xx_spi.o(i.I2S_DefaultInit), (20 bytes).
    Removing at32f4xx_spi.o(i.I2S_Enable), (24 bytes).
    Removing at32f4xx_spi.o(i.I2S_Init), (256 bytes).
    Removing at32f4xx_spi.o(i.SPI_CRCEN), (24 bytes).
    Removing at32f4xx_spi.o(i.SPI_DefaultInitParaConfig), (24 bytes).
    Removing at32f4xx_spi.o(i.SPI_Enable), (24 bytes).
    Removing at32f4xx_spi.o(i.SPI_FrameSizeConfig), (18 bytes).
    Removing at32f4xx_spi.o(i.SPI_GetCRC), (16 bytes).
    Removing at32f4xx_spi.o(i.SPI_GetCRCPolynomial), (6 bytes).
    Removing at32f4xx_spi.o(i.SPI_HalfDuplexTransModeConfig), (28 bytes).
    Removing at32f4xx_spi.o(i.SPI_I2S_ClearFlag), (6 bytes).
    Removing at32f4xx_spi.o(i.SPI_I2S_ClearINTPendingBit), (20 bytes).
    Removing at32f4xx_spi.o(i.SPI_I2S_DMAEnable), (18 bytes).
    Removing at32f4xx_spi.o(i.SPI_I2S_GetFlagStatus), (18 bytes).
    Removing at32f4xx_spi.o(i.SPI_I2S_GetITStatus), (52 bytes).
    Removing at32f4xx_spi.o(i.SPI_I2S_INTConfig), (32 bytes).
    Removing at32f4xx_spi.o(i.SPI_I2S_Reset), (60 bytes).
    Removing at32f4xx_spi.o(i.SPI_I2S_RxData), (6 bytes).
    Removing at32f4xx_spi.o(i.SPI_I2S_TxData), (4 bytes).
    Removing at32f4xx_spi.o(i.SPI_Init), (90 bytes).
    Removing at32f4xx_spi.o(i.SPI_NSSHardwareOutputEnable), (24 bytes).
    Removing at32f4xx_spi.o(i.SPI_NSSInternalSoftwareConfig), (30 bytes).
    Removing at32f4xx_spi.o(i.SPI_TxCRC), (10 bytes).
    Removing at32f4xx_syscfg.o(.rev16_text), (4 bytes).
    Removing at32f4xx_syscfg.o(.revsh_text), (4 bytes).
    Removing at32f4xx_syscfg.o(.rrx_text), (6 bytes).
    Removing at32f4xx_tim.o(.rev16_text), (4 bytes).
    Removing at32f4xx_tim.o(.revsh_text), (4 bytes).
    Removing at32f4xx_tim.o(.rrx_text), (6 bytes).
    Removing at32f4xx_tim.o(i.TI1_Config), (120 bytes).
    Removing at32f4xx_tim.o(i.TI2_Config), (140 bytes).
    Removing at32f4xx_tim.o(i.TI3_Config), (132 bytes).
    Removing at32f4xx_tim.o(i.TI4_Config), (140 bytes).
    Removing at32f4xx_tim.o(i.TMR_ARPreloadConfig), (24 bytes).
    Removing at32f4xx_tim.o(i.TMR_BRKDTConfig), (32 bytes).
    Removing at32f4xx_tim.o(i.TMR_BRKDTStructInit), (18 bytes).
    Removing at32f4xx_tim.o(i.TMR_CCPreloadControl), (24 bytes).
    Removing at32f4xx_tim.o(i.TMR_CCxCmd), (30 bytes).
    Removing at32f4xx_tim.o(i.TMR_CCxNCmd), (30 bytes).
    Removing at32f4xx_tim.o(i.TMR_ClearFlag), (6 bytes).
    Removing at32f4xx_tim.o(i.TMR_ClearITPendingBit), (6 bytes).
    Removing at32f4xx_tim.o(i.TMR_ClearOC1Ref), (18 bytes).
    Removing at32f4xx_tim.o(i.TMR_ClearOC2Ref), (24 bytes).
    Removing at32f4xx_tim.o(i.TMR_ClearOC3Ref), (18 bytes).
    Removing at32f4xx_tim.o(i.TMR_ClearOC4Ref), (24 bytes).
    Removing at32f4xx_tim.o(i.TMR_Cmd), (24 bytes).
    Removing at32f4xx_tim.o(i.TMR_CounterModeConfig), (18 bytes).
    Removing at32f4xx_tim.o(i.TMR_CtrlPWMOutputs), (30 bytes).
    Removing at32f4xx_tim.o(i.TMR_DIVConfig), (6 bytes).
    Removing at32f4xx_tim.o(i.TMR_DMACmd), (18 bytes).
    Removing at32f4xx_tim.o(i.TMR_DMAConfig), (10 bytes).
    Removing at32f4xx_tim.o(i.TMR_ETRClockMode1Config), (54 bytes).
    Removing at32f4xx_tim.o(i.TMR_ETRClockMode2Config), (32 bytes).
    Removing at32f4xx_tim.o(i.TMR_ETRConfig), (28 bytes).
    Removing at32f4xx_tim.o(i.TMR_EncoderInterfaceConfig), (66 bytes).
    Removing at32f4xx_tim.o(i.TMR_ForcedOC1Config), (18 bytes).
    Removing at32f4xx_tim.o(i.TMR_ForcedOC2Config), (26 bytes).
    Removing at32f4xx_tim.o(i.TMR_ForcedOC3Config), (18 bytes).
    Removing at32f4xx_tim.o(i.TMR_ForcedOC4Config), (26 bytes).
    Removing at32f4xx_tim.o(i.TMR_GenerateEvent), (4 bytes).
    Removing at32f4xx_tim.o(i.TMR_GetCapture1), (6 bytes).
    Removing at32f4xx_tim.o(i.TMR_GetCapture2), (6 bytes).
    Removing at32f4xx_tim.o(i.TMR_GetCapture3), (6 bytes).
    Removing at32f4xx_tim.o(i.TMR_GetCapture4), (6 bytes).
    Removing at32f4xx_tim.o(i.TMR_GetCounter), (6 bytes).
    Removing at32f4xx_tim.o(i.TMR_GetDIV), (6 bytes).
    Removing at32f4xx_tim.o(i.TMR_GetFlagStatus), (18 bytes).
    Removing at32f4xx_tim.o(i.TMR_GetINTStatus), (34 bytes).
    Removing at32f4xx_tim.o(i.TMR_ICInit), (110 bytes).
    Removing at32f4xx_tim.o(i.TMR_ICStructInit), (18 bytes).
    Removing at32f4xx_tim.o(i.TMR_INTConfig), (18 bytes).
    Removing at32f4xx_tim.o(i.TMR_ITRxExternalClockConfig), (24 bytes).
    Removing at32f4xx_tim.o(i.TMR_InternalClockConfig), (12 bytes).
    Removing at32f4xx_tim.o(i.TMR_OC1FastConfig), (18 bytes).
    Removing at32f4xx_tim.o(i.TMR_OC1Init), (108 bytes).
    Removing at32f4xx_tim.o(i.TMR_OC1NPolarityConfig), (18 bytes).
    Removing at32f4xx_tim.o(i.TMR_OC1PolarityConfig), (18 bytes).
    Removing at32f4xx_tim.o(i.TMR_OC1PreloadConfig), (18 bytes).
    Removing at32f4xx_tim.o(i.TMR_OC2FastConfig), (26 bytes).
    Removing at32f4xx_tim.o(i.TMR_OC2Init), (148 bytes).
    Removing at32f4xx_tim.o(i.TMR_OC2NPolarityConfig), (26 bytes).
    Removing at32f4xx_tim.o(i.TMR_OC2PolarityConfig), (26 bytes).
    Removing at32f4xx_tim.o(i.TMR_OC2PreloadConfig), (26 bytes).
    Removing at32f4xx_tim.o(i.TMR_OC3FastConfig), (18 bytes).
    Removing at32f4xx_tim.o(i.TMR_OC3Init), (144 bytes).
    Removing at32f4xx_tim.o(i.TMR_OC3NPolarityConfig), (26 bytes).
    Removing at32f4xx_tim.o(i.TMR_OC3PolarityConfig), (26 bytes).
    Removing at32f4xx_tim.o(i.TMR_OC3PreloadConfig), (18 bytes).
    Removing at32f4xx_tim.o(i.TMR_OC4FastConfig), (26 bytes).
    Removing at32f4xx_tim.o(i.TMR_OC4Init), (108 bytes).
    Removing at32f4xx_tim.o(i.TMR_OC4PolarityConfig), (26 bytes).
    Removing at32f4xx_tim.o(i.TMR_OC4PreloadConfig), (26 bytes).
    Removing at32f4xx_tim.o(i.TMR_OCStructInit), (20 bytes).
    Removing at32f4xx_tim.o(i.TMR_PWMIConfig), (124 bytes).
    Removing at32f4xx_tim.o(i.TMR_Reset), (232 bytes).
    Removing at32f4xx_tim.o(i.TMR_SelectCCDMA), (24 bytes).
    Removing at32f4xx_tim.o(i.TMR_SelectHALL), (24 bytes).
    Removing at32f4xx_tim.o(i.TMR_SelectHallSensor), (24 bytes).
    Removing at32f4xx_tim.o(i.TMR_SelectInputTrigger), (18 bytes).
    Removing at32f4xx_tim.o(i.TMR_SelectMasterSlaveMode), (18 bytes).
    Removing at32f4xx_tim.o(i.TMR_SelectOCxM), (82 bytes).
    Removing at32f4xx_tim.o(i.TMR_SelectOnePulseMode), (18 bytes).
    Removing at32f4xx_tim.o(i.TMR_SelectOutputTrigger), (18 bytes).
    Removing at32f4xx_tim.o(i.TMR_SelectPlusMode), (56 bytes).
    Removing at32f4xx_tim.o(i.TMR_SelectSlaveMode), (18 bytes).
    Removing at32f4xx_tim.o(i.TMR_SetAutoreload), (4 bytes).
    Removing at32f4xx_tim.o(i.TMR_SetClockDivision), (18 bytes).
    Removing at32f4xx_tim.o(i.TMR_SetCompare1), (4 bytes).
    Removing at32f4xx_tim.o(i.TMR_SetCompare2), (4 bytes).
    Removing at32f4xx_tim.o(i.TMR_SetCompare3), (4 bytes).
    Removing at32f4xx_tim.o(i.TMR_SetCompare4), (4 bytes).
    Removing at32f4xx_tim.o(i.TMR_SetCounter), (4 bytes).
    Removing at32f4xx_tim.o(i.TMR_SetIC1DIV), (18 bytes).
    Removing at32f4xx_tim.o(i.TMR_SetIC2DIV), (26 bytes).
    Removing at32f4xx_tim.o(i.TMR_SetIC3DIV), (18 bytes).
    Removing at32f4xx_tim.o(i.TMR_SetIC4DIV), (26 bytes).
    Removing at32f4xx_tim.o(i.TMR_TIxExternalClockConfig), (62 bytes).
    Removing at32f4xx_tim.o(i.TMR_TimeBaseInit), (88 bytes).
    Removing at32f4xx_tim.o(i.TMR_TimeBaseStructInit), (18 bytes).
    Removing at32f4xx_tim.o(i.TMR_UpdateDisableConfig), (24 bytes).
    Removing at32f4xx_tim.o(i.TMR_UpdateRequestConfig), (24 bytes).
    Removing at32f4xx_usart.o(.rev16_text), (4 bytes).
    Removing at32f4xx_usart.o(.revsh_text), (4 bytes).
    Removing at32f4xx_usart.o(.rrx_text), (6 bytes).
    Removing at32f4xx_usart.o(i.USART_ClearFlag), (18 bytes).
    Removing at32f4xx_usart.o(i.USART_ClearITPendingBit), (30 bytes).
    Removing at32f4xx_usart.o(i.USART_ClockInit), (34 bytes).
    Removing at32f4xx_usart.o(i.USART_ClockStructInit), (12 bytes).
    Removing at32f4xx_usart.o(i.USART_Cmd), (24 bytes).
    Removing at32f4xx_usart.o(i.USART_DMACmd), (18 bytes).
    Removing at32f4xx_usart.o(i.USART_GetFlagStatus), (26 bytes).
    Removing at32f4xx_usart.o(i.USART_GetITStatus), (84 bytes).
    Removing at32f4xx_usart.o(i.USART_HalfDuplexCmd), (24 bytes).
    Removing at32f4xx_usart.o(i.USART_INTConfig), (74 bytes).
    Removing at32f4xx_usart.o(i.USART_Init), (232 bytes).
    Removing at32f4xx_usart.o(i.USART_IrDACmd), (24 bytes).
    Removing at32f4xx_usart.o(i.USART_IrDAConfig), (18 bytes).
    Removing at32f4xx_usart.o(i.USART_LINBreakDetectLengthConfig), (18 bytes).
    Removing at32f4xx_usart.o(i.USART_LINCmd), (24 bytes).
    Removing at32f4xx_usart.o(i.USART_ReceiveData), (10 bytes).
    Removing at32f4xx_usart.o(i.USART_ReceiverWakeUpCmd), (24 bytes).
    Removing at32f4xx_usart.o(i.USART_Reset), (156 bytes).
    Removing at32f4xx_usart.o(i.USART_SendBreak), (10 bytes).
    Removing at32f4xx_usart.o(i.USART_SendData), (8 bytes).
    Removing at32f4xx_usart.o(i.USART_SetAddress), (18 bytes).
    Removing at32f4xx_usart.o(i.USART_SetGuardTime), (16 bytes).
    Removing at32f4xx_usart.o(i.USART_SetPrescaler), (16 bytes).
    Removing at32f4xx_usart.o(i.USART_SmartCardCmd), (24 bytes).
    Removing at32f4xx_usart.o(i.USART_SmartCardNACKCmd), (24 bytes).
    Removing at32f4xx_usart.o(i.USART_StructInit), (24 bytes).
    Removing at32f4xx_usart.o(i.USART_WakeUpConfig), (18 bytes).
    Removing at32f4xx_wwdg.o(.rev16_text), (4 bytes).
    Removing at32f4xx_wwdg.o(.revsh_text), (4 bytes).
    Removing at32f4xx_wwdg.o(.rrx_text), (6 bytes).
    Removing at32f4xx_wwdg.o(i.WWDG_ClearFlag), (12 bytes).
    Removing at32f4xx_wwdg.o(i.WWDG_Enable), (16 bytes).
    Removing at32f4xx_wwdg.o(i.WWDG_EnableINT), (12 bytes).
    Removing at32f4xx_wwdg.o(i.WWDG_GetFlagStatus), (12 bytes).
    Removing at32f4xx_wwdg.o(i.WWDG_Reset), (22 bytes).
    Removing at32f4xx_wwdg.o(i.WWDG_SetCounter), (16 bytes).
    Removing at32f4xx_wwdg.o(i.WWDG_SetPrescaler), (24 bytes).
    Removing at32f4xx_wwdg.o(i.WWDG_SetWindowCounter), (40 bytes).
    Removing at32f4xx_xmc.o(.rev16_text), (4 bytes).
    Removing at32f4xx_xmc.o(.revsh_text), (4 bytes).
    Removing at32f4xx_xmc.o(.rrx_text), (6 bytes).
    Removing misc.o(.rev16_text), (4 bytes).
    Removing misc.o(.revsh_text), (4 bytes).
    Removing misc.o(.rrx_text), (6 bytes).
    Removing misc.o(i.NVIC_Init), (112 bytes).
    Removing misc.o(i.NVIC_PriorityGroupConfig), (20 bytes).
    Removing misc.o(i.NVIC_SetVectorTable), (20 bytes).
    Removing misc.o(i.NVIC_SystemLPConfig), (32 bytes).
    Removing misc.o(i.SysTick_CLKSourceConfig), (40 bytes).
    Removing event_groups.o(i.prvTestWaitCondition), (30 bytes).
    Removing event_groups.o(i.vEventGroupClearBitsCallback), (16 bytes).
    Removing event_groups.o(i.vEventGroupDelete), (42 bytes).
    Removing event_groups.o(i.vEventGroupSetBitsCallback), (16 bytes).
    Removing event_groups.o(i.xEventGroupClearBits), (32 bytes).
    Removing event_groups.o(i.xEventGroupCreate), (26 bytes).
    Removing event_groups.o(i.xEventGroupGetBitsFromISR), (44 bytes).
    Removing event_groups.o(i.xEventGroupSetBits), (146 bytes).
    Removing event_groups.o(i.xEventGroupSync), (168 bytes).
    Removing event_groups.o(i.xEventGroupWaitBits), (204 bytes).
    Removing queue.o(i.prvGetDisinheritPriorityAfterTimeout), (20 bytes).
    Removing queue.o(i.prvInitialiseMutex), (30 bytes).
    Removing queue.o(i.uxQueueMessagesWaiting), (18 bytes).
    Removing queue.o(i.uxQueueMessagesWaitingFromISR), (8 bytes).
    Removing queue.o(i.uxQueueSpacesAvailable), (24 bytes).
    Removing queue.o(i.vQueueDelete), (14 bytes).
    Removing queue.o(i.xQueueCreateCountingSemaphore), (26 bytes).
    Removing queue.o(i.xQueueCreateMutex), (34 bytes).
    Removing queue.o(i.xQueueGiveFromISR), (120 bytes).
    Removing queue.o(i.xQueueGiveMutexRecursive), (48 bytes).
    Removing queue.o(i.xQueueIsQueueEmptyFromISR), (16 bytes).
    Removing queue.o(i.xQueueIsQueueFullFromISR), (22 bytes).
    Removing queue.o(i.xQueuePeek), (268 bytes).
    Removing queue.o(i.xQueuePeekFromISR), (74 bytes).
    Removing queue.o(i.xQueueReceiveFromISR), (130 bytes).
    Removing queue.o(i.xQueueSemaphoreTake), (304 bytes).
    Removing queue.o(i.xQueueTakeMutexRecursive), (54 bytes).
    Removing stream_buffer.o(i.prvBytesInBuffer), (24 bytes).
    Removing stream_buffer.o(i.prvInitialiseNewStreamBuffer), (38 bytes).
    Removing stream_buffer.o(i.prvReadBytesFromBuffer), (94 bytes).
    Removing stream_buffer.o(i.prvReadMessageFromBuffer), (72 bytes).
    Removing stream_buffer.o(i.prvWriteBytesToBuffer), (78 bytes).
    Removing stream_buffer.o(i.prvWriteMessageToBuffer), (92 bytes).
    Removing stream_buffer.o(i.vStreamBufferDelete), (32 bytes).
    Removing stream_buffer.o(i.xStreamBufferBytesAvailable), (18 bytes).
    Removing stream_buffer.o(i.xStreamBufferGenericCreate), (62 bytes).
    Removing stream_buffer.o(i.xStreamBufferIsEmpty), (22 bytes).
    Removing stream_buffer.o(i.xStreamBufferIsFull), (40 bytes).
    Removing stream_buffer.o(i.xStreamBufferNextMessageLengthBytes), (64 bytes).
    Removing stream_buffer.o(i.xStreamBufferReceive), (168 bytes).
    Removing stream_buffer.o(i.xStreamBufferReceiveCompletedFromISR), (78 bytes).
    Removing stream_buffer.o(i.xStreamBufferReceiveFromISR), (132 bytes).
    Removing stream_buffer.o(i.xStreamBufferReset), (46 bytes).
    Removing stream_buffer.o(i.xStreamBufferSend), (190 bytes).
    Removing stream_buffer.o(i.xStreamBufferSendCompletedFromISR), (78 bytes).
    Removing stream_buffer.o(i.xStreamBufferSendFromISR), (132 bytes).
    Removing stream_buffer.o(i.xStreamBufferSetTriggerLevel), (26 bytes).
    Removing stream_buffer.o(i.xStreamBufferSpacesAvailable), (30 bytes).
    Removing tasks.o(i.pcTaskGetName), (24 bytes).
    Removing tasks.o(i.pvTaskIncrementMutexHeldCount), (32 bytes).
    Removing tasks.o(i.ulTaskNotifyTake), (116 bytes).
    Removing tasks.o(i.uxTaskGetNumberOfTasks), (12 bytes).
    Removing tasks.o(i.uxTaskResetEventItemValue), (28 bytes).
    Removing tasks.o(i.vTaskDelayUntil), (116 bytes).
    Removing tasks.o(i.vTaskEndScheduler), (36 bytes).
    Removing tasks.o(i.vTaskNotifyGiveFromISR), (176 bytes).
    Removing tasks.o(i.vTaskPlaceOnUnorderedEventList), (44 bytes).
    Removing tasks.o(i.vTaskPriorityDisinheritAfterTimeout), (176 bytes).
    Removing tasks.o(i.vTaskRemoveFromUnorderedEventList), (100 bytes).
    Removing tasks.o(i.vTaskSetTimeOutState), (36 bytes).
    Removing tasks.o(i.xTaskGenericNotify), (196 bytes).
    Removing tasks.o(i.xTaskGenericNotifyFromISR), (252 bytes).
    Removing tasks.o(i.xTaskGetCurrentTaskHandle), (12 bytes).
    Removing tasks.o(i.xTaskGetTickCountFromISR), (12 bytes).
    Removing tasks.o(i.xTaskNotifyStateClear), (52 bytes).
    Removing tasks.o(i.xTaskNotifyWait), (160 bytes).
    Removing tasks.o(i.xTaskPriorityInherit), (200 bytes).
    Removing timers.o(i.pcTimerGetName), (8 bytes).
    Removing timers.o(i.prvInitialiseNewTimer), (58 bytes).
    Removing timers.o(i.pvTimerGetTimerID), (20 bytes).
    Removing timers.o(i.vTimerSetReloadMode), (46 bytes).
    Removing timers.o(i.vTimerSetTimerID), (20 bytes).
    Removing timers.o(i.xTimerCreate), (54 bytes).
    Removing timers.o(i.xTimerGetExpiryTime), (8 bytes).
    Removing timers.o(i.xTimerGetPeriod), (8 bytes).
    Removing timers.o(i.xTimerGetTimerDaemonTaskHandle), (12 bytes).
    Removing timers.o(i.xTimerIsTimerActive), (34 bytes).
    Removing timers.o(i.xTimerPendFunctionCall), (52 bytes).
    Removing timers.o(i.xTimerPendFunctionCallFromISR), (52 bytes).
    Removing heap_4.o(i.vPortInitialiseBlocks), (2 bytes).
    Removing heap_4.o(i.xPortGetFreeHeapSize), (12 bytes).
    Removing heap_4.o(i.xPortGetMinimumEverFreeHeapSize), (12 bytes).
    Removing port.o(i.vPortEndScheduler), (2 bytes).
    Removing cpu_utils.o(.rev16_text), (4 bytes).
    Removing cpu_utils.o(.revsh_text), (4 bytes).
    Removing cpu_utils.o(.rrx_text), (6 bytes).
    Removing cpu_utils.o(i.EndIdleMonitor), (60 bytes).
    Removing cpu_utils.o(i.StartIdleMonitor), (32 bytes).
    Removing cpu_utils.o(i.osGetCPUUsage), (12 bytes).
    Removing cpu_utils.o(i.vApplicationIdleHook), (24 bytes).
    Removing cpu_utils.o(i.vApplicationTickHook), (88 bytes).
    Removing cpu_utils.o(.data), (24 bytes).

684 unused section(s) (total 30244 bytes) removed from the image.

==============================================================================

Image Symbol Table

    Local Symbols

    Symbol Name                              Value     Ov Type        Size  Object(Section)

    ../clib/microlib/division.c              0x00000000   Number         0  uldiv.o ABSOLUTE
    ../clib/microlib/init/entry.s            0x00000000   Number         0  entry9b.o ABSOLUTE
    ../clib/microlib/init/entry.s            0x00000000   Number         0  entry11a.o ABSOLUTE
    ../clib/microlib/init/entry.s            0x00000000   Number         0  entry11b.o ABSOLUTE
    ../clib/microlib/init/entry.s            0x00000000   Number         0  entry10b.o ABSOLUTE
    ../clib/microlib/init/entry.s            0x00000000   Number         0  entry.o ABSOLUTE
    ../clib/microlib/init/entry.s            0x00000000   Number         0  entry10a.o ABSOLUTE
    ../clib/microlib/init/entry.s            0x00000000   Number         0  entry2.o ABSOLUTE
    ../clib/microlib/init/entry.s            0x00000000   Number         0  entry5.o ABSOLUTE
    ../clib/microlib/init/entry.s            0x00000000   Number         0  entry7a.o ABSOLUTE
    ../clib/microlib/init/entry.s            0x00000000   Number         0  entry7b.o ABSOLUTE
    ../clib/microlib/init/entry.s            0x00000000   Number         0  entry8a.o ABSOLUTE
    ../clib/microlib/init/entry.s            0x00000000   Number         0  entry8b.o ABSOLUTE
    ../clib/microlib/init/entry.s            0x00000000   Number         0  entry9a.o ABSOLUTE
    ../clib/microlib/longlong.c              0x00000000   Number         0  llshl.o ABSOLUTE
    ../clib/microlib/longlong.c              0x00000000   Number         0  llushr.o ABSOLUTE
    ../clib/microlib/string/memcpy.c         0x00000000   Number         0  memcpya.o ABSOLUTE
    ../clib/microlib/string/memcpy.c         0x00000000   Number         0  memcpyb.o ABSOLUTE
    ../clib/microlib/string/memset.c         0x00000000   Number         0  memseta.o ABSOLUTE
    ..\..\..\Libraries\AT32F4xx_StdPeriph_Driver\src\at32f4xx_acc.c 0x00000000   Number         0  at32f4xx_acc.o ABSOLUTE
    ..\..\..\Libraries\AT32F4xx_StdPeriph_Driver\src\at32f4xx_adc.c 0x00000000   Number         0  at32f4xx_adc.o ABSOLUTE
    ..\..\..\Libraries\AT32F4xx_StdPeriph_Driver\src\at32f4xx_bkp.c 0x00000000   Number         0  at32f4xx_bkp.o ABSOLUTE
    ..\..\..\Libraries\AT32F4xx_StdPeriph_Driver\src\at32f4xx_can.c 0x00000000   Number         0  at32f4xx_can.o ABSOLUTE
    ..\..\..\Libraries\AT32F4xx_StdPeriph_Driver\src\at32f4xx_comp.c 0x00000000   Number         0  at32f4xx_comp.o ABSOLUTE
    ..\..\..\Libraries\AT32F4xx_StdPeriph_Driver\src\at32f4xx_crc.c 0x00000000   Number         0  at32f4xx_crc.o ABSOLUTE
    ..\..\..\Libraries\AT32F4xx_StdPeriph_Driver\src\at32f4xx_dac.c 0x00000000   Number         0  at32f4xx_dac.o ABSOLUTE
    ..\..\..\Libraries\AT32F4xx_StdPeriph_Driver\src\at32f4xx_dbgmcu.c 0x00000000   Number         0  at32f4xx_dbgmcu.o ABSOLUTE
    ..\..\..\Libraries\AT32F4xx_StdPeriph_Driver\src\at32f4xx_dma.c 0x00000000   Number         0  at32f4xx_dma.o ABSOLUTE
    ..\..\..\Libraries\AT32F4xx_StdPeriph_Driver\src\at32f4xx_ertc.c 0x00000000   Number         0  at32f4xx_ertc.o ABSOLUTE
    ..\..\..\Libraries\AT32F4xx_StdPeriph_Driver\src\at32f4xx_eth.c 0x00000000   Number         0  at32f4xx_eth.o ABSOLUTE
    ..\..\..\Libraries\AT32F4xx_StdPeriph_Driver\src\at32f4xx_exti.c 0x00000000   Number         0  at32f4xx_exti.o ABSOLUTE
    ..\..\..\Libraries\AT32F4xx_StdPeriph_Driver\src\at32f4xx_flash.c 0x00000000   Number         0  at32f4xx_flash.o ABSOLUTE
    ..\..\..\Libraries\AT32F4xx_StdPeriph_Driver\src\at32f4xx_gpio.c 0x00000000   Number         0  at32f4xx_gpio.o ABSOLUTE
    ..\..\..\Libraries\AT32F4xx_StdPeriph_Driver\src\at32f4xx_gpio_ex.c 0x00000000   Number         0  at32f4xx_gpio_ex.o ABSOLUTE
    ..\..\..\Libraries\AT32F4xx_StdPeriph_Driver\src\at32f4xx_i2c.c 0x00000000   Number         0  at32f4xx_i2c.o ABSOLUTE
    ..\..\..\Libraries\AT32F4xx_StdPeriph_Driver\src\at32f4xx_iwdg.c 0x00000000   Number         0  at32f4xx_iwdg.o ABSOLUTE
    ..\..\..\Libraries\AT32F4xx_StdPeriph_Driver\src\at32f4xx_pwr.c 0x00000000   Number         0  at32f4xx_pwr.o ABSOLUTE
    ..\..\..\Libraries\AT32F4xx_StdPeriph_Driver\src\at32f4xx_rcc.c 0x00000000   Number         0  at32f4xx_rcc.o ABSOLUTE
    ..\..\..\Libraries\AT32F4xx_StdPeriph_Driver\src\at32f4xx_rtc.c 0x00000000   Number         0  at32f4xx_rtc.o ABSOLUTE
    ..\..\..\Libraries\AT32F4xx_StdPeriph_Driver\src\at32f4xx_sdio.c 0x00000000   Number         0  at32f4xx_sdio.o ABSOLUTE
    ..\..\..\Libraries\AT32F4xx_StdPeriph_Driver\src\at32f4xx_spi.c 0x00000000   Number         0  at32f4xx_spi.o ABSOLUTE
    ..\..\..\Libraries\AT32F4xx_StdPeriph_Driver\src\at32f4xx_syscfg.c 0x00000000   Number         0  at32f4xx_syscfg.o ABSOLUTE
    ..\..\..\Libraries\AT32F4xx_StdPeriph_Driver\src\at32f4xx_tim.c 0x00000000   Number         0  at32f4xx_tim.o ABSOLUTE
    ..\..\..\Libraries\AT32F4xx_StdPeriph_Driver\src\at32f4xx_usart.c 0x00000000   Number         0  at32f4xx_usart.o ABSOLUTE
    ..\..\..\Libraries\AT32F4xx_StdPeriph_Driver\src\at32f4xx_wwdg.c 0x00000000   Number         0  at32f4xx_wwdg.o ABSOLUTE
    ..\..\..\Libraries\AT32F4xx_StdPeriph_Driver\src\at32f4xx_xmc.c 0x00000000   Number         0  at32f4xx_xmc.o ABSOLUTE
    ..\..\..\Libraries\AT32F4xx_StdPeriph_Driver\src\misc.c 0x00000000   Number         0  misc.o ABSOLUTE
    ..\..\..\Libraries\CMSIS\CM4\DeviceSupport\startup\mdk\startup_at32f415cct7.s 0x00000000   Number         0  startup_at32f415cct7.o ABSOLUTE
    ..\..\..\Middlewares\FreeRTOS\croutine.c 0x00000000   Number         0  croutine.o ABSOLUTE
    ..\..\..\Middlewares\FreeRTOS\event_groups.c 0x00000000   Number         0  event_groups.o ABSOLUTE
    ..\..\..\Middlewares\FreeRTOS\list.c     0x00000000   Number         0  list.o ABSOLUTE
    ..\..\..\Middlewares\FreeRTOS\portable\MemMang\heap_4.c 0x00000000   Number         0  heap_4.o ABSOLUTE
    ..\..\..\Middlewares\FreeRTOS\portable\RVDS\ARM_CM3\port.c 0x00000000   Number         0  port.o ABSOLUTE
    ..\..\..\Middlewares\FreeRTOS\queue.c    0x00000000   Number         0  queue.o ABSOLUTE
    ..\..\..\Middlewares\FreeRTOS\stream_buffer.c 0x00000000   Number         0  stream_buffer.o ABSOLUTE
    ..\..\..\Middlewares\FreeRTOS\tasks.c    0x00000000   Number         0  tasks.o ABSOLUTE
    ..\..\..\Middlewares\FreeRTOS\timers.c   0x00000000   Number         0  timers.o ABSOLUTE
    ..\..\..\Sys\Src\cpu_utils.c             0x00000000   Number         0  cpu_utils.o ABSOLUTE
    ..\\..\\..\\Libraries\\AT32F4xx_StdPeriph_Driver\\src\\at32f4xx_acc.c 0x00000000   Number         0  at32f4xx_acc.o ABSOLUTE
    ..\\..\\..\\Libraries\\AT32F4xx_StdPeriph_Driver\\src\\at32f4xx_adc.c 0x00000000   Number         0  at32f4xx_adc.o ABSOLUTE
    ..\\..\\..\\Libraries\\AT32F4xx_StdPeriph_Driver\\src\\at32f4xx_bkp.c 0x00000000   Number         0  at32f4xx_bkp.o ABSOLUTE
    ..\\..\\..\\Libraries\\AT32F4xx_StdPeriph_Driver\\src\\at32f4xx_can.c 0x00000000   Number         0  at32f4xx_can.o ABSOLUTE
    ..\\..\\..\\Libraries\\AT32F4xx_StdPeriph_Driver\\src\\at32f4xx_comp.c 0x00000000   Number         0  at32f4xx_comp.o ABSOLUTE
    ..\\..\\..\\Libraries\\AT32F4xx_StdPeriph_Driver\\src\\at32f4xx_crc.c 0x00000000   Number         0  at32f4xx_crc.o ABSOLUTE
    ..\\..\\..\\Libraries\\AT32F4xx_StdPeriph_Driver\\src\\at32f4xx_dac.c 0x00000000   Number         0  at32f4xx_dac.o ABSOLUTE
    ..\\..\\..\\Libraries\\AT32F4xx_StdPeriph_Driver\\src\\at32f4xx_dbgmcu.c 0x00000000   Number         0  at32f4xx_dbgmcu.o ABSOLUTE
    ..\\..\\..\\Libraries\\AT32F4xx_StdPeriph_Driver\\src\\at32f4xx_dma.c 0x00000000   Number         0  at32f4xx_dma.o ABSOLUTE
    ..\\..\\..\\Libraries\\AT32F4xx_StdPeriph_Driver\\src\\at32f4xx_ertc.c 0x00000000   Number         0  at32f4xx_ertc.o ABSOLUTE
    ..\\..\\..\\Libraries\\AT32F4xx_StdPeriph_Driver\\src\\at32f4xx_eth.c 0x00000000   Number         0  at32f4xx_eth.o ABSOLUTE
    ..\\..\\..\\Libraries\\AT32F4xx_StdPeriph_Driver\\src\\at32f4xx_exti.c 0x00000000   Number         0  at32f4xx_exti.o ABSOLUTE
    ..\\..\\..\\Libraries\\AT32F4xx_StdPeriph_Driver\\src\\at32f4xx_flash.c 0x00000000   Number         0  at32f4xx_flash.o ABSOLUTE
    ..\\..\\..\\Libraries\\AT32F4xx_StdPeriph_Driver\\src\\at32f4xx_gpio.c 0x00000000   Number         0  at32f4xx_gpio.o ABSOLUTE
    ..\\..\\..\\Libraries\\AT32F4xx_StdPeriph_Driver\\src\\at32f4xx_gpio_ex.c 0x00000000   Number         0  at32f4xx_gpio_ex.o ABSOLUTE
    ..\\..\\..\\Libraries\\AT32F4xx_StdPeriph_Driver\\src\\at32f4xx_i2c.c 0x00000000   Number         0  at32f4xx_i2c.o ABSOLUTE
    ..\\..\\..\\Libraries\\AT32F4xx_StdPeriph_Driver\\src\\at32f4xx_iwdg.c 0x00000000   Number         0  at32f4xx_iwdg.o ABSOLUTE
    ..\\..\\..\\Libraries\\AT32F4xx_StdPeriph_Driver\\src\\at32f4xx_pwr.c 0x00000000   Number         0  at32f4xx_pwr.o ABSOLUTE
    ..\\..\\..\\Libraries\\AT32F4xx_StdPeriph_Driver\\src\\at32f4xx_rcc.c 0x00000000   Number         0  at32f4xx_rcc.o ABSOLUTE
    ..\\..\\..\\Libraries\\AT32F4xx_StdPeriph_Driver\\src\\at32f4xx_rtc.c 0x00000000   Number         0  at32f4xx_rtc.o ABSOLUTE
    ..\\..\\..\\Libraries\\AT32F4xx_StdPeriph_Driver\\src\\at32f4xx_sdio.c 0x00000000   Number         0  at32f4xx_sdio.o ABSOLUTE
    ..\\..\\..\\Libraries\\AT32F4xx_StdPeriph_Driver\\src\\at32f4xx_spi.c 0x00000000   Number         0  at32f4xx_spi.o ABSOLUTE
    ..\\..\\..\\Libraries\\AT32F4xx_StdPeriph_Driver\\src\\at32f4xx_syscfg.c 0x00000000   Number         0  at32f4xx_syscfg.o ABSOLUTE
    ..\\..\\..\\Libraries\\AT32F4xx_StdPeriph_Driver\\src\\at32f4xx_tim.c 0x00000000   Number         0  at32f4xx_tim.o ABSOLUTE
    ..\\..\\..\\Libraries\\AT32F4xx_StdPeriph_Driver\\src\\at32f4xx_usart.c 0x00000000   Number         0  at32f4xx_usart.o ABSOLUTE
    ..\\..\\..\\Libraries\\AT32F4xx_StdPeriph_Driver\\src\\at32f4xx_wwdg.c 0x00000000   Number         0  at32f4xx_wwdg.o ABSOLUTE
    ..\\..\\..\\Libraries\\AT32F4xx_StdPeriph_Driver\\src\\at32f4xx_xmc.c 0x00000000   Number         0  at32f4xx_xmc.o ABSOLUTE
    ..\\..\\..\\Libraries\\AT32F4xx_StdPeriph_Driver\\src\\misc.c 0x00000000   Number         0  misc.o ABSOLUTE
    ..\\..\\..\\Middlewares\\FreeRTOS\\portable\\RVDS\\ARM_CM3\\port.c 0x00000000   Number         0  port.o ABSOLUTE
    ..\\..\\..\\Sys\\Src\\cpu_utils.c        0x00000000   Number         0  cpu_utils.o ABSOLUTE
    ..\\at32f4xx_it.c                        0x00000000   Number         0  at32f4xx_it.o ABSOLUTE
    ..\\main.c                               0x00000000   Number         0  main.o ABSOLUTE
    ..\\system_at32f4xx.c                    0x00000000   Number         0  system_at32f4xx.o ABSOLUTE
    ..\at32f4xx_it.c                         0x00000000   Number         0  at32f4xx_it.o ABSOLUTE
    ..\main.c                                0x00000000   Number         0  main.o ABSOLUTE
    ..\system_at32f4xx.c                     0x00000000   Number         0  system_at32f4xx.o ABSOLUTE
    dc.s                                     0x00000000   Number         0  dc.o ABSOLUTE
    handlers.s                               0x00000000   Number         0  handlers.o ABSOLUTE
    init.s                                   0x00000000   Number         0  init.o ABSOLUTE
    RESET                                    0x08000000   Section      368  startup_at32f415cct7.o(RESET)
    .ARM.Collect$$$$00000000                 0x08000170   Section        0  entry.o(.ARM.Collect$$$$00000000)
    .ARM.Collect$$$$00000001                 0x08000170   Section        4  entry2.o(.ARM.Collect$$$$00000001)
    .ARM.Collect$$$$00000004                 0x08000174   Section        4  entry5.o(.ARM.Collect$$$$00000004)
    .ARM.Collect$$$$00000008                 0x08000178   Section        0  entry7b.o(.ARM.Collect$$$$00000008)
    .ARM.Collect$$$$0000000A                 0x08000178   Section        0  entry8b.o(.ARM.Collect$$$$0000000A)
    .ARM.Collect$$$$0000000B                 0x08000178   Section        8  entry9a.o(.ARM.Collect$$$$0000000B)
    .ARM.Collect$$$$0000000D                 0x08000180   Section        0  entry10a.o(.ARM.Collect$$$$0000000D)
    .ARM.Collect$$$$0000000F                 0x08000180   Section        0  entry11a.o(.ARM.Collect$$$$0000000F)
    .ARM.Collect$$$$00002712                 0x08000180   Section        4  entry2.o(.ARM.Collect$$$$00002712)
    __lit__00000000                          0x08000180   Data           4  entry2.o(.ARM.Collect$$$$00002712)
    .emb_text                                0x08000184   Section      150  port.o(.emb_text)
    .text                                    0x0800021c   Section       36  startup_at32f415cct7.o(.text)
    .text                                    0x08000240   Section        0  memcpya.o(.text)
    .text                                    0x08000264   Section       36  init.o(.text)
    i.BusFault_Handler                       0x08000288   Section        0  at32f4xx_it.o(i.BusFault_Handler)
    i.DebugMon_Handler                       0x0800028c   Section        0  at32f4xx_it.o(i.DebugMon_Handler)
    i.HardFault_Handler                      0x0800028e   Section        0  at32f4xx_it.o(i.HardFault_Handler)
    i.MemManage_Handler                      0x08000292   Section        0  at32f4xx_it.o(i.MemManage_Handler)
    i.NMI_Handler                            0x08000296   Section        0  at32f4xx_it.o(i.NMI_Handler)
    i.RCC_APB1PeriphClockCmd                 0x08000298   Section        0  at32f4xx_rcc.o(i.RCC_APB1PeriphClockCmd)
    i.RCC_PLLconfig2                         0x080002b8   Section        0  at32f4xx_rcc.o(i.RCC_PLLconfig2)
    i.RCC_StepModeCmd                        0x08000320   Section        0  at32f4xx_rcc.o(i.RCC_StepModeCmd)
    i.SetSysClock                            0x08000344   Section        0  system_at32f4xx.o(i.SetSysClock)
    SetSysClock                              0x08000345   Thumb Code     8  system_at32f4xx.o(i.SetSysClock)
    i.SetSysClockTo150MHSI                   0x0800034c   Section        0  system_at32f4xx.o(i.SetSysClockTo150MHSI)
    SetSysClockTo150MHSI                     0x0800034d   Thumb Code   262  system_at32f4xx.o(i.SetSysClockTo150MHSI)
    i.SysTick_Handler                        0x08000460   Section        0  at32f4xx_it.o(i.SysTick_Handler)
    i.SystemInit                             0x08000468   Section        0  system_at32f4xx.o(i.SystemInit)
    i.UsageFault_Handler                     0x08000504   Section        0  at32f4xx_it.o(i.UsageFault_Handler)
    i.__scatterload_copy                     0x08000508   Section       14  handlers.o(i.__scatterload_copy)
    i.__scatterload_null                     0x08000516   Section        2  handlers.o(i.__scatterload_null)
    i.__scatterload_zeroinit                 0x08000518   Section       14  handlers.o(i.__scatterload_zeroinit)
    i.main                                   0x08000528   Section        0  main.o(i.main)
    i.prvAddCurrentTaskToDelayedList         0x0800054c   Section        0  tasks.o(i.prvAddCurrentTaskToDelayedList)
    prvAddCurrentTaskToDelayedList           0x0800054d   Thumb Code   104  tasks.o(i.prvAddCurrentTaskToDelayedList)
    i.prvAddNewTaskToReadyList               0x080005cc   Section        0  tasks.o(i.prvAddNewTaskToReadyList)
    prvAddNewTaskToReadyList                 0x080005cd   Thumb Code   150  tasks.o(i.prvAddNewTaskToReadyList)
    i.prvCheckForValidListAndQueue           0x08000680   Section        0  timers.o(i.prvCheckForValidListAndQueue)
    prvCheckForValidListAndQueue             0x08000681   Thumb Code    56  timers.o(i.prvCheckForValidListAndQueue)
    i.prvCheckTasksWaitingTermination        0x080006cc   Section        0  tasks.o(i.prvCheckTasksWaitingTermination)
    prvCheckTasksWaitingTermination          0x080006cd   Thumb Code     2  tasks.o(i.prvCheckTasksWaitingTermination)
    i.prvCopyDataFromQueue                   0x080006ce   Section        0  queue.o(i.prvCopyDataFromQueue)
    prvCopyDataFromQueue                     0x080006cf   Thumb Code    42  queue.o(i.prvCopyDataFromQueue)
    i.prvCopyDataToQueue                     0x080006f8   Section        0  queue.o(i.prvCopyDataToQueue)
    prvCopyDataToQueue                       0x080006f9   Thumb Code   126  queue.o(i.prvCopyDataToQueue)
    i.prvGetNextExpireTime                   0x08000778   Section        0  timers.o(i.prvGetNextExpireTime)
    prvGetNextExpireTime                     0x08000779   Thumb Code    36  timers.o(i.prvGetNextExpireTime)
    i.prvHeapInit                            0x080007a0   Section        0  heap_4.o(i.prvHeapInit)
    prvHeapInit                              0x080007a1   Thumb Code    98  heap_4.o(i.prvHeapInit)
    i.prvIdleTask                            0x0800081c   Section        0  tasks.o(i.prvIdleTask)
    prvIdleTask                              0x0800081d   Thumb Code    32  tasks.o(i.prvIdleTask)
    i.prvInitialiseNewQueue                  0x08000844   Section        0  queue.o(i.prvInitialiseNewQueue)
    prvInitialiseNewQueue                    0x08000845   Thumb Code    38  queue.o(i.prvInitialiseNewQueue)
    i.prvInitialiseNewTask                   0x0800086a   Section        0  tasks.o(i.prvInitialiseNewTask)
    prvInitialiseNewTask                     0x0800086b   Thumb Code   144  tasks.o(i.prvInitialiseNewTask)
    i.prvInitialiseTaskLists                 0x080008fc   Section        0  tasks.o(i.prvInitialiseTaskLists)
    prvInitialiseTaskLists                   0x080008fd   Thumb Code    58  tasks.o(i.prvInitialiseTaskLists)
    i.prvInsertBlockIntoFreeList             0x08000950   Section        0  heap_4.o(i.prvInsertBlockIntoFreeList)
    prvInsertBlockIntoFreeList               0x08000951   Thumb Code    96  heap_4.o(i.prvInsertBlockIntoFreeList)
    i.prvInsertTimerInActiveList             0x080009b8   Section        0  timers.o(i.prvInsertTimerInActiveList)
    prvInsertTimerInActiveList               0x080009b9   Thumb Code    80  timers.o(i.prvInsertTimerInActiveList)
    i.prvIsQueueEmpty                        0x08000a10   Section        0  queue.o(i.prvIsQueueEmpty)
    prvIsQueueEmpty                          0x08000a11   Thumb Code    26  queue.o(i.prvIsQueueEmpty)
    i.prvIsQueueFull                         0x08000a2a   Section        0  queue.o(i.prvIsQueueFull)
    prvIsQueueFull                           0x08000a2b   Thumb Code    30  queue.o(i.prvIsQueueFull)
    i.prvProcessExpiredTimer                 0x08000a48   Section        0  timers.o(i.prvProcessExpiredTimer)
    prvProcessExpiredTimer                   0x08000a49   Thumb Code    86  timers.o(i.prvProcessExpiredTimer)
    i.prvProcessReceivedCommands             0x08000aa4   Section        0  timers.o(i.prvProcessReceivedCommands)
    prvProcessReceivedCommands               0x08000aa5   Thumb Code   264  timers.o(i.prvProcessReceivedCommands)
    i.prvProcessTimerOrBlockTask             0x08000bb0   Section        0  timers.o(i.prvProcessTimerOrBlockTask)
    prvProcessTimerOrBlockTask               0x08000bb1   Thumb Code   102  timers.o(i.prvProcessTimerOrBlockTask)
    i.prvResetNextTaskUnblockTime            0x08000c24   Section        0  tasks.o(i.prvResetNextTaskUnblockTime)
    prvResetNextTaskUnblockTime              0x08000c25   Thumb Code    42  tasks.o(i.prvResetNextTaskUnblockTime)
    i.prvSampleTimeNow                       0x08000c58   Section        0  timers.o(i.prvSampleTimeNow)
    prvSampleTimeNow                         0x08000c59   Thumb Code    40  timers.o(i.prvSampleTimeNow)
    i.prvSwitchTimerLists                    0x08000c84   Section        0  timers.o(i.prvSwitchTimerLists)
    prvSwitchTimerLists                      0x08000c85   Thumb Code   126  timers.o(i.prvSwitchTimerLists)
    i.prvTaskExitError                       0x08000d0c   Section        0  port.o(i.prvTaskExitError)
    prvTaskExitError                         0x08000d0d   Thumb Code    22  port.o(i.prvTaskExitError)
    i.prvTimerTask                           0x08000d22   Section        0  timers.o(i.prvTimerTask)
    prvTimerTask                             0x08000d23   Thumb Code    26  timers.o(i.prvTimerTask)
    i.prvUnlockQueue                         0x08000d3c   Section        0  queue.o(i.prvUnlockQueue)
    prvUnlockQueue                           0x08000d3d   Thumb Code   126  queue.o(i.prvUnlockQueue)
    i.pvPortMalloc                           0x08000dbc   Section        0  heap_4.o(i.pvPortMalloc)
    i.pxPortInitialiseStack                  0x08000e8c   Section        0  port.o(i.pxPortInitialiseStack)
    i.uxListRemove                           0x08000eb0   Section        0  list.o(i.uxListRemove)
    i.vListInitialise                        0x08000ed8   Section        0  list.o(i.vListInitialise)
    i.vListInitialiseItem                    0x08000ef2   Section        0  list.o(i.vListInitialiseItem)
    i.vListInsert                            0x08000ef8   Section        0  list.o(i.vListInsert)
    i.vListInsertEnd                         0x08000f2c   Section        0  list.o(i.vListInsertEnd)
    i.vPortEnterCritical                     0x08000f44   Section        0  port.o(i.vPortEnterCritical)
    i.vPortExitCritical                      0x08000f68   Section        0  port.o(i.vPortExitCritical)
    i.vPortFree                              0x08000f88   Section        0  heap_4.o(i.vPortFree)
    i.vPortSetupTimerInterrupt               0x08000fd0   Section        0  port.o(i.vPortSetupTimerInterrupt)
    i.vQueueWaitForMessageRestricted         0x08000fe8   Section        0  queue.o(i.vQueueWaitForMessageRestricted)
    i.vTaskDelay                             0x08001034   Section        0  tasks.o(i.vTaskDelay)
    i.vTaskInternalSetTimeOutState           0x08001068   Section        0  tasks.o(i.vTaskInternalSetTimeOutState)
    i.vTaskMissedYield                       0x08001080   Section        0  tasks.o(i.vTaskMissedYield)
    i.vTaskPlaceOnEventList                  0x0800108c   Section        0  tasks.o(i.vTaskPlaceOnEventList)
    i.vTaskPlaceOnEventListRestricted        0x080010ac   Section        0  tasks.o(i.vTaskPlaceOnEventListRestricted)
    i.vTaskStartScheduler                    0x080010d4   Section        0  tasks.o(i.vTaskStartScheduler)
    i.vTaskSuspendAll                        0x08001144   Section        0  tasks.o(i.vTaskSuspendAll)
    i.vTaskSwitchContext                     0x08001154   Section        0  tasks.o(i.vTaskSwitchContext)
    i.vTskInit                               0x080011b4   Section        0  main.o(i.vTskInit)
    i.xPortStartScheduler                    0x080011d8   Section        0  port.o(i.xPortStartScheduler)
    i.xPortSysTickHandler                    0x0800120c   Section        0  port.o(i.xPortSysTickHandler)
    i.xQueueGenericCreate                    0x08001240   Section        0  queue.o(i.xQueueGenericCreate)
    i.xQueueGenericReset                     0x0800127c   Section        0  queue.o(i.xQueueGenericReset)
    i.xQueueGenericSend                      0x080012fc   Section        0  queue.o(i.xQueueGenericSend)
    i.xQueueGenericSendFromISR               0x08001414   Section        0  queue.o(i.xQueueGenericSendFromISR)
    i.xQueueReceive                          0x0800149c   Section        0  queue.o(i.xQueueReceive)
    i.xTaskCheckForTimeOut                   0x080015a0   Section        0  tasks.o(i.xTaskCheckForTimeOut)
    i.xTaskCreate                            0x080015f4   Section        0  tasks.o(i.xTaskCreate)
    i.xTaskGetSchedulerState                 0x08001654   Section        0  tasks.o(i.xTaskGetSchedulerState)
    i.xTaskGetTickCount                      0x08001674   Section        0  tasks.o(i.xTaskGetTickCount)
    i.xTaskIncrementTick                     0x08001680   Section        0  tasks.o(i.xTaskIncrementTick)
    i.xTaskPriorityDisinherit                0x0800179c   Section        0  tasks.o(i.xTaskPriorityDisinherit)
    i.xTaskRemoveFromEventList               0x08001820   Section        0  tasks.o(i.xTaskRemoveFromEventList)
    i.xTaskResumeAll                         0x080018a0   Section        0  tasks.o(i.xTaskResumeAll)
    i.xTimerCreateTimerTask                  0x08001988   Section        0  timers.o(i.xTimerCreateTimerTask)
    i.xTimerGenericCommand                   0x080019c8   Section        0  timers.o(i.xTimerGenericCommand)
    .data                                    0x20000000   Section        4  main.o(.data)
    .data                                    0x20000004   Section       56  tasks.o(.data)
    pxDelayedTaskList                        0x20000008   Data           4  tasks.o(.data)
    pxOverflowDelayedTaskList                0x2000000c   Data           4  tasks.o(.data)
    uxCurrentNumberOfTasks                   0x20000010   Data           4  tasks.o(.data)
    xTickCount                               0x20000014   Data           4  tasks.o(.data)
    uxTopReadyPriority                       0x20000018   Data           4  tasks.o(.data)
    xSchedulerRunning                        0x2000001c   Data           4  tasks.o(.data)
    uxPendedTicks                            0x20000020   Data           4  tasks.o(.data)
    xYieldPending                            0x20000024   Data           4  tasks.o(.data)
    xNumOfOverflows                          0x20000028   Data           4  tasks.o(.data)
    uxTaskNumber                             0x2000002c   Data           4  tasks.o(.data)
    xNextTaskUnblockTime                     0x20000030   Data           4  tasks.o(.data)
    xIdleTaskHandle                          0x20000034   Data           4  tasks.o(.data)
    uxSchedulerSuspended                     0x20000038   Data           4  tasks.o(.data)
    .data                                    0x2000003c   Section       20  timers.o(.data)
    pxCurrentTimerList                       0x2000003c   Data           4  timers.o(.data)
    pxOverflowTimerList                      0x20000040   Data           4  timers.o(.data)
    xTimerQueue                              0x20000044   Data           4  timers.o(.data)
    xTimerTaskHandle                         0x20000048   Data           4  timers.o(.data)
    xLastTime                                0x2000004c   Data           4  timers.o(.data)
    .data                                    0x20000050   Section       24  heap_4.o(.data)
    xStart                                   0x20000050   Data           8  heap_4.o(.data)
    pxEnd                                    0x20000058   Data           4  heap_4.o(.data)
    xFreeBytesRemaining                      0x2000005c   Data           4  heap_4.o(.data)
    xMinimumEverFreeBytesRemaining           0x20000060   Data           4  heap_4.o(.data)
    xBlockAllocatedBit                       0x20000064   Data           4  heap_4.o(.data)
    .data                                    0x20000068   Section        4  port.o(.data)
    uxCriticalNesting                        0x20000068   Data           4  port.o(.data)
    .bss                                     0x2000006c   Section      380  tasks.o(.bss)
    pxReadyTasksLists                        0x2000006c   Data         320  tasks.o(.bss)
    xDelayedTaskList1                        0x200001ac   Data          20  tasks.o(.bss)
    xDelayedTaskList2                        0x200001c0   Data          20  tasks.o(.bss)
    xPendingReadyList                        0x200001d4   Data          20  tasks.o(.bss)
    .bss                                     0x200001e8   Section       40  timers.o(.bss)
    xActiveTimerList1                        0x200001e8   Data          20  timers.o(.bss)
    xActiveTimerList2                        0x200001fc   Data          20  timers.o(.bss)
    .bss                                     0x20000210   Section    16384  heap_4.o(.bss)
    ucHeap                                   0x20000210   Data       16384  heap_4.o(.bss)
    STACK                                    0x20004210   Section     1024  startup_at32f415cct7.o(STACK)

    Global Symbols

    Symbol Name                              Value     Ov Type        Size  Object(Section)

    BuildAttributes$$THM_ISAv4$E$P$D$K$B$S$7EM$PE$A:L22UL41UL21$X:L11$S22US41US21$IEEE1$IW$USESV6$~STKCKD$USESV7$~SHL$OSPACE$EBA8$MICROLIB$REQ8$PRES8$EABIv2 0x00000000   Number         0  anon$$obj.o ABSOLUTE
    __ARM_use_no_argv                        0x00000000   Number         0  main.o ABSOLUTE
    __cpp_initialize__aeabi_                  - Undefined Weak Reference
    __cxa_finalize                            - Undefined Weak Reference
    __decompress                              - Undefined Weak Reference
    _clock_init                               - Undefined Weak Reference
    _microlib_exit                            - Undefined Weak Reference
    __Vectors_Size                           0x00000170   Number         0  startup_at32f415cct7.o ABSOLUTE
    __Vectors                                0x08000000   Data           4  startup_at32f415cct7.o(RESET)
    __Vectors_End                            0x08000170   Data           0  startup_at32f415cct7.o(RESET)
    __main                                   0x08000171   Thumb Code     0  entry.o(.ARM.Collect$$$$00000000)
    _main_stk                                0x08000171   Thumb Code     0  entry2.o(.ARM.Collect$$$$00000001)
    _main_scatterload                        0x08000175   Thumb Code     0  entry5.o(.ARM.Collect$$$$00000004)
    __main_after_scatterload                 0x08000179   Thumb Code     0  entry5.o(.ARM.Collect$$$$00000004)
    _main_clock                              0x08000179   Thumb Code     0  entry7b.o(.ARM.Collect$$$$00000008)
    _main_cpp_init                           0x08000179   Thumb Code     0  entry8b.o(.ARM.Collect$$$$0000000A)
    _main_init                               0x08000179   Thumb Code     0  entry9a.o(.ARM.Collect$$$$0000000B)
    __rt_final_cpp                           0x08000181   Thumb Code     0  entry10a.o(.ARM.Collect$$$$0000000D)
    __rt_final_exit                          0x08000181   Thumb Code     0  entry11a.o(.ARM.Collect$$$$0000000F)
    SVC_Handler                              0x08000185   Thumb Code    32  port.o(.emb_text)
    __asm___6_port_c_39a90d8d__prvStartFirstTask 0x080001a9   Thumb Code    28  port.o(.emb_text)
    PendSV_Handler                           0x080001c9   Thumb Code    72  port.o(.emb_text)
    vPortGetIPSR                             0x08000215   Thumb Code     6  port.o(.emb_text)
    Reset_Handler                            0x0800021d   Thumb Code     8  startup_at32f415cct7.o(.text)
    ACC_IRQHandler                           0x08000237   Thumb Code     0  startup_at32f415cct7.o(.text)
    ADC1_2_IRQHandler                        0x08000237   Thumb Code     0  startup_at32f415cct7.o(.text)
    CAN1_RX0_IRQHandler                      0x08000237   Thumb Code     0  startup_at32f415cct7.o(.text)
    CAN1_RX1_IRQHandler                      0x08000237   Thumb Code     0  startup_at32f415cct7.o(.text)
    CAN1_SCE_IRQHandler                      0x08000237   Thumb Code     0  startup_at32f415cct7.o(.text)
    CAN1_TX_IRQHandler                       0x08000237   Thumb Code     0  startup_at32f415cct7.o(.text)
    COMP1_IRQHandler                         0x08000237   Thumb Code     0  startup_at32f415cct7.o(.text)
    COMP2_IRQHandler                         0x08000237   Thumb Code     0  startup_at32f415cct7.o(.text)
    DMA1_Channel1_IRQHandler                 0x08000237   Thumb Code     0  startup_at32f415cct7.o(.text)
    DMA1_Channel2_IRQHandler                 0x08000237   Thumb Code     0  startup_at32f415cct7.o(.text)
    DMA1_Channel3_IRQHandler                 0x08000237   Thumb Code     0  startup_at32f415cct7.o(.text)
    DMA1_Channel4_IRQHandler                 0x08000237   Thumb Code     0  startup_at32f415cct7.o(.text)
    DMA1_Channel5_IRQHandler                 0x08000237   Thumb Code     0  startup_at32f415cct7.o(.text)
    DMA1_Channel6_IRQHandler                 0x08000237   Thumb Code     0  startup_at32f415cct7.o(.text)
    DMA1_Channel7_IRQHandler                 0x08000237   Thumb Code     0  startup_at32f415cct7.o(.text)
    DMA2_Channel1_IRQHandler                 0x08000237   Thumb Code     0  startup_at32f415cct7.o(.text)
    DMA2_Channel2_IRQHandler                 0x08000237   Thumb Code     0  startup_at32f415cct7.o(.text)
    DMA2_Channel3_IRQHandler                 0x08000237   Thumb Code     0  startup_at32f415cct7.o(.text)
    DMA2_Channel4_5_IRQHandler               0x08000237   Thumb Code     0  startup_at32f415cct7.o(.text)
    DMA2_Channel6_7_IRQHandler               0x08000237   Thumb Code     0  startup_at32f415cct7.o(.text)
    ERTCAlarm_IRQHandler                     0x08000237   Thumb Code     0  startup_at32f415cct7.o(.text)
    ERTC_WKUP_IRQHandler                     0x08000237   Thumb Code     0  startup_at32f415cct7.o(.text)
    EXTI0_IRQHandler                         0x08000237   Thumb Code     0  startup_at32f415cct7.o(.text)
    EXTI15_10_IRQHandler                     0x08000237   Thumb Code     0  startup_at32f415cct7.o(.text)
    EXTI1_IRQHandler                         0x08000237   Thumb Code     0  startup_at32f415cct7.o(.text)
    EXTI2_IRQHandler                         0x08000237   Thumb Code     0  startup_at32f415cct7.o(.text)
    EXTI3_IRQHandler                         0x08000237   Thumb Code     0  startup_at32f415cct7.o(.text)
    EXTI4_IRQHandler                         0x08000237   Thumb Code     0  startup_at32f415cct7.o(.text)
    EXTI9_5_IRQHandler                       0x08000237   Thumb Code     0  startup_at32f415cct7.o(.text)
    FLASH_IRQHandler                         0x08000237   Thumb Code     0  startup_at32f415cct7.o(.text)
    I2C1_ER_IRQHandler                       0x08000237   Thumb Code     0  startup_at32f415cct7.o(.text)
    I2C1_EV_IRQHandler                       0x08000237   Thumb Code     0  startup_at32f415cct7.o(.text)
    I2C2_ER_IRQHandler                       0x08000237   Thumb Code     0  startup_at32f415cct7.o(.text)
    I2C2_EV_IRQHandler                       0x08000237   Thumb Code     0  startup_at32f415cct7.o(.text)
    PVD_IRQHandler                           0x08000237   Thumb Code     0  startup_at32f415cct7.o(.text)
    RCC_IRQHandler                           0x08000237   Thumb Code     0  startup_at32f415cct7.o(.text)
    SDIO_IRQHandler                          0x08000237   Thumb Code     0  startup_at32f415cct7.o(.text)
    SPI1_IRQHandler                          0x08000237   Thumb Code     0  startup_at32f415cct7.o(.text)
    SPI2_IRQHandler                          0x08000237   Thumb Code     0  startup_at32f415cct7.o(.text)
    TAMP_STAMP_IRQHandler                    0x08000237   Thumb Code     0  startup_at32f415cct7.o(.text)
    TMR1_BRK_TMR9_IRQHandler                 0x08000237   Thumb Code     0  startup_at32f415cct7.o(.text)
    TMR1_CC_IRQHandler                       0x08000237   Thumb Code     0  startup_at32f415cct7.o(.text)
    TMR1_OV_TMR10_IRQHandler                 0x08000237   Thumb Code     0  startup_at32f415cct7.o(.text)
    TMR1_TRG_COM_TMR11_IRQHandler            0x08000237   Thumb Code     0  startup_at32f415cct7.o(.text)
    TMR2_GLOBAL_IRQHandler                   0x08000237   Thumb Code     0  startup_at32f415cct7.o(.text)
    TMR3_GLOBAL_IRQHandler                   0x08000237   Thumb Code     0  startup_at32f415cct7.o(.text)
    TMR4_GLOBAL_IRQHandler                   0x08000237   Thumb Code     0  startup_at32f415cct7.o(.text)
    TMR5_GLOBAL_IRQHandler                   0x08000237   Thumb Code     0  startup_at32f415cct7.o(.text)
    USART1_IRQHandler                        0x08000237   Thumb Code     0  startup_at32f415cct7.o(.text)
    USART2_IRQHandler                        0x08000237   Thumb Code     0  startup_at32f415cct7.o(.text)
    USART3_IRQHandler                        0x08000237   Thumb Code     0  startup_at32f415cct7.o(.text)
    USBOTG_IRQHandler                        0x08000237   Thumb Code     0  startup_at32f415cct7.o(.text)
    USBWakeUp_IRQHandler                     0x08000237   Thumb Code     0  startup_at32f415cct7.o(.text)
    WWDG_IRQHandler                          0x08000237   Thumb Code     0  startup_at32f415cct7.o(.text)
    __aeabi_memcpy                           0x08000241   Thumb Code    36  memcpya.o(.text)
    __aeabi_memcpy4                          0x08000241   Thumb Code     0  memcpya.o(.text)
    __aeabi_memcpy8                          0x08000241   Thumb Code     0  memcpya.o(.text)
    __scatterload                            0x08000265   Thumb Code    28  init.o(.text)
    __scatterload_rt2                        0x08000265   Thumb Code     0  init.o(.text)
    BusFault_Handler                         0x08000289   Thumb Code     4  at32f4xx_it.o(i.BusFault_Handler)
    DebugMon_Handler                         0x0800028d   Thumb Code     2  at32f4xx_it.o(i.DebugMon_Handler)
    HardFault_Handler                        0x0800028f   Thumb Code     4  at32f4xx_it.o(i.HardFault_Handler)
    MemManage_Handler                        0x08000293   Thumb Code     4  at32f4xx_it.o(i.MemManage_Handler)
    NMI_Handler                              0x08000297   Thumb Code     2  at32f4xx_it.o(i.NMI_Handler)
    RCC_APB1PeriphClockCmd                   0x08000299   Thumb Code    26  at32f4xx_rcc.o(i.RCC_APB1PeriphClockCmd)
    RCC_PLLconfig2                           0x080002b9   Thumb Code    84  at32f4xx_rcc.o(i.RCC_PLLconfig2)
    RCC_StepModeCmd                          0x08000321   Thumb Code    32  at32f4xx_rcc.o(i.RCC_StepModeCmd)
    SysTick_Handler                          0x08000461   Thumb Code     8  at32f4xx_it.o(i.SysTick_Handler)
    SystemInit                               0x08000469   Thumb Code   126  system_at32f4xx.o(i.SystemInit)
    UsageFault_Handler                       0x08000505   Thumb Code     4  at32f4xx_it.o(i.UsageFault_Handler)
    __scatterload_copy                       0x08000509   Thumb Code    14  handlers.o(i.__scatterload_copy)
    __scatterload_null                       0x08000517   Thumb Code     2  handlers.o(i.__scatterload_null)
    __scatterload_zeroinit                   0x08000519   Thumb Code    14  handlers.o(i.__scatterload_zeroinit)
    main                                     0x08000529   Thumb Code    32  main.o(i.main)
    pvPortMalloc                             0x08000dbd   Thumb Code   188  heap_4.o(i.pvPortMalloc)
    pxPortInitialiseStack                    0x08000e8d   Thumb Code    30  port.o(i.pxPortInitialiseStack)
    uxListRemove                             0x08000eb1   Thumb Code    40  list.o(i.uxListRemove)
    vListInitialise                          0x08000ed9   Thumb Code    26  list.o(i.vListInitialise)
    vListInitialiseItem                      0x08000ef3   Thumb Code     6  list.o(i.vListInitialiseItem)
    vListInsert                              0x08000ef9   Thumb Code    52  list.o(i.vListInsert)
    vListInsertEnd                           0x08000f2d   Thumb Code    24  list.o(i.vListInsertEnd)
    vPortEnterCritical                       0x08000f45   Thumb Code    30  port.o(i.vPortEnterCritical)
    vPortExitCritical                        0x08000f69   Thumb Code    28  port.o(i.vPortExitCritical)
    vPortFree                                0x08000f89   Thumb Code    64  heap_4.o(i.vPortFree)
    vPortSetupTimerInterrupt                 0x08000fd1   Thumb Code    20  port.o(i.vPortSetupTimerInterrupt)
    vQueueWaitForMessageRestricted           0x08000fe9   Thumb Code    74  queue.o(i.vQueueWaitForMessageRestricted)
    vTaskDelay                               0x08001035   Thumb Code    46  tasks.o(i.vTaskDelay)
    vTaskInternalSetTimeOutState             0x08001069   Thumb Code    14  tasks.o(i.vTaskInternalSetTimeOutState)
    vTaskMissedYield                         0x08001081   Thumb Code     8  tasks.o(i.vTaskMissedYield)
    vTaskPlaceOnEventList                    0x0800108d   Thumb Code    28  tasks.o(i.vTaskPlaceOnEventList)
    vTaskPlaceOnEventListRestricted          0x080010ad   Thumb Code    36  tasks.o(i.vTaskPlaceOnEventListRestricted)
    vTaskStartScheduler                      0x080010d5   Thumb Code    82  tasks.o(i.vTaskStartScheduler)
    vTaskSuspendAll                          0x08001145   Thumb Code    12  tasks.o(i.vTaskSuspendAll)
    vTaskSwitchContext                       0x08001155   Thumb Code    76  tasks.o(i.vTaskSwitchContext)
    vTskInit                                 0x080011b5   Thumb Code    32  main.o(i.vTskInit)
    xPortStartScheduler                      0x080011d9   Thumb Code    42  port.o(i.xPortStartScheduler)
    xPortSysTickHandler                      0x0800120d   Thumb Code    46  port.o(i.xPortSysTickHandler)
    xQueueGenericCreate                      0x08001241   Thumb Code    58  queue.o(i.xQueueGenericCreate)
    xQueueGenericReset                       0x0800127d   Thumb Code   122  queue.o(i.xQueueGenericReset)
    xQueueGenericSend                        0x080012fd   Thumb Code   276  queue.o(i.xQueueGenericSend)
    xQueueGenericSendFromISR                 0x08001415   Thumb Code   134  queue.o(i.xQueueGenericSendFromISR)
    xQueueReceive                            0x0800149d   Thumb Code   256  queue.o(i.xQueueReceive)
    xTaskCheckForTimeOut                     0x080015a1   Thumb Code    74  tasks.o(i.xTaskCheckForTimeOut)
    xTaskCreate                              0x080015f5   Thumb Code    96  tasks.o(i.xTaskCreate)
    xTaskGetSchedulerState                   0x08001655   Thumb Code    24  tasks.o(i.xTaskGetSchedulerState)
    xTaskGetTickCount                        0x08001675   Thumb Code     6  tasks.o(i.xTaskGetTickCount)
    xTaskIncrementTick                       0x08001681   Thumb Code   238  tasks.o(i.xTaskIncrementTick)
    xTaskPriorityDisinherit                  0x0800179d   Thumb Code   122  tasks.o(i.xTaskPriorityDisinherit)
    xTaskRemoveFromEventList                 0x08001821   Thumb Code   104  tasks.o(i.xTaskRemoveFromEventList)
    xTaskResumeAll                           0x080018a1   Thumb Code   196  tasks.o(i.xTaskResumeAll)
    xTimerCreateTimerTask                    0x08001989   Thumb Code    42  timers.o(i.xTimerCreateTimerTask)
    xTimerGenericCommand                     0x080019c9   Thumb Code   104  timers.o(i.xTimerGenericCommand)
    Region$$Table$$Base                      0x08001a34   Number         0  anon$$obj.o(Region$$Table)
    Region$$Table$$Limit                     0x08001a54   Number         0  anon$$obj.o(Region$$Table)
    ulTick                                   0x20000000   Data           4  main.o(.data)
    pxCurrentTCB                             0x20000004   Data           4  tasks.o(.data)
    __initial_sp                             0x20004610   Data           0  startup_at32f415cct7.o(STACK)



==============================================================================

Memory Map of the image

  Image Entry point : 0x08000171

  Load Region LR_IROM1 (Base: 0x08000000, Size: 0x00001ac0, Max: 0x00020000, ABSOLUTE)

    Execution Region ER_IROM1 (Exec base: 0x08000000, Load base: 0x08000000, Size: 0x00001a54, Max: 0x00020000, ABSOLUTE)

    Exec Addr    Load Addr    Size         Type   Attr      Idx    E Section Name        Object

    0x08000000   0x08000000   0x00000170   Data   RO          329    RESET               startup_at32f415cct7.o
    0x08000170   0x08000170   0x00000000   Code   RO         4872  * .ARM.Collect$$$$00000000  mc_w.l(entry.o)
    0x08000170   0x08000170   0x00000004   Code   RO         4883    .ARM.Collect$$$$00000001  mc_w.l(entry2.o)
    0x08000174   0x08000174   0x00000004   Code   RO         4886    .ARM.Collect$$$$00000004  mc_w.l(entry5.o)
    0x08000178   0x08000178   0x00000000   Code   RO         4888    .ARM.Collect$$$$00000008  mc_w.l(entry7b.o)
    0x08000178   0x08000178   0x00000000   Code   RO         4890    .ARM.Collect$$$$0000000A  mc_w.l(entry8b.o)
    0x08000178   0x08000178   0x00000008   Code   RO         4891    .ARM.Collect$$$$0000000B  mc_w.l(entry9a.o)
    0x08000180   0x08000180   0x00000000   Code   RO         4893    .ARM.Collect$$$$0000000D  mc_w.l(entry10a.o)
    0x08000180   0x08000180   0x00000000   Code   RO         4895    .ARM.Collect$$$$0000000F  mc_w.l(entry11a.o)
    0x08000180   0x08000180   0x00000004   Code   RO         4884    .ARM.Collect$$$$00002712  mc_w.l(entry2.o)
    0x08000184   0x08000184   0x00000096   Code   RO         4747    .emb_text           port.o
    0x0800021a   0x0800021a   0x00000002   PAD
    0x0800021c   0x0800021c   0x00000024   Code   RO          330    .text               startup_at32f415cct7.o
    0x08000240   0x08000240   0x00000024   Code   RO         4877    .text               mc_w.l(memcpya.o)
    0x08000264   0x08000264   0x00000024   Code   RO         4901    .text               mc_w.l(init.o)
    0x08000288   0x08000288   0x00000004   Code   RO          221    i.BusFault_Handler  at32f4xx_it.o
    0x0800028c   0x0800028c   0x00000002   Code   RO          222    i.DebugMon_Handler  at32f4xx_it.o
    0x0800028e   0x0800028e   0x00000004   Code   RO          223    i.HardFault_Handler  at32f4xx_it.o
    0x08000292   0x08000292   0x00000004   Code   RO          224    i.MemManage_Handler  at32f4xx_it.o
    0x08000296   0x08000296   0x00000002   Code   RO          225    i.NMI_Handler       at32f4xx_it.o
    0x08000298   0x08000298   0x00000020   Code   RO         2312    i.RCC_APB1PeriphClockCmd  at32f4xx_rcc.o
    0x080002b8   0x080002b8   0x00000068   Code   RO         2339    i.RCC_PLLconfig2    at32f4xx_rcc.o
    0x08000320   0x08000320   0x00000024   Code   RO         2344    i.RCC_StepModeCmd   at32f4xx_rcc.o
    0x08000344   0x08000344   0x00000008   Code   RO          284    i.SetSysClock       system_at32f4xx.o
    0x0800034c   0x0800034c   0x00000114   Code   RO          285    i.SetSysClockTo150MHSI  system_at32f4xx.o
    0x08000460   0x08000460   0x00000008   Code   RO          226    i.SysTick_Handler   at32f4xx_it.o
    0x08000468   0x08000468   0x0000009c   Code   RO          287    i.SystemInit        system_at32f4xx.o
    0x08000504   0x08000504   0x00000004   Code   RO          227    i.UsageFault_Handler  at32f4xx_it.o
    0x08000508   0x08000508   0x0000000e   Code   RO         4905    i.__scatterload_copy  mc_w.l(handlers.o)
    0x08000516   0x08000516   0x00000002   Code   RO         4906    i.__scatterload_null  mc_w.l(handlers.o)
    0x08000518   0x08000518   0x0000000e   Code   RO         4907    i.__scatterload_zeroinit  mc_w.l(handlers.o)
    0x08000526   0x08000526   0x00000002   PAD
    0x08000528   0x08000528   0x00000024   Code   RO            4    i.main              main.o
    0x0800054c   0x0800054c   0x00000080   Code   RO         4289    i.prvAddCurrentTaskToDelayedList  tasks.o
    0x080005cc   0x080005cc   0x000000b4   Code   RO         4290    i.prvAddNewTaskToReadyList  tasks.o
    0x08000680   0x08000680   0x0000004c   Code   RO         4559    i.prvCheckForValidListAndQueue  timers.o
    0x080006cc   0x080006cc   0x00000002   Code   RO         4291    i.prvCheckTasksWaitingTermination  tasks.o
    0x080006ce   0x080006ce   0x0000002a   Code   RO         3969    i.prvCopyDataFromQueue  queue.o
    0x080006f8   0x080006f8   0x0000007e   Code   RO         3970    i.prvCopyDataToQueue  queue.o
    0x08000776   0x08000776   0x00000002   PAD
    0x08000778   0x08000778   0x00000028   Code   RO         4560    i.prvGetNextExpireTime  timers.o
    0x080007a0   0x080007a0   0x0000007c   Code   RO         4698    i.prvHeapInit       heap_4.o
    0x0800081c   0x0800081c   0x00000028   Code   RO         4292    i.prvIdleTask       tasks.o
    0x08000844   0x08000844   0x00000026   Code   RO         3973    i.prvInitialiseNewQueue  queue.o
    0x0800086a   0x0800086a   0x00000090   Code   RO         4293    i.prvInitialiseNewTask  tasks.o
    0x080008fa   0x080008fa   0x00000002   PAD
    0x080008fc   0x080008fc   0x00000054   Code   RO         4294    i.prvInitialiseTaskLists  tasks.o
    0x08000950   0x08000950   0x00000068   Code   RO         4699    i.prvInsertBlockIntoFreeList  heap_4.o
    0x080009b8   0x080009b8   0x00000058   Code   RO         4562    i.prvInsertTimerInActiveList  timers.o
    0x08000a10   0x08000a10   0x0000001a   Code   RO         3974    i.prvIsQueueEmpty   queue.o
    0x08000a2a   0x08000a2a   0x0000001e   Code   RO         3975    i.prvIsQueueFull    queue.o
    0x08000a48   0x08000a48   0x0000005c   Code   RO         4563    i.prvProcessExpiredTimer  timers.o
    0x08000aa4   0x08000aa4   0x0000010c   Code   RO         4564    i.prvProcessReceivedCommands  timers.o
    0x08000bb0   0x08000bb0   0x00000074   Code   RO         4565    i.prvProcessTimerOrBlockTask  timers.o
    0x08000c24   0x08000c24   0x00000034   Code   RO         4295    i.prvResetNextTaskUnblockTime  tasks.o
    0x08000c58   0x08000c58   0x0000002c   Code   RO         4566    i.prvSampleTimeNow  timers.o
    0x08000c84   0x08000c84   0x00000088   Code   RO         4567    i.prvSwitchTimerLists  timers.o
    0x08000d0c   0x08000d0c   0x00000016   Code   RO         4748    i.prvTaskExitError  port.o
    0x08000d22   0x08000d22   0x0000001a   Code   RO         4568    i.prvTimerTask      timers.o
    0x08000d3c   0x08000d3c   0x0000007e   Code   RO         3976    i.prvUnlockQueue    queue.o
    0x08000dba   0x08000dba   0x00000002   PAD
    0x08000dbc   0x08000dbc   0x000000d0   Code   RO         4700    i.pvPortMalloc      heap_4.o
    0x08000e8c   0x08000e8c   0x00000024   Code   RO         4749    i.pxPortInitialiseStack  port.o
    0x08000eb0   0x08000eb0   0x00000028   Code   RO         3930    i.uxListRemove      list.o
    0x08000ed8   0x08000ed8   0x0000001a   Code   RO         3931    i.vListInitialise   list.o
    0x08000ef2   0x08000ef2   0x00000006   Code   RO         3932    i.vListInitialiseItem  list.o
    0x08000ef8   0x08000ef8   0x00000034   Code   RO         3933    i.vListInsert       list.o
    0x08000f2c   0x08000f2c   0x00000018   Code   RO         3934    i.vListInsertEnd    list.o
    0x08000f44   0x08000f44   0x00000024   Code   RO         4751    i.vPortEnterCritical  port.o
    0x08000f68   0x08000f68   0x00000020   Code   RO         4752    i.vPortExitCritical  port.o
    0x08000f88   0x08000f88   0x00000048   Code   RO         4701    i.vPortFree         heap_4.o
    0x08000fd0   0x08000fd0   0x00000018   Code   RO         4753    i.vPortSetupTimerInterrupt  port.o
    0x08000fe8   0x08000fe8   0x0000004a   Code   RO         3981    i.vQueueWaitForMessageRestricted  queue.o
    0x08001032   0x08001032   0x00000002   PAD
    0x08001034   0x08001034   0x00000034   Code   RO         4300    i.vTaskDelay        tasks.o
    0x08001068   0x08001068   0x00000018   Code   RO         4303    i.vTaskInternalSetTimeOutState  tasks.o
    0x08001080   0x08001080   0x0000000c   Code   RO         4304    i.vTaskMissedYield  tasks.o
    0x0800108c   0x0800108c   0x00000020   Code   RO         4306    i.vTaskPlaceOnEventList  tasks.o
    0x080010ac   0x080010ac   0x00000028   Code   RO         4307    i.vTaskPlaceOnEventListRestricted  tasks.o
    0x080010d4   0x080010d4   0x00000070   Code   RO         4312    i.vTaskStartScheduler  tasks.o
    0x08001144   0x08001144   0x00000010   Code   RO         4313    i.vTaskSuspendAll   tasks.o
    0x08001154   0x08001154   0x00000060   Code   RO         4314    i.vTaskSwitchContext  tasks.o
    0x080011b4   0x080011b4   0x00000024   Code   RO            5    i.vTskInit          main.o
    0x080011d8   0x080011d8   0x00000034   Code   RO         4754    i.xPortStartScheduler  port.o
    0x0800120c   0x0800120c   0x00000034   Code   RO         4755    i.xPortSysTickHandler  port.o
    0x08001240   0x08001240   0x0000003a   Code   RO         3984    i.xQueueGenericCreate  queue.o
    0x0800127a   0x0800127a   0x00000002   PAD
    0x0800127c   0x0800127c   0x00000080   Code   RO         3985    i.xQueueGenericReset  queue.o
    0x080012fc   0x080012fc   0x00000118   Code   RO         3986    i.xQueueGenericSend  queue.o
    0x08001414   0x08001414   0x00000086   Code   RO         3987    i.xQueueGenericSendFromISR  queue.o
    0x0800149a   0x0800149a   0x00000002   PAD
    0x0800149c   0x0800149c   0x00000104   Code   RO         3994    i.xQueueReceive     queue.o
    0x080015a0   0x080015a0   0x00000054   Code   RO         4315    i.xTaskCheckForTimeOut  tasks.o
    0x080015f4   0x080015f4   0x00000060   Code   RO         4316    i.xTaskCreate       tasks.o
    0x08001654   0x08001654   0x00000020   Code   RO         4320    i.xTaskGetSchedulerState  tasks.o
    0x08001674   0x08001674   0x0000000c   Code   RO         4321    i.xTaskGetTickCount  tasks.o
    0x08001680   0x08001680   0x0000011c   Code   RO         4323    i.xTaskIncrementTick  tasks.o
    0x0800179c   0x0800179c   0x00000084   Code   RO         4326    i.xTaskPriorityDisinherit  tasks.o
    0x08001820   0x08001820   0x00000080   Code   RO         4328    i.xTaskRemoveFromEventList  tasks.o
    0x080018a0   0x080018a0   0x000000e8   Code   RO         4329    i.xTaskResumeAll    tasks.o
    0x08001988   0x08001988   0x00000040   Code   RO         4573    i.xTimerCreateTimerTask  timers.o
    0x080019c8   0x080019c8   0x0000006c   Code   RO         4574    i.xTimerGenericCommand  timers.o
    0x08001a34   0x08001a34   0x00000020   Data   RO         4903    Region$$Table       anon$$obj.o


    Execution Region RW_IRAM1 (Exec base: 0x20000000, Load base: 0x08001a54, Size: 0x00004610, Max: 0x00008000, ABSOLUTE)

    Exec Addr    Load Addr    Size         Type   Attr      Idx    E Section Name        Object

    0x20000000   0x08001a54   0x00000004   Data   RW            6    .data               main.o
    0x20000004   0x08001a58   0x00000038   Data   RW         4331    .data               tasks.o
    0x2000003c   0x08001a90   0x00000014   Data   RW         4582    .data               timers.o
    0x20000050   0x08001aa4   0x00000018   Data   RW         4706    .data               heap_4.o
    0x20000068   0x08001abc   0x00000004   Data   RW         4756    .data               port.o
    0x2000006c        -       0x0000017c   Zero   RW         4330    .bss                tasks.o
    0x200001e8        -       0x00000028   Zero   RW         4581    .bss                timers.o
    0x20000210        -       0x00004000   Zero   RW         4705    .bss                heap_4.o
    0x20004210        -       0x00000400   Zero   RW          327    STACK               startup_at32f415cct7.o


==============================================================================

Image component sizes


      Code (inc. data)   RO Data    RW Data    ZI Data      Debug   Object Name

        28          0          0          0          0       2951   at32f4xx_it.o
       172         30          0          0          0       3800   at32f4xx_rcc.o
         0          0          0          0          0       9720   event_groups.o
       508         62          0         24      16384       4075   heap_4.o
       148          0          0          0          0       3278   list.o
        72          8          0          4          0     258087   main.o
       404         48          0          4          0       9652   port.o
      1322         14          0          0          0      13771   queue.o
        36          8        368          0       1024        896   startup_at32f415cct7.o
       440         44          0          0          0       1977   system_at32f4xx.o
      2014        320          0         56        380      26946   tasks.o
      1058        106          0         20         40      11627   timers.o

    ----------------------------------------------------------------------
      6216        640        400        108      17828     346780   Object Totals
         0          0         32          0          0          0   (incl. Generated)
        14          0          0          0          0          0   (incl. Padding)

    ----------------------------------------------------------------------

      Code (inc. data)   RO Data    RW Data    ZI Data      Debug   Library Member Name

         0          0          0          0          0          0   entry.o
         0          0          0          0          0          0   entry10a.o
         0          0          0          0          0          0   entry11a.o
         8          4          0          0          0          0   entry2.o
         4          0          0          0          0          0   entry5.o
         0          0          0          0          0          0   entry7b.o
         0          0          0          0          0          0   entry8b.o
         8          4          0          0          0          0   entry9a.o
        30          0          0          0          0          0   handlers.o
        36          8          0          0          0         68   init.o
        36          0          0          0          0         68   memcpya.o

    ----------------------------------------------------------------------
       124         16          0          0          0        136   Library Totals
         2          0          0          0          0          0   (incl. Padding)

    ----------------------------------------------------------------------

      Code (inc. data)   RO Data    RW Data    ZI Data      Debug   Library Name

       122         16          0          0          0        136   mc_w.l

    ----------------------------------------------------------------------
       124         16          0          0          0        136   Library Totals

    ----------------------------------------------------------------------

==============================================================================


      Code (inc. data)   RO Data    RW Data    ZI Data      Debug   

      6340        656        400        108      17828     343220   Grand Totals
      6340        656        400        108      17828     343220   ELF Image Totals
      6340        656        400        108          0          0   ROM Totals

==============================================================================

    Total RO  Size (Code + RO Data)                 6740 (   6.58kB)
    Total RW  Size (RW Data + ZI Data)             17936 (  17.52kB)
    Total ROM Size (Code + RO Data + RW Data)       6848 (   6.69kB)

==============================================================================

